03-26 17:48:35.447  5100  5100 D KeyguardEditModeAnimatorController: reset true
03-26 17:48:35.447  5100  5100 D KeyguardTouchAnimator: resetChildViewVI(): isUnlockExecuted=false scale=1.0
03-26 17:48:35.447  5100  5100 I PluginFaceWidgetManager: isEditMode = false
03-26 17:48:35.447  5100  5100 I NowBarItemManager: getVisibleList isScreenTurnedOn = true / aodShowState false shouldControlScreenOff false visibleList size = 1
03-26 17:48:35.447  5100  5100 I NowBarItemManager: visibleList idx=0, , AI_BRIEF_KEY, AI_BRIEF | 7
03-26 17:48:35.447  5100  5100 E LSO_LSOInterface: LSO Service is not yet ready!!!
03-26 17:48:35.447  5100  5100 D KeyguardUpdateMonitor: isUserUnlocked userId:0, unlocked:true
03-26 17:48:35.447  5100  5100 D KeyguardUpdateMonitor: isUserUnlocked userId:0, unlocked:true
03-26 17:48:35.448  5100  5100 D KeyguardSecBottomAreaViewController: updateCameraVisibility isCameraDisabled:false visible:true
03-26 17:48:35.448  5100  5100 D KeyguardUpdateMonitor: isUserUnlocked userId:0, unlocked:true
03-26 17:48:35.448  5100  5100 I ViewPositionControllerManager: unregisterListener: ChargingInfo
03-26 17:48:35.448  5100  5100 I ViewPositionControllerManager: removePositionController: component=ChargingInfo, policy=PortBottom, count=1
03-26 17:48:35.448  5100  5100 D KeyguardFace: shouldListenForFace ( isFaceDefaultCondition = true , isKeyguardVisible = true , isDeviceInteractive = true , mPrimaryBouncerFullyShown = false , isSwitchingUser = false , mIsDreamingForBiometrics = false , isGoingToSleep = false , isKeyguardGoingAway = false , mKeyguardUnlocking = false , isEarlyWakeUp = false , mIsScreenSaverRunning = false , mSystemReady = true , getUserUnlockedWithBiometric = false , isKeyguardShowing = true , isKeyguardOccluded = false , mHasFocus = true)
03-26 17:48:35.448  5100  5100 D KeyguardStatusBarViewController: Visibility changed! - mDozing=false, mFirstBypassAttempt=false, mKeyguardUpdateMonitor.shouldListenForFace()=true, mDelayShowingKeyguardStatusBar=false, mDisableStateTracker.isDisabled()=false, Flags.glanceableHubV2()=false, mCommunalShowing=false, mExplicitAlpha=-1.0, mHiddenByKnox=false, isLockStarStatusBarEnabled()=true
03-26 17:48:35.448  5100  5100 I FaceWidgetViewModel: onNioViewStateUpdated : alpha 1.0, visibility 0
03-26 17:48:35.448  5100  5100 D KeyguardStatusBarViewExt: v:0, a:1,00, com.android.systemui.statusbar.phone.KeyguardStatusBarViewController.updateViewState:34 com.android.systemui.shade.NotificationPanelViewController.setDozing:71 com.android.systemui.statusbar.phone.CentralSurfacesImpl.updateDozingState:104 com.android.systemui.statusbar.phone.CentralSurfacesImpl$17.onDozingChanged:85 com.android.systemui.statusbar.phone.DozeServiceHost.updateDozing:348
03-26 17:48:35.448  5100  5100 I PluginFaceWidgetManager: isEditMode = false
03-26 17:48:35.448  5100  5100 I NowBarItemManager: getVisibleList isScreenTurnedOn = true / aodShowState false shouldControlScreenOff false visibleList size = 1
03-26 17:48:35.448  5100  5100 I NowBarItemManager: visibleList idx=0, , AI_BRIEF_KEY, AI_BRIEF | 7
03-26 17:48:35.448  5100  5100 I NowBarCardViewModel: setVisibility visible = 0 / nowBarRootVisibility = 0
03-26 17:48:35.448  5100  5100 I FaceWidgetViewModel: onNioViewStateUpdated : alpha 0.0, visibility 0
03-26 17:48:35.448  5100  5100 D KeyguardStatusBarViewExt: v:0, a:0,00, com.android.systemui.shade.NotificationPanelViewController.updateDozingVisibilities:64 com.android.systemui.shade.NotificationPanelViewController.setDozing:95 com.android.systemui.statusbar.phone.CentralSurfacesImpl.updateDozingState:104 com.android.systemui.statusbar.phone.CentralSurfacesImpl$17.onDozingChanged:85 com.android.systemui.statusbar.phone.DozeServiceHost.updateDozing:348
03-26 17:48:35.448  5100  5100 D KeyguardStatusBarViewController: Alpha changed! - mExplicitAlpha=-1.0, getKeyguardContentsAlpha()=1.0, alphaQsExpansion=1.0, mKeyguardStatusBarAnimateAlpha=0.0, mKeyguardHeadsUpShowingAmount=0.0
03-26 17:48:35.448  5100  5100 D KeyguardFace: shouldListenForFace ( isFaceDefaultCondition = true , isKeyguardVisible = true , isDeviceInteractive = true , mPrimaryBouncerFullyShown = false , isSwitchingUser = false , mIsDreamingForBiometrics = false , isGoingToSleep = false , isKeyguardGoingAway = false , mKeyguardUnlocking = false , isEarlyWakeUp = false , mIsScreenSaverRunning = false , mSystemReady = true , getUserUnlockedWithBiometric = false , isKeyguardShowing = true , isKeyguardOccluded = false , mHasFocus = true)
03-26 17:48:35.448  5100  5100 D KeyguardStatusBarViewController: Visibility changed! - mDozing=false, mFirstBypassAttempt=false, mKeyguardUpdateMonitor.shouldListenForFace()=true, mDelayShowingKeyguardStatusBar=false, mDisableStateTracker.isDisabled()=false, Flags.glanceableHubV2()=false, mCommunalShowing=false, mExplicitAlpha=-1.0, mHiddenByKnox=false, isLockStarStatusBarEnabled()=true
03-26 17:48:35.448  5100  5100 I FaceWidgetViewModel: onNioViewStateUpdated : alpha 0.0, visibility 4
03-26 17:48:35.448  5100  5100 D KeyguardStatusBarViewExt: v:4, a:0,00, com.android.systemui.statusbar.phone.KeyguardStatusBarViewController.updateViewState:34 com.android.systemui.statusbar.phone.KeyguardStatusBarViewController$$ExternalSyntheticLambda8.onAnimationUpdate:19 androidx.core.animation.ValueAnimator.animateValue:44 androidx.core.animation.ValueAnimator.setCurrentFraction:52 androidx.core.animation.ValueAnimator.start:15
03-26 17:48:35.448  5100  5100 D ScrimController: updateLightReveal revealEffect=PowerButtonReveal(powerButtonY=997.0), opaque=true revealAmount=(0.0 -> 0.00999999) alpha=1.0 vis=0
03-26 17:48:35.448  2256  4121 E CamX    : [ERROR][SENSOR ] camxsensornode.cpp:1779 SensorThreadJobCallback() Sensor[5][SecurePreview_Sensor0_cam5] currConfigStatus:1
03-26 17:48:35.448  5100  5100 I DigitalVerticalClockView_LOCK_SCREEN_1@214: updateShadowStyle: shadow : [ShadowStyle: shadowRadius = 5.625, shadowDx = 0.0, shadowDy = 0.0, shadowColor = 1A000000]
03-26 17:48:35.448  5100  5100 I DigitalVerticalClockView_LOCK_SCREEN_1@214: updatePaletteItemTransition : paletteItem = SOLID color : FFC7CD8C, animation = false, dozeAmount = 0.998926
03-26 17:48:35.448  2256  4121 E CamX    : [ERROR][SENSOR ] camxsensor.cpp:10233 AcquireDevice() Sensor[5][SecurePreview_Sensor0_cam5] hCSL:0x440200 hDev:0x420101 devIdx:35 isAcquired:0 pipelineRefCount:0
03-26 17:48:35.449  5100  5100 I GWT:HostView: [aodservice] setAppWidgetColorFilter: color=c7cd8c showShadow=false callers=com.samsung.android.app.facewidget.complication.ComplicationWidgetBackgroundDecorator.updateWidgetColor:6 com.samsung.android.app.facewidget.complication.ComplicationGridUIController.updateClockColor$lambda$50:33 com.samsung.android.app.facewidget.complication.ComplicationGridUIController.k:0 aod.kq.invoke:31 com.samsung.android.app.facewidget.complication.ComplicationGridUIController.allComplicationHostViewForEach:73 com.samsung.android.app.facewidget.complication.ComplicationGridUIController.updateClockColor:8 com.samsung.android.app.facewidget.complication.ComplicationWidgetPluginController.updateWidgetColor:13 com.samsung.android.app.facewidget.complication.ComplicationWidgetPluginController.clockColorObserver$lambda$5:2 com.samsung.android.app.facewidget.complication.ComplicationWidgetPluginController.h:0 aod.Mq.onChanged:13 androidx.lifecycle.LiveData.b:29 androidx.lifecycle.LiveData.c:55 androidx.lifecycle.LiveData.l:14 com.samsung.android.app.facewidget.utils.KeyguardClockProvider.refreshClockDateColor:6 com.samsung.android.app.facewidget.pages.clock.FaceWidgetClockPage.setDarkAmount:27
03-26 17:48:35.449  5100  5100 I FaceWidgetKeyguardNIOController: clock dateColor changed #ffc7cd8c
03-26 17:48:35.449  5100  5100 I NotificationIconsOnlyContainer: updateIconColor() : FFC7CD8C,
03-26 17:48:35.449  5100  5100 I KeyguardClockProvider: getClockVisibility:0
03-26 17:48:35.449  2256 10966 I SS_3A   :  INFO:  AF: CreatePDLib: 2526: CreatePDLib
03-26 17:48:35.449  2256 10966 I SS_3A   :  INFO:  AF: CreatePDLib: 2539: CreatePDLib i 0 paramCount 4
03-26 17:48:35.449  5100  5100 D SGGLockStarManager: isClockAnimationEnable, result null
03-26 17:48:35.449  2256 10966 I SS_3A   :  INFO:  AF: CreatePDLib: 2547: CreatePDLib static create: overrideCameraOpen is 1
03-26 17:48:35.449  5100  5100 D SGGLockStarManager: isClockAnimationEnable, result null
03-26 17:48:35.449  2256 10966 I SS_3A   :  INFO:  AF: CreatePDLib: 2539: CreatePDLib i 1 paramCount 4
03-26 17:48:35.449  2256 10966 I SS_3A   :  INFO:  AF: CreatePDLib: 2539: CreatePDLib i 2 paramCount 4
03-26 17:48:35.449  5100  5100 D FaceWidgetClockPage: isNeedToTransition() true
03-26 17:48:35.449  2256 10966 I SS_3A   :  INFO:  AF: CreatePDLib: 2555: CreatePDLib af_camera_info 5
03-26 17:48:35.449  2256 10966 I SS_3A   :  INFO:  AF: CreatePDLib: 2539: CreatePDLib i 3 paramCount 4
03-26 17:48:35.449  2256 10966 I SS_3A   :  INFO:  AF: CreatePDLib: 2581: Lens Facing(currentCam) = 1
03-26 17:48:35.449  2256 10966 I SS_3A   :  INFO:  AF: CreatePDLib: 2599: driverSensorId = 12
03-26 17:48:35.449  5100  5100 I NowBarColorModel#159585104: notifyColorChanged isWhiteWallpaper false darkAmount 0.998926  darkMode false nowBarMode LOCKSCREEN dozing false
03-26 17:48:35.449  2256 10966 I SS_3A   :  INFO:  AF: TsCommonFillSensorIdMap: 26: Already filled, cameraId(5) driverSensorId(12)
03-26 17:48:35.449  5100  5100 W Settings: Setting accessibility_reduce_transparency has moved from android.provider.Settings.System to android.provider.Settings.Global, returning read-only value.
03-26 17:48:35.449  2256 10966 I SS_3A   :  INFO:  AF: PDAf_init: 1501: [PD_cpu]PDAf_init E PDData 0xb400007609c965a0
03-26 17:48:35.449  5100  5100 W Settings: Setting accessibility_reduce_transparency has moved from android.provider.Settings.System to android.provider.Settings.Global, returning read-only value.
03-26 17:48:35.449  5100  5100 W Settings: Setting accessibility_reduce_transparency has moved from android.provider.Settings.System to android.provider.Settings.Global, returning read-only value.
03-26 17:48:35.449  5100  5100 D WallpaperManager: semGetWallpaperColors: which = 2
03-26 17:48:35.449  5100  5100 D SemWallpaperColorsArea: SemWallpaperColorsArea [1080, 2340] which: 6 rotation: 0 has Base: false
03-26 17:48:35.449  5100  5100 D SemWallpaperColorsArea: SemWallpaperColorsArea which = 6, mDensity : 2.8125, 1080x2340,384x832,30,48, 6
03-26 17:48:35.449  5100  5100 I SemWallpaperColorsArea: Final area : Rect(67, 16 - 1012, 84)
03-26 17:48:35.449  5100  5100 I SemWallpaperColorsArea: Final area : Rect(112, 466 - 967, 756)
03-26 17:48:35.449  5100  5100 I SemWallpaperColorsArea: Final area : Rect(112, 1274 - 967, 1330)
03-26 17:48:35.449  5100  5100 I SemWallpaperColorsArea: Final area : Rect(112, 1358 - 967, 1828)
03-26 17:48:35.449  5100  5100 I SemWallpaperColorsArea: Final area : Rect(112, 2092 - 967, 2255)
03-26 17:48:35.449  5100  5100 I SemWallpaperColorsArea: Final area : Rect(0, 0 - 1080, 2340)
03-26 17:48:35.449  5100  5100 D View    : semSetBlurInfo, blurInfo : android.view.SemBlurInfo@400641f {BLUR_MODE_WINDOW, mBlurRadius = 300, mBackgroundBlurColor = -1509949440, mCornerRadiusTL = 241.875, mCornerRadiusTR = 241.875, mCornerRadiusBL = 241.875, mCornerRadiusBR = 241.875, mClipRectLeft = 0, mClipRectTop = 0, mClipRectRight = 2147483647, mClipRectBottom = 2147483647, mColorCurve = android.view.SemBlurInfo$ColorCurve@1a6436c {minX = 0.0, minY = 13.3, maxX = 255.0, maxY = 235.1, curveBias = -5.0, saturation = 0.35}}, androidx.cardview.widget.CardView{1a7c989 V.E...... ......ID 0,0-635,163 #7f0a22d4 app:id/nowbar_cardview_background}
03-26 17:48:35.449  5100  5100 I ComplicationWidgetHostViewContainer: refreshBlur, type : Lock , cachedPerset : CLOCK_WHITE_WALLPAPER_BRIGHT , darkAmount: 0.998926
03-26 17:48:35.449  5100  5100 D View    : semSetBlurInfo, blurInfo : android.view.SemBlurInfo@dddcd35 {BLUR_MODE_WINDOW, mBlurRadius = 110, mBackgroundBlurColor = 0, mCornerRadiusTL = 50.989212, mCornerRadiusTR = 50.989212, mCornerRadiusBL = 50.989212, mCornerRadiusBR = 50.989212, mClipRectLeft = 0, mClipRectTop = 0, mClipRectRight = 2147483647, mClipRectBottom = 2147483647, mColorCurve = android.view.SemBlurInfo$ColorCurve@7f4b5ca {minX = 0.0, minY = 9.80376, maxX = 255.0, maxY = 70.17732, curveBias = -15.0, saturation = 0.1}}, android.view.View{61960f V.ED..... ........ 20,21-365,172}
03-26 17:48:35.449  5100  5100 D MediaExpandStateObserver: onChanged MediaExpandStateModel(type=NONE, clockY=0.0, clockValidMaxScale=1.0, hasAnimation=true, isDozing=false, darkAmount=0.998926, isMediaOutput=false)
03-26 17:48:35.449  5100  5100 D MediaExpandStateObserver: animateClipContainer NONE NONE
03-26 17:48:35.449  5100  5100 I SecKeyguardClockPositionAlgorithm: prepareClockContainerHeightChanging:
03-26 17:48:35.449  5100  5100 I SecKeyguardClockPositionAlgorithm: setup() mStatusBarHeight = 85, mDarkAmount = 0.998926, mHeight = 2340, mFaceWidgetContainerHeight = 256, mCurrentClockType = 1
03-26 17:48:35.449  5100  5100 I SecKeyguardClockPositionAlgorithm: getMediaContainerHeight() height = 0 container Visibility = 8, isValid = false, mIsDozing = false, source = 0, target = 0
03-26 17:48:35.449  5100  5100 I PluginFaceWidgetManager: isEditMode = false
03-26 17:48:35.449  5100  5100 I NowBarItemManager: getVisibleList isScreenTurnedOn = true / aodShowState false shouldControlScreenOff false visibleList size = 1
03-26 17:48:35.449  5100  5100 I NowBarItemManager: visibleList idx=0, , AI_BRIEF_KEY, AI_BRIEF | 7
03-26 17:48:35.449  5100  5100 I AlwaysOnDisplayEx: onDozeAmountChanged linearAmount = 0.99 / amount = 0.998926 / mNeedAODClockTransition = false
03-26 17:48:35.449  5100  5100 D DozeServiceHost: updateDozing dozing = false / dozingRequested = false / state = KEYGUARD mode = 0
03-26 17:48:35.449  5100  5100 D ScrimController: State changed to KEYGUARD, blankScreen=false, animation=600
03-26 17:48:35.449  5100  5100 D LockscreenShadeTransitionController: onDozingChanged false
03-26 17:48:35.449  5100  5100 D KeyguardSecIndicationPolicy:  remove Item pos = DEFAULT, type =     LEGACY_TRANSIENT
03-26 17:48:35.450  5100  5100 D KeyguardSecIndicationController: addTrustAgentHelp false
03-26 17:48:35.450  5100  5100 D KeyguardSecIndicationPolicy:  remove Item pos = DEFAULT, type =     TRUST_AGENT_HELP
03-26 17:48:35.450  5100  5100 D KeyguardSecIndicationController: addUsbRestriction false/isSecure=true
03-26 17:48:35.450  5100  5100 D KeyguardSecIndicationPolicy:  remove Item pos = DEFAULT, type =      USB_RESTRICTION
03-26 17:48:35.450  5100  5100 D KeyguardSecIndicationController: addBatteryAndOwnerInfoIndication() battery status = BatteryStatus{status=2,level=35,plugged=2,chargingStatus=0,maxChargingWattage=-1,remaining=8017000ultraFastCharger=0}
03-26 17:48:35.450  5552  5616 I HoneySpace.TaskbarEventTracker: invokeEvent() called with: event = SystemUiStateChanged(stateFlags=1342177734)
03-26 17:48:35.450  5100  5100 D KeyguardSecIndicationPolicy:  add T Event pos = DEFAULT, type =              BATTERY, id =  6952, text =  35%
03-26 17:48:35.450  5100  5100 D KeyguardSecIndicationPolicy: 2 ч. 13 мин. до полной зарядки, duration = 3000
03-26 17:48:35.450  5100  5100 D KeyguardSecIndicationPolicy:   update top pos = DEFAULT, item = [id=6949|ty=BATTERY|pr=40|txt= 35%
03-26 17:48:35.450  5100  5100 D KeyguardSecIndicationPolicy: 2 ч. 13 мин. до полной зарядки|ti=duration=3000|an=false] -> [id=6952|ty=BATTERY|pr=40|txt= 35%
03-26 17:48:35.450  5100  5100 D KeyguardSecIndicationPolicy: 2 ч. 13 мин. до полной зарядки|ti=duration=3000|an=false]
03-26 17:48:35.450  5552 28469 I HoneySpace.SystemUiRepository: systemUiFlags: overview_disabled|home_disabled|navbar_hidden|notif_expanded|keygrd_visible|awake|notif_visible
03-26 17:48:35.450  5100  5100 D KeyguardSecBottomAreaViewController: updateIndicationPosition
03-26 17:48:35.450  5100  5100 D KeyguardSecIndicationPolicy: update Event pos = DEFAULT, type =      BATTERY_RESTING, id =  6953, text =  35%
03-26 17:48:35.450  5100  5100 D KeyguardSecIndicationPolicy: 2 ч. 13 мин. до полной зарядки
03-26 17:48:35.450  5100  5100 D SecLockIconViewController: updateVisibility
03-26 17:48:35.450  5100  5100 D SecLockIconViewController: updateVisibility : isLockScreen = true mShowLockIcon = true mShowUnlockIcon = false
03-26 17:48:35.450  2256 10966 I SS_3A   :  INFO:  AF: CreatePDLib: 2660: CreatePDLib X2
03-26 17:48:35.450  2256 10966 I SS_3A   :  INFO:  AF: PDLibDestroy: 1537: [PD_cpu]PDLibDestroy 0xb400007609c965a0
03-26 17:48:35.450  2256 10966 I SS_3A   :  INFO:  AF: PDLibDestroy: 1576: pCameraInfo->cameraid in AFDestroy 5
03-26 17:48:35.450  2256 10966 I SS_3A   :  INFO:  AF: PDLibDestroy: 1582: PDLibDestroyParamTypeNodeDisable 0
03-26 17:48:35.450  2256 10966 I SS_3A   :  INFO:  AF: PDLibDestroy: 1610: overrideCameraClose in overrideCameraClose 0, pPDAFSingleton(0xb400007609c965a0) referenceCount 0
03-26 17:48:35.450  2256 10966 I SS_3A   :  INFO:  AF: PDLibDestroy: 1614: StaticAF pPDAF in destroy is 0xb400007609c965a0
03-26 17:48:35.450  2256 10966 I SS_3A   :  INFO:  AF: PDAf_deinit: 1476: [PD_cpu]TsAf_wrap: 0xb40000753a219e10, E
03-26 17:48:35.450  2256 10966 I SS_3A   :
03-26 17:48:35.450  5100  5100 I CentralSurfaces: updateRevealEffect: wakingUp=true wakingUpFromPowerButton=false sleepingFromPowerButton=false wakingUpFromDoubleTap=false sleepingFromDoubleTap=false
03-26 17:48:35.450  5100  5100 D QuickPanelLog: NPVC | setTouchAndAnimationDisabled: true -> false
03-26 17:48:35.450  5100  5100 D QuickPanelLog:  - com.android.systemui.shade.NotificationPanelViewController.setTouchAndAnimationDisabled:30
03-26 17:48:35.450  5100  5100 D QuickPanelLog:  - com.android.systemui.statusbar.phone.CentralSurfacesImpl.updateNotificationPanelTouchState:91
03-26 17:48:35.450  5100  5100 D QuickPanelLog:  - com.android.systemui.statusbar.phone.CentralSurfacesImpl$9.startLockscreenTransitionFromAod:12
03-26 17:48:35.450  5100  5100 D QuickPanelLog:  - com.android.systemui.statusbar.phone.CentralSurfacesImpl$9$$ExternalSyntheticLambda0.run:8
03-26 17:48:35.450  5100  5100 D QuickPanelLog:  - com.android.systemui.shade.NotificationShadeWindowControllerImpl.batchApplyWindowLayoutParams:7
03-26 17:48:35.450  5100  5100 D QuickPanelLog:  - com.android.systemui.statusbar.phone.CentralSurfacesImpl$9.onFinishedWakingUp:18
03-26 17:48:35.450  5100  5100 D QuickPanelLog:  - com.android.systemui.keyguard.WakefulnessLifecycle$$ExternalSyntheticLambda0.accept:20
03-26 17:48:35.450  5100  5100 D QuickPanelLog:  - com.android.systemui.keyguard.SecLifecycle.dispatch:171
03-26 17:48:35.450  5100  5100 D QuickPanelLog:  - com.android.systemui.keyguard.KeyguardLifecyclesDispatcher$KeyguardLifecycleHandler.handleMessage:175
03-26 17:48:35.450  5100  5100 D QuickPanelLog:  - android.os.Handler.dispatchMessage:110
03-26 17:48:35.450  2256 10966 I SS_3A   :  INFO:  AF: CreatePDLib: 2526: CreatePDLib
03-26 17:48:35.450  2256 10966 I SS_3A   :  INFO:  AF: CreatePDLib: 2539: CreatePDLib i 0 paramCount 4
03-26 17:48:35.450  2256 10966 I SS_3A   :  INFO:  AF: CreatePDLib: 2547: CreatePDLib static create: overrideCameraOpen is 1
03-26 17:48:35.450  2256 10966 I SS_3A   :  INFO:  AF: CreatePDLib: 2539: CreatePDLib i 1 paramCount 4
03-26 17:48:35.450  2256 10966 I SS_3A   :  INFO:  AF: CreatePDLib: 2539: CreatePDLib i 2 paramCount 4
03-26 17:48:35.450  2256 10966 I SS_3A   :  INFO:  AF: CreatePDLib: 2555: CreatePDLib af_camera_info 5
03-26 17:48:35.450  2256 10966 I SS_3A   :  INFO:  AF: CreatePDLib: 2539: CreatePDLib i 3 paramCount 4
03-26 17:48:35.450  2256 10966 I SS_3A   :  INFO:  AF: CreatePDLib: 2581: Lens Facing(currentCam) = 1
03-26 17:48:35.450  2256 10966 I SS_3A   :  INFO:  AF: CreatePDLib: 2599: driverSensorId = 12
03-26 17:48:35.450  2256 10966 I SS_3A   :  INFO:  AF: TsCommonFillSensorIdMap: 26: Already filled, cameraId(5) driverSensorId(12)
03-26 17:48:35.450  2256 10966 I SS_3A   :  INFO:  AF: PDAf_init: 1501: [PD_cpu]PDAf_init E PDData 0xb400007609c965a0
03-26 17:48:35.451  5100  5100 E LSO_LSOInterface: LSO Service is not yet ready!!!
03-26 17:48:35.451  5100  5100 D KeyguardPunchHoleVIView: onFinishedWakingUp
03-26 17:48:35.451  5100  5100 D KeyguardPunchHoleVIView: startVI()
03-26 17:48:35.451  5100  5100 D KeyguardPunchHoleVIView_Bouncer: onFinishedWakingUp
03-26 17:48:35.451  5100  5100 D KeyguardPunchHoleVIView_Bouncer: startVI()
03-26 17:48:35.451  5100  5100 D View    : semSetBlurInfo, blurInfo : android.view.SemBlurInfo@f775f9c {BLUR_MODE_WINDOW, mBlurRadius = 300, mBackgroundBlurColor = 0, mCornerRadiusTL = 59.5, mCornerRadiusTR = 59.5, mCornerRadiusBL = 59.5, mCornerRadiusBR = 59.5, mClipRectLeft = 0, mClipRectTop = 0, mClipRectRight = 2147483647, mClipRectBottom = 2147483647, mColorCurve = android.view.SemBlurInfo$ColorCurve@39d6da5 {minX = 0.0, minY = 13.3, maxX = 255.0, maxY = 235.1, curveBias = -15.0, saturation = 0.1}}, com.android.systemui.statusbar.KeyguardSecAffordanceView{cbe1114 V.ED..... ......ID 0,0-119,119 #7f0a0cad app:id/start_button}
03-26 17:48:35.451  5100  5100 D View    : semSetBlurInfo, blurInfo : android.view.SemBlurInfo@fcd512b {BLUR_MODE_WINDOW, mBlurRadius = 300, mBackgroundBlurColor = 0, mCornerRadiusTL = 59.5, mCornerRadiusTR = 59.5, mCornerRadiusBL = 59.5, mCornerRadiusBR = 59.5, mClipRectLeft = 0, mClipRectTop = 0, mClipRectRight = 2147483647, mClipRectBottom = 2147483647, mColorCurve = android.view.SemBlurInfo$ColorCurve@b68d988 {minX = 0.0, minY = 13.3, maxX = 255.0, maxY = 235.1, curveBias = -15.0, saturation = 0.1}}, com.android.systemui.statusbar.KeyguardSecAffordanceView{2fbca81 V.ED..... ......ID 0,0-119,119 #7f0a0469 app:id/end_button}
03-26 17:48:35.451  5100  5100 D DozeService: onDreamingStopped:
03-26 17:48:35.451  5100  5100 I DozeMachine: transition: old=DOZE_AOD req=FINISH new=FINISH
03-26 17:48:35.451  5100  5100 D PluginAODManager: enableTouch : true FaceWidgetContainerWrapper = com.android.systemui.facewidget.plugin.FaceWidgetContainerWrapper@b40cd40
03-26 17:48:35.451  5100  5100 D PluginAODManager: updateRefreshRate: release token in Screen ON
03-26 17:48:35.451  5100  5100 I PluginAODManager: updateRefreshRate: acquire=false called=com.android.systemui.doze.DozeScreenState.transitionTo:111 com.android.systemui.doze.DozeMachine.transitionTo:612
03-26 17:48:35.452  5100  5100 D DozeService: stopAlwaysOnDisplay: mAODPlugin=com.samsung.android.app.aodservice.plugin.PluginAODImpl@b442e28
03-26 17:48:35.452  5100  5100 D PluginAODManager: removeUpdateMonitor mWakefulness=2
03-26 17:48:35.452  5100  5100 D PluginAODManager: removeNotiCollectionListener:
03-26 17:48:35.452  5100  5100 I PluginAODImpl: onDreamingStopped()
03-26 17:48:35.452  5100  5100 I AlwaysOnDisplayEx: !@AlwaysOnDisplayEx: onDestroy hashCode=194338169
03-26 17:48:35.452  2256 10966 I SS_3A   :  INFO:  AF: CreatePDLib: 2660: CreatePDLib X2
03-26 17:48:35.452  5100  5100 I AODUiTimer: removeAODTimeTickTimerListener
03-26 17:48:35.452  5100  5100 W AODAlarmTimer_AOD_CHARGING_INFO_TICK: stop : not yet started
03-26 17:48:35.452  5100  5100 I AODStateMachine: request : (CHARGING) --> (IDLE) : canTransition (true)
03-26 17:48:35.452  5100  5100 I AODCommonUtils: isSupportLiveClockImageProcessing liveClockVersion = -1
03-26 17:48:35.452  5100 10959 I AlwaysOnDisplayEx: clearAODTspRect
03-26 17:48:35.452  2256 10966 E CamX    : [ERROR][ISP    ] camxmctfenode.cpp:5426 ConfigureInputResolution() SecurePreview_MCTFE0_cam5: IPP Input Resolution WxH = [4000 x 3000], RDI Resolution WxH = [4000 x 3000]binningFactor 1, CSIDBinning Enabled 0, bIsXCFANonRemosaicData: 0 SensorMode Index 13,isQPDMode:0
03-26 17:48:35.452  2256 10966 E CamX    : [ERROR][ISP    ] camxmctfenode.cpp:4195 PostUsecaseMetadata() SecurePreview_MCTFE0_cam5: IPP Resolution WxH = [4000 x 3000], RDI Resolution WxH = [4000 x 3000] SensorMode Index 13
03-26 17:48:35.452  3205  5224 D SemInputDeviceManager: setProperty: (100) CMD,AOD_RECT,0,0,0,0
03-26 17:48:35.452  3205  5224 I SemInputCommandService: setPropertyAllTouch: AOD_RECT,0,0,0,0 retDefault=1 retExtra=-2
03-26 17:48:35.452  2256 10970 E CamX    : [ERROR][CORE   ] camxnodecore.h:4996 IsVSREnabled() SecurePreview_OFE0_cam5 Failed to read VSR enable metaTag
03-26 17:48:35.452  2256 11076 E CamX    : [ERROR][CHI    ] camxchicontext.cpp:5621 SetPipelineDescriptorOptions() [FmtNego] SecurePreview: Node 65538_0 Output Port::[8] Can't convert buffer format 4
03-26 17:48:35.452  2256 10972 I vendor.samsung.hardware.camera.provider-service_64: vendor/qcom/proprietary/adsprpc/src/fastrpc_pm.c:170: fastrpc_wake_lock_init done for vendor.samsung.hardware.:2256
03-26 17:48:35.452  2256 10972 I vendor.samsung.hardware.camera.provider-service_64: vendor/qcom/proprietary/adsprpc/src/fastrpc_apps_user.c:2385: update_kernel_wakelock_status: updated kernel wakelock control status to 1 for domain 0
03-26 17:48:35.452  2256 10972 I vendor.samsung.hardware.camera.provider-service_64: vendor/qcom/proprietary/adsprpc/src/fastrpc_apps_user.c:2410: wakelock_control: enabled wakelock control for domain 0
03-26 17:48:35.453  2258  2292 I sysinput:aidl: onReportInformation:93, 1, cmd@fod_enable,1,1,0,0:0
03-26 17:48:35.453  2258  2292 I sysinput:Touch1: operator():241, OK
03-26 17:48:35.453  3205  4920 D SysinputHAL_AIDL: setProperty(TSP(1)): CMD, fod_enable,1,1,0,0 ret=0
03-26 17:48:35.453  3205  4920 D SemInputDevice:TSP: ActivateTask: 2,1 [03-26 17:48:35.398]
03-26 17:48:35.455  5100  5100 I AODCommonUtils: isSupportLiveClockImagePrecessing : live clock NOT work - old device
03-26 17:48:35.455  5100  5100 I AODCommonUtils: isSupportLiveClock: false
03-26 17:48:35.455  5100  5100 I AlwaysOnDisplayEx: clearLiveClock do not support liveclock
03-26 17:48:35.455  5100  5100 I DozeMachine: transition: old=FINISH req=DOZE new=FINISH
03-26 17:48:35.455  5100  5100 I MODManager: clearMODIfNeeded: finish MOD
03-26 17:48:35.455  5100  5100 I AOD_CONFIG@AODConfigurationController: [transitionTo] CHARGING >> IDLE
03-26 17:48:35.455  5100  5100 E AOD_CONFIG@AODConfigurationController: Skipping unregisterMonitor MONITOR_SEMCONTEXT - no registered monitor
03-26 17:48:35.455  5100  5100 E AOD_CONFIG@AODConfigurationController: Skipping unregisterMonitor MONITOR_BROADCAST_PSM - no registered monitor
03-26 17:48:35.455  5100  5100 E AOD_CONFIG@AODConfigurationController: Skipping unregisterMonitor MONITOR_BROADCAST_WALLPAPER - no registered monitor
03-26 17:48:35.455  5100  5100 E AOD_CONFIG@AODConfigurationController: Skipping unregisterMonitor MONITOR_FOLD_STATE - no registered monitor
03-26 17:48:35.455  5100  5100 E AOD_CONFIG@AODConfigurationController: Skipping unregisterMonitor MONITOR_BROADCAST_ROAMING - no registered monitor
03-26 17:48:35.455  5100  5100 E AOD_CONFIG@AODConfigurationController: Skipping unregisterMonitor MONITOR_WEATHER_INFO_ENABLED - no registered monitor
03-26 17:48:35.455  5100  5100 E AOD_CONFIG@AODConfigurationController: Skipping unregisterMonitor MONITOR_BROADCAST_OMC - no registered monitor
03-26 17:48:35.455  5100  5100 I AODUiController: removeBottomUI:
03-26 17:48:35.455  5100  5100 W AODAlarmTimer_AOD_CHARGING_INFO_TICK: stop : not yet started
03-26 17:48:35.455  5100  5100 I AODBatteryManager: updateBatteryData: ACTION_BATTERY_CHANGED: true, isSleepModeChanged:false ,isRemainingTimeChanged: false, isUSBRestriction: false
03-26 17:48:35.455  5100  5100 I AODBatteryManager: saveBatteryData : AOD BatteryData [mBatteryLevel=35, mBatteryStatus=CHARGING, mBatteryPlugType=USB, mBatteryPlugged=true, mRemainingChargeTime=8017000, mBatteryChargingType=1, mBatteryChargerType=NORMAL, mBatteryOnline=USB, mBatterySwellingMode=NONE, mBatteryProtectMode=false, mBatteryProtectModeType=3, mSleepChargingEvent=null, mSleepChargingEventFinishTime=null, mBatteryHealth=2, mIsDirectPowerMode=false, mIsUsbRestriction=false]
03-26 17:48:35.455  5100  5100 I ChargingInfoManager: updateChargingInfo: newState = AOD ChargingInfo [mState=BATTERY_AND_REMAIN_TIME, mIsCharging=true, mIsPlugged=true, mIsFullyCharged=false, mIsBatteryProtectMode=false, mBetteryLevel=35, mBetteryProtectModeType3, mIsSlowChargingfalse], oldState = AOD ChargingInfo [mState=BATTERY_AND_REMAIN_TIME, mIsCharging=true, mIsPlugged=true, mIsFullyCharged=false, mIsBatteryProtectMode=false, mBetteryLevel=35, mBetteryProtectModeType3, mIsSlowChargingfalse]
03-26 17:48:35.455  5100  5100 I CommonUtils: isOnlyEmergencyMode: false/false
03-26 17:48:35.456  5100  5100 I AODUiController: IDLE break by interactive
03-26 17:48:35.456  5100  5100 I MODManager: unregister
03-26 17:48:35.456  5100  6609 I AODPreventBurnInMonitor: stopAlarm = false
03-26 17:48:35.456  5100  5100 I AOD_BRIGHTNESS@BrightnessManager: releaseForceState: EDGE LIGHTING
03-26 17:48:35.456  3205  5224 D AODManagerService: unregisterAODDozeCallbackInternal
03-26 17:48:35.456  5100  5100 I MODManager: unregisterFingerprintListener called
03-26 17:48:35.456  5100  5100 E MODManager: hideSubUIChargingInfo skip because mAODChargingInfoSubUiPresenter is null
03-26 17:48:35.456  5100  6609 D ScoverManager: unregisterListener
03-26 17:48:35.456  5100  5100 E SQLiteLog: (10) POSIX Error : 11 SQLite Error : 3850
03-26 17:48:35.456  5100  5100 E SQLiteLog: (10) LOCK : Getting lock (4) failed due to (11). The current owner is (8238).
03-26 17:48:35.456  2256 10972 I 3A_PLTFM: MetaStoreManager: init: 65: AF: Already initialized, returning 0x753bbb7fe0
03-26 17:48:35.456  2256 10972 I SS_3A   :  INFO:  AF: AFAlgoSetNodeInterface: 1046: AF vendorTagBase 0x80770000
03-26 17:48:35.456  2256 10972 I SS_3A   :  INFO:  AF: AFAlgoSetNodeInterface: 1054: AWB vendorTagBase 0x80780000
03-26 17:48:35.456  2256 10972 I SS_3A   :  INFO:  AF: AFAlgoSetNodeInterface: 1062: AEC vendorTagBase 0x80760000
03-26 17:48:35.456  2256 10972 I SS_3A   :  INFO:  AF: AFAlgoSetNodeInterface: 1070: PDAF vendorTagBase 0x807f0000
03-26 17:48:35.456  2256 10972 I SS_3A   :  INFO:  AF: PDLibDestroy: 1537: [PD_cpu]PDLibDestroy 0xb400007609c965a0
03-26 17:48:35.456  2256 10972 I SS_3A   :  INFO:  AF: PDLibDestroy: 1576: pCameraInfo->cameraid in AFDestroy 5
03-26 17:48:35.456  2256 10972 I SS_3A   :  INFO:  AF: PDLibDestroy: 1582: PDLibDestroyParamTypeNodeDisable 0
03-26 17:48:35.456  2256 10972 I SS_3A   :  INFO:  AF: PDLibDestroy: 1610: overrideCameraClose in overrideCameraClose 0, pPDAFSingleton(0xb400007609c965a0) referenceCount 0
03-26 17:48:35.456  2256 10972 I SS_3A   :  INFO:  AF: PDLibDestroy: 1614: StaticAF pPDAF in destroy is 0xb400007609c965a0
03-26 17:48:35.456  2256 10972 I SS_3A   :  INFO:  AF: PDAf_deinit: 1476: [PD_cpu]TsAf_wrap: 0xb40000753a219e10, E
03-26 17:48:35.456  2256 10972 I SS_3A   :
03-26 17:48:35.457  2256 10972 I SS_3A   :  INFO:  AF: CreatePDLib: 2526: CreatePDLib
03-26 17:48:35.457  2256 10972 I SS_3A   :  INFO:  AF: CreatePDLib: 2539: CreatePDLib i 0 paramCount 4
03-26 17:48:35.457  2256 10972 I SS_3A   :  INFO:  AF: CreatePDLib: 2547: CreatePDLib static create: overrideCameraOpen is 1
03-26 17:48:35.457  2256 10972 I SS_3A   :  INFO:  AF: CreatePDLib: 2539: CreatePDLib i 1 paramCount 4
03-26 17:48:35.457  2256 10972 I SS_3A   :  INFO:  AF: CreatePDLib: 2539: CreatePDLib i 2 paramCount 4
03-26 17:48:35.457  2256 10972 I SS_3A   :  INFO:  AF: CreatePDLib: 2555: CreatePDLib af_camera_info 5
03-26 17:48:35.457  2256 10972 I SS_3A   :  INFO:  AF: CreatePDLib: 2539: CreatePDLib i 3 paramCount 4
03-26 17:48:35.457  2256 10972 I SS_3A   :  INFO:  AF: CreatePDLib: 2581: Lens Facing(currentCam) = 1
03-26 17:48:35.457  2256 10972 I SS_3A   :  INFO:  AF: CreatePDLib: 2599: driverSensorId = 12
03-26 17:48:35.457  2256 10972 I SS_3A   :  INFO:  AF: TsCommonFillSensorIdMap: 26: Already filled, cameraId(5) driverSensorId(12)
03-26 17:48:35.457  2256 10972 I SS_3A   :  INFO:  AF: PDAf_init: 1501: [PD_cpu]PDAf_init E PDData 0xb400007609c965a0
03-26 17:48:35.457  5100  5100 I ChargingInfoManager: removeMessages:
03-26 17:48:35.457  5100  5100 W AODAlarmTimer_HIDE_CHARGING_INFO_TIMER: stop : not yet started
03-26 17:48:35.457  5100  5100 I AODCommonUtils: setLowFrequencyDrivenMode mode: client=aod scope=normal scalability=0 node=/sys/class/lcd/panel/vrr_lfd
03-26 17:48:35.457  2256 10972 I SS_3A   :  INFO:  AF: CreatePDLib: 2660: CreatePDLib X2
03-26 17:48:35.457  2256 10972 I SS_3A   :  INFO:  AF: PDLibDestroy: 1537: [PD_cpu]PDLibDestroy 0xb400007609c965a0
03-26 17:48:35.457  2256 10972 I SS_3A   :  INFO:  AF: PDLibDestroy: 1576: pCameraInfo->cameraid in AFDestroy 5
03-26 17:48:35.457  2256 10972 I SS_3A   :  INFO:  AF: PDLibDestroy: 1582: PDLibDestroyParamTypeNodeDisable 0
03-26 17:48:35.457  2256 10972 I SS_3A   :  INFO:  AF: PDLibDestroy: 1610: overrideCameraClose in overrideCameraClose 0, pPDAFSingleton(0xb400007609c965a0) referenceCount 0
03-26 17:48:35.457  2256 10972 I SS_3A   :  INFO:  AF: PDLibDestroy: 1614: StaticAF pPDAF in destroy is 0xb400007609c965a0
03-26 17:48:35.457  2256 10972 I SS_3A   :  INFO:  AF: PDAf_deinit: 1476: [PD_cpu]TsAf_wrap: 0xb40000753a219e10, E
03-26 17:48:35.457  2256 10972 I SS_3A   :
03-26 17:48:35.457  2256 10972 I SS_3A   :  INFO:  AF: CreatePDLib: 2526: CreatePDLib
03-26 17:48:35.457  2256 10972 I SS_3A   :  INFO:  AF: CreatePDLib: 2539: CreatePDLib i 0 paramCount 4
03-26 17:48:35.457  2256 10972 I SS_3A   :  INFO:  AF: CreatePDLib: 2547: CreatePDLib static create: overrideCameraOpen is 1
03-26 17:48:35.457  2256 10972 I SS_3A   :  INFO:  AF: CreatePDLib: 2539: CreatePDLib i 1 paramCount 4
03-26 17:48:35.457  2256 10972 I SS_3A   :  INFO:  AF: CreatePDLib: 2539: CreatePDLib i 2 paramCount 4
03-26 17:48:35.457  2256 10972 I SS_3A   :  INFO:  AF: CreatePDLib: 2555: CreatePDLib af_camera_info 5
03-26 17:48:35.457  2256 10972 I SS_3A   :  INFO:  AF: CreatePDLib: 2539: CreatePDLib i 3 paramCount 4
03-26 17:48:35.457  2256 10972 I SS_3A   :  INFO:  AF: CreatePDLib: 2581: Lens Facing(currentCam) = 1
03-26 17:48:35.457  2256 10972 I SS_3A   :  INFO:  AF: CreatePDLib: 2599: driverSensorId = 12
03-26 17:48:35.457  2256 10972 I SS_3A   :  INFO:  AF: TsCommonFillSensorIdMap: 26: Already filled, cameraId(5) driverSensorId(12)
03-26 17:48:35.457  2256 10972 I SS_3A   :  INFO:  AF: PDAf_init: 1501: [PD_cpu]PDAf_init E PDData 0xb400007609c965a0
03-26 17:48:35.457  5100  5100 D SecBrightnessController: updateSlider() - BrightnessDialog resetTimer()
03-26 17:48:35.457  5100  5100 D SecBrightnessController: updateSlider() - BrightnessDialog resetTimer()
03-26 17:48:35.457  5100  5100 D PluginActionManager: stopListening
03-26 17:48:35.458  5100  5100 D KeyguardUpdateMonitor: handleDreamingStateChanged() dreaming : true -> false
03-26 17:48:35.458  5100  5100 D KeyguardFingerprint: updateFingerprintListeningState#mFingerprintRunningState=0 shouldListenForFingerprint=false isUdfpsEnrolled=false bioType : 256
03-26 17:48:35.458  5100  5100 D KeyguardFace: shouldListenForFace ( isFaceDefaultCondition = true , isKeyguardVisible = true , isDeviceInteractive = true , mPrimaryBouncerFullyShown = false , isSwitchingUser = false , mIsDreamingForBiometrics = false , isGoingToSleep = false , isKeyguardGoingAway = false , mKeyguardUnlocking = false , isEarlyWakeUp = false , mIsScreenSaverRunning = false , mSystemReady = true , getUserUnlockedWithBiometric = false , isKeyguardShowing = true , isKeyguardOccluded = false , mHasFocus = true)
03-26 17:48:35.458  5100  5100 D KeyguardFace: Can't start startListeningForFace(), mFaceRunningState = 1
03-26 17:48:35.458  5100  5100 D SecBrightnessController: updateSlider() - BrightnessDialog resetTimer()
03-26 17:48:35.458  5100  5100 D SecBrightnessController: updateSlider() - BrightnessDialog resetTimer()
03-26 17:48:35.458  2256 10972 I SS_3A   :  INFO:  AF: CreatePDLib: 2660: CreatePDLib X2
03-26 17:48:35.458  2256 10972 I 3A_PLTFM: SolutionInterfaceAF_funcs: getAfParamsOnCreate: 161: chiSessionHandle 0xb4000075d16b9058
03-26 17:48:35.458  2256 10972 I 3A_PLTFM: SolutionInterfaceAF_funcs: getAfParamsOnCreate: 174: StaticAF algo create: overrideCameraOpen is 32
03-26 17:48:35.458  2256 10972 I 3A_PLTFM: SolutionInterfaceAF_funcs: getAfParamsOnCreate: 152: cameraId 5
03-26 17:48:35.458  2256 10972 I 3A_PLTFM: SolutionInterfaceAF_funcs: getAfParamsOnCreate: 181: StaticAF algo create: Skipfactor is 1
03-26 17:48:35.458  2256 10972 I 3A_PLTFM: SolutionInterfaceAF_funcs: getMetadataOnCreateAF: 222: driverSensorId: 12
03-26 17:48:35.458  2256 10972 I 3A_PLTFM: SolutionInterfaceAF_funcs: getMetadataOnCreateAF: 230: isFactoryCamera: 0
03-26 17:48:35.458  2256 10972 I 3A_PLTFM: SolutionInterfaceAF_funcs: getMetadataOnCreateAF: 236: isSamsungCamera: 0
03-26 17:48:35.458  2256 10972 I 3A_PLTFM: SolutionInterfaceAF_funcs: getMetadataOnCreateAF: 243: isRangeSensorMode: 0
03-26 17:48:35.458  2256 10972 I 3A_PLTFM: SolutionInterfaceAF_funcs: getMetadataOnCreateAF: 249: isSuperSteadyMode: 0
03-26 17:48:35.458  2256 10972 I 3A_PLTFM: SolutionInterfaceAF_funcs: getMetadataOnCreateAF: 255: recordingHint: 0
03-26 17:48:35.458  2256 10972 I 3A_PLTFM: SolutionInterfaceAF_funcs: getMetadataOnCreateAF: 261: shotMode: 22
03-26 17:48:35.458  5100  5100 D SecKeyguardStatusViewObserver: onChanged() FaceWidgetContainerLiveData{mIsContainerVisible=true, mClipLayoutVisibility=0, mRotation=0, mIsDashBoardVIRunning=false, mIsAdditionalInfoVisible=0, mAdditionalInfoGravity=1, mClockSideStartPadding=0, mClockSideEndPadding=0, mMusicSideStartPadding=30, mMusicSideEndPadding=30, mInfoSideStartPadding=0, mInfoSideEndPadding=0, mClipLayoutWidth = -1, mAdditionalInfoRemoteView=null, mIsAdditionalViewGoingToSleep=false, mConfig=CustomConfiguration{fontScale=1.0, screenLayout=268435810, orientation=1, screenWidthDp=384, screenHeightDp=832, smallestScreenWidthDp=384, densityDpi=450, uiMode=33, isRTL=false, mConfiguration={1.0 250mcc20mnc [ru_RU] ldltr sw384dp w384dp h832dp 450dpi nrml long hdr widecg port night finger -keyb/v/h -nav/h winConfig={ mBounds=Rect(0, 0 - 1080, 2340) mAppBounds=Rect(0, 0 - 1080, 2340) mMaxBounds=Rect(0, 0 - 1080, 2340) mDisplayRotation=ROTATION_0 mWindowingMode=fullscreen mActivityType=undefined mAlwaysOnTop=undefined mRotation=ROTATION_0 mStageConfig=undefined mEmbedActivityMode=undefined mPopOver=undefined mOverlappingWithCutout=false} s.12640 fontWeightAdjustment=0 ff=0 bf=-1 bts=0 cst=1.0 nightDim=0 themeSeq=0}}}
03-26 17:48:35.458  5100  5100 D FaceWidgetPagesController: onGravityChanged()
03-26 17:48:35.458  5100  5100 I StretchMeasureDataCalculator: setGravity: 49, isStart=false, isEnd=false, isCenterHorizontal=true
03-26 17:48:35.458  5100  5100 D FaceWidgetClockPage: setClockGravity() gravity = 49
03-26 17:48:35.458  5100  5100 D FaceWidgetClockPage: updateClockPadding
03-26 17:48:35.458  5100  5100 I SecKeyguardClockPositionAlgorithm: prepareClockContainerHeightChanging:
03-26 17:48:35.458  5100  5100 I PluginFaceWidgetManager: isEditMode = false
03-26 17:48:35.458  5100  5100 I NowBarItemManager: getVisibleList isScreenTurnedOn = true / aodShowState false shouldControlScreenOff false visibleList size = 1
03-26 17:48:35.458  5100  5100 I NowBarItemManager: visibleList idx=0, , AI_BRIEF_KEY, AI_BRIEF | 7
03-26 17:48:35.459  5100  5100 I BLASTBufferQueue_Java: update, w= 1080 h= 2340 mName = VRI[NotificationShade]@8cde695 mNativeObject= 0xb4000077833a8400 sc.mNativeObject= 0xb4000078e2e74dd0 format= -3 caller= android.view.ViewRootImpl.updateBlastSurfaceIfNeeded:3574 android.view.ViewRootImpl.relayoutWindow:11685 android.view.ViewRootImpl.performTraversals:4804 android.view.ViewRootImpl.doTraversal:3924 android.view.ViewRootImpl$TraversalRunnable.run:12903 android.view.Choreographer$CallbackRecord.run:1901
03-26 17:48:35.459  3205  7778 I WindowManager: Relayout Window{9f049bb u0 NotificationShade}: viewVisibility=0 req=1080x2340 ty=2040 d0
03-26 17:48:35.459  5100  5100 I VRI[NotificationShade]@8cde695: Relayout returned: old=(0,0,1080,2340) new=(0,0,1080,2340) relayoutAsync=true req=(1080,2340)0 dur=0 res=0x0 s={true 0xb4000077f312cec0} ch=false seqId=83
03-26 17:48:35.460  3205  7778 I WindowManager: Relayout hash=9f049bb, pid=0, syncId=-1: mAttrs={(0,0)(fillxfill) gr=TOP CENTER_VERTICAL sim={adjust=pan} layoutInDisplayCutoutMode=always ty=NOTIFICATION_SHADE fmt=TRANSLUCENT or=SCREEN_ORIENTATION_NOSENSOR if=INPUT_FEATURE_DISABLE_USER_ACTIVITY userActivityTimeout=6000
03-26 17:48:35.460  3205  7778 I WindowManager:   fl=81160040
03-26 17:48:35.460  3205  7778 I WindowManager:   pfl=10000200
03-26 17:48:35.460  3205  7778 I WindowManager:   bhv=2
03-26 17:48:35.460  3205  7778 I WindowManager:   frameRateBoostOnTouch=true
03-26 17:48:35.460  3205  7778 I WindowManager:   dvrrWindowFrameRateHint=true screenDimDuration=0 naviIconColor=0
03-26 17:48:35.460  3205  7778 I WindowManager:   sfl=40000}
03-26 17:48:35.460  5100  5100 I SecKeyguardClockPositionAlgorithm: prepareClockContainerHeightChanging:
03-26 17:48:35.460  5100  5100 I PluginFaceWidgetManager: isEditMode = false
03-26 17:48:35.460  5100  5100 I NowBarItemManager: getVisibleList isScreenTurnedOn = true / aodShowState false shouldControlScreenOff false visibleList size = 1
03-26 17:48:35.460  5100  5100 I NowBarItemManager: visibleList idx=0, , AI_BRIEF_KEY, AI_BRIEF | 7
03-26 17:48:35.460  5100  5100 I SecKeyguardClockPositionAlgorithm: prepareClockContainerHeightChanging:
03-26 17:48:35.460  5100  5100 I PluginFaceWidgetManager: isEditMode = false
03-26 17:48:35.460  5100  5100 I NowBarItemManager: getVisibleList isScreenTurnedOn = true / aodShowState false shouldControlScreenOff false visibleList size = 1
03-26 17:48:35.460  5100  5100 I NowBarItemManager: visibleList idx=0, , AI_BRIEF_KEY, AI_BRIEF | 7
03-26 17:48:35.460  5100  5100 W RefactorFlag: New code path expects SceneContainerFlag to be enabled.
03-26 17:48:35.460  2256 10972 I SS_3A   :  INFO:  AF: TsCommonFillSensorIdMap: 26: Already filled, cameraId(5) driverSensorId(12)
03-26 17:48:35.460  2256 10972 I 3A_PLTFM: SolutionInterfaceAF_funcs: getCalibrationData: 346: cameraId 1 : VerOffset: 0x0030, CalOffset: 0x330c, PafCalOff: 0x2300, vPafCalOff: 0x0000
03-26 17:48:35.460  2256 10972 I 3A_PLTFM: SolutionInterfaceAF_funcs: isCameraOpening: 746: isCameraOpening 1 ( overrideCameraOpen 32, cameraId 5)
03-26 17:48:35.460  2256 10972 I 3A_PLTFM: SolutionInterfaceAF: Sec3APlatformCreateAF: 199: secSensorId : 1, wrapper refCnt : 1, g_pWrapperData : 0xb400007539f1f6b0, isCameraOpening : 1 *ppAFAlgorithm : 0x0
03-26 17:48:35.460  2256 10972 I SS_3A   :  INFO:  AF: CreateAFAlgorithm: 390: cameraId : 1, wrapper.refCnt : 1, wrapper addr : 0xb400007539f1f6b0
03-26 17:48:35.460  2256 10972 I SS_3A   :  INFO:  AF: loadLibraryAndSymbols: 353: E
03-26 17:48:35.460  5100  5100 I VRI[NotificationShade]@8cde695: registerCallbackForPendingTransactions
03-26 17:48:35.462  5100  5235 D SurfaceComposerClient: [SEC_SF_EFFECTS] setBlurRegions NotificationShade$_5100#83819 ## {radius=110, cornerRadii=[50.989, 50.989, 50.989, 50.989], alpha=1.000, rect=[366, 733, 712, 884], clipRect=[0, 0, 2147483647, 2147483647], colorCurve=[0.000000, 9.803760, 255.000000, 70.177322], curveBias=-15.000000, saturation=0.100000, vibrance=[0.000000, (0.000000, 1.000000)], pathData size=0, BlurTint=[(0.000000 0.000000 0.000000) 0.000000, DISABLED]
03-26 17:48:35.462  5100  5235 D SurfaceComposerClient: [SEC_SF_EFFECTS] setBlurRegions NotificationShade$_5100#83819 ## {radius=300, cornerRadii=[235.835, 235.835, 235.835, 235.835], alpha=1.000, rect=[229, 2099, 850, 2258], clipRect=[0, 0, 2147483647, 2147483647], colorCurve=[0.000000, 13.300000, 255.000000, 235.100006], curveBias=-5.000000, saturation=0.350000, vibrance=[0.000000, (0.000000, 1.000000)], pathData size=0, BlurTint=[(0.000000 0.000000 0.000000) 0.000000, DISABLED]
03-26 17:48:35.462  5100  5235 D SurfaceComposerClient: [SEC_SF_EFFECTS] setBlurRegions NotificationShade$_5100#83819 ## {radius=300, cornerRadii=[59.500, 59.500, 59.500, 59.500], alpha=1.000, rect=[73, 2118, 192, 2237], clipRect=[0, 0, 2147483647, 2147483647], colorCurve=[0.000000, 13.300000, 255.000000, 235.100006], curveBias=-15.000000, saturation=0.100000, vibrance=[0.000000, (0.000000, 1.000000)], pathData size=0, BlurTint=[(0.000000 0.000000 0.000000) 0.000000, DISABLED]
03-26 17:48:35.462  5100  5235 D SurfaceComposerClient: [SEC_SF_EFFECTS] setBlurRegions NotificationShade$_5100#83819 ## {radius=300, cornerRadii=[59.500, 59.500, 59.500, 59.500], alpha=1.000, rect=[888, 2118, 1007, 2237], clipRect=[0, 0, 2147483647, 2147483647], colorCurve=[0.000000, 13.300000, 255.000000, 235.100006], curveBias=-15.000000, saturation=0.100000, vibrance=[0.000000, (0.000000, 1.000000)], pathData size=0, BlurTint=[(0.000000 0.000000 0.000000) 0.000000, DISABLED]
03-26 17:48:35.462  5100  5235 I VRI[NotificationShade]@8cde695: mWNT: t=0xb40000787310dd50 mBlastBufferQueue=0xb4000077833a8400 fn= 15 HdrRenderState mRenderHdrSdrRatio=1.0 caller= android.view.ViewRootImpl$10.onFrameDraw:6536 android.view.ViewRootImpl$4.onFrameDraw:2489 android.view.ThreadedRenderer$1.onFrameDraw:718
03-26 17:48:35.464  3205  3381 I ImeTracker: system_server:31243c5d: onRequestShow at ORIGIN_SERVER reason CONTROLS_CHANGED fromUser false
03-26 17:48:35.464 30644 30644 I ImeTracker: system_server:31243c5d: onCancelled at PHASE_CLIENT_ON_CONTROLS_CHANGED
03-26 17:48:35.469  2283  2375 E HeatmapThread: ECT Thread time in milliseconds: 1774529315
03-26 17:48:35.470  2258  2292 I sysinput:aidl: onReportInformation:93, 1, enabled@2,1:0
03-26 17:48:35.470  2283  2375 D HeatmapThread: !@ batteryplugType : 2
03-26 17:48:35.470  2283  2375 D HeatmapThread: !@ batteryLevel : 35  batteryTemperature : 372
03-26 17:48:35.470  2283  2375 D HeatmapThread: !@ Heatmap currtime: 29575488
03-26 17:48:35.470  2283  2375 D HeatmapThread: !@ Heatmap prevtime: 29575478
03-26 17:48:35.470  2283  2375 D HeatmapThread: !@ Heatmap plugstarttime: 29575484
03-26 17:48:35.470  2283  2375 D HeatmapThread: !@ Heatmap prevv_dsoh_update_time: 29574899
03-26 17:48:35.470  2283  2375 E HeatmapThread: !@ CAM New BSOH: 100
03-26 17:48:35.470  3205  4920 D SysinputHAL_AIDL: activate(TSP(1)),2,1 ret=0
03-26 17:48:35.470  3205  4920 D SemInputDevice:TSP: SetPropertyTask: CMD,low_sensitivity_mode_enable,0 [03-26 17:48:35.419]
03-26 17:48:35.470  2258  2292 I sysinput:Touch1: operator():133, 2,1 OK
03-26 17:48:35.471  2258  2292 I sysinput:aidl: onReportInformation:91, 1, cmd@low_sensitivity_mode_enabl
03-26 17:48:35.471  2258  2292 I sysinput:Touch1: operator():241, OK
03-26 17:48:35.471  3205  4920 D SysinputHAL_AIDL: setProperty(TSP(1)): CMD, low_sensitivity_mode_enable,0 ret=0
03-26 17:48:35.471  3205  4920 D SemInputDevice:TSP: SetPropertyTask: CMD,set_aod_rect,0,0,0,0 [03-26 17:48:35.452]
03-26 17:48:35.471  5291  5301 I WallpaperService: dispatchAppVisibility: lock, visible=true , mLidState = -1
03-26 17:48:35.471  5291  5291 I WallpaperService: updateSurface lock forceRelayout=false forceReport=false redrawNeeded=false myWidth=-1 myHeight=-1 fixedSize=false x = 0 y = 0 mWidth=-1 mHeight=-1
03-26 17:48:35.471  5291  5291 I WallpaperService: reportVisibility: visibility changed. visible=true
03-26 17:48:35.471  5291  5291 I SprWallpaper|LayeredWallpaperServiceEngine: onVisibilityChanged: 6 , E1.i@75be967
03-26 17:48:35.471  5291  5291 I SprWallpaper|LayeredController_PL: onVisibilityChanged : true , 3
03-26 17:48:35.473  5100  5100 D DisplayLifecycle: updateDisplay id = 0
03-26 17:48:35.473  5100  5100 D View    : semSetBlurInfo, blurInfo : android.view.SemBlurInfo@79fe7cc {BLUR_MODE_WINDOW, mBlurRadius = 300, mBackgroundBlurColor = 0, mCornerRadiusTL = 59.5, mCornerRadiusTR = 59.5, mCornerRadiusBL = 59.5, mCornerRadiusBR = 59.5, mClipRectLeft = 0, mClipRectTop = 0, mClipRectRight = 2147483647, mClipRectBottom = 2147483647, mColorCurve = android.view.SemBlurInfo$ColorCurve@b7e0a15 {minX = 0.0, minY = 13.3, maxX = 255.0, maxY = 235.1, curveBias = -15.0, saturation = 0.1}}, com.android.systemui.statusbar.KeyguardSecAffordanceView{2fbca81 V.ED..... ........ 0,0-119,119 #7f0a0469 app:id/end_button}
03-26 17:48:35.473  5100  5100 D View    : semSetBlurInfo, blurInfo : android.view.SemBlurInfo@cfae12a {BLUR_MODE_WINDOW, mBlurRadius = 300, mBackgroundBlurColor = 0, mCornerRadiusTL = 59.5, mCornerRadiusTR = 59.5, mCornerRadiusBL = 59.5, mCornerRadiusBR = 59.5, mClipRectLeft = 0, mClipRectTop = 0, mClipRectRight = 2147483647, mClipRectBottom = 2147483647, mColorCurve = android.view.SemBlurInfo$ColorCurve@7e8db1b {minX = 0.0, minY = 13.3, maxX = 255.0, maxY = 235.1, curveBias = -15.0, saturation = 0.1}}, com.android.systemui.statusbar.KeyguardSecAffordanceView{cbe1114 V.ED..... ........ 0,0-119,119 #7f0a0cad app:id/start_button}
03-26 17:48:35.474  5100  5100 D PluginActionManager: onPluginDisconnected
03-26 17:48:35.474  5100  5100 D DozeService: onPluginDisconnected: PluginAOD plugin=com.samsung.android.app.aodservice.plugin.PluginAODImpl@b442e28
03-26 17:48:35.474  5100  5100 D DozeService: stopAlwaysOnDisplay: mAODPlugin=null
03-26 17:48:35.474  5100  5100 I PluginAODImpl: onDestroy()
03-26 17:48:35.474  5100  5100 D KeyguardUpdateMonitor: isUserUnlocked userId:0, unlocked:true
03-26 17:48:35.474  5100  5100 D KeyguardUpdateMonitor: isUserUnlocked userId:0, unlocked:true
03-26 17:48:35.474  5100  5100 D KeyguardUpdateMonitor: isUserUnlocked userId:0, unlocked:true
03-26 17:48:35.474  5100  5100 D KeyguardSecBottomAreaViewController: updateCameraVisibility isCameraDisabled:false visible:true
03-26 17:48:35.474  5100  5100 D KeyguardUpdateMonitor: isUserUnlocked userId:0, unlocked:true
03-26 17:48:35.474  5100  5100 D KeyguardUpdateMonitor: isUserUnlocked userId:0, unlocked:true
03-26 17:48:35.474  5100  5100 D KeyguardUpdateMonitor: isUserUnlocked userId:0, unlocked:true
03-26 17:48:35.474  5100  5100 D KeyguardSecBottomAreaViewController: updateCameraVisibility isCameraDisabled:false visible:true
03-26 17:48:35.474  5100  5100 I LockscreenNotificationIconsOnlyController: onNotificationInfoUpdated 4
03-26 17:48:35.475  5100  5100 I AODNotificationManager: updateNotification()
