03-26 17:48:35.386  2218  2306 D vendor.qti.bluetooth@1.0-ibs_handler: DeviceWakeUp: Unblocked from waiting for FC, pthread_cond_timedwait ret = 0
03-26 17:48:35.386  2224 10919 I sensors-hal: get_flicker_als_data:203, [SSC_LIGHT] flicker lux: 0 (5, 21, dw: 0)
03-26 17:48:35.386  2224 10919 I sensors-hal: handle_sns_std_sensor_event:408, [SSC_LIGHT] P: 36(36),c:0,b:51,m:13,cl:0,l:29,s:36,l0:5824,l1:960,s0:5500,s1:0,acl:1,opr:0.00,f(r):97,u(bl):100,if:97,wi:93,si:0,0(N:0)
03-26 17:48:35.386  5901  6194 W bluetooth: system/gd/hci/le_scanning_manager.cc:650 register_scanner: register_scanner
03-26 17:48:35.386  5100  5100 I DigitalVerticalClockView_LOCK_SCREEN_1@214: onTimeChanged : [DateTimeInfo : date = чт, 26 марта, hourMin = 17:48, hourMinSec = , hour = 17, minute = 48, amPm  = , colon = :, second = , timezone = null, isLeftOfAmPm = false, ttsDate = четверг, 26 марта], timeInMillis = 1774529315385
03-26 17:48:35.386  5100  5100 I DigitalVerticalClockView_LOCK_SCREEN_1@214: updatePaletteItemTransition : paletteItem = SOLID color : FFC8CC8B, animation = false, dozeAmount = 1.0
03-26 17:48:35.386  5100  5100 I DigitalVerticalClockView_LOCK_SCREEN_1@214: setDozing: false
03-26 17:48:35.386  5100  5100 I DigitalVerticalClockView_LOCK_SCREEN_1@214: onDozingChanged:
03-26 17:48:35.386  5100  5100 I DigitalVerticalClockView_LOCK_SCREEN_1@214: updateBaseTargetPaletteItem: base=SOLID color : FFC6EC99, target=SOLID color : FFC8CC8B
03-26 17:48:35.386  5100  5100 I AODDataSettings[8.0.6]:AODDataManager: onStartedWakingUp
03-26 17:48:35.386  5100  5100 I AODDataSettings[8.0.6]:AODDataManager: changeDisplay=DisplayImpl(type=SingleDisplay, orientation=Portrait, aodState=LockScreenOnly)
03-26 17:48:35.386  5100  5100 I DataStoreState: setDisplay : DisplayImpl(type=SingleDisplay, orientation=Portrait, aodState=LockScreenOnly)
03-26 17:48:35.386  5100  5100 D AodData[8.0.6]:LockScreenRemoteItemStoreImpl@139622164: onChangedEnv: SingleDisplay:Portrait:LockScreenOnly::1080.0x2340.0
03-26 17:48:35.386  5100  5100 I AodData[8.0.6]:LockScreenRemoteItemStoreImpl@139622164: refreshIdList: display=DisplayImpl(type=SingleDisplay, orientation=Portrait, aodState=LockScreenOnly), profileId=, rootSize=null, forced=false
03-26 17:48:35.386  5100  5100 I AodData[8.0.6]:LockScreenRemoteItemStoreImpl@139622164: refreshIdList: launch - cur=DisplayImpl(type=SingleDisplay, orientation=Portrait, aodState=LockScreenOnly) display=DisplayImpl(type=SingleDisplay, orientation=Portrait, aodState=LockScreenOnly), profileId=, rootSize=1080.0x2340.0, forced=false, sizeChanged=false
03-26 17:48:35.387  5100  5100 I AodData[8.0.6]:DefaultGetImpl@122359587: request data show_noti_below_clock
03-26 17:48:35.387  5100  5100 D AodData[8.0.6]:ProfileDataMediator@27544608: getProfile ()
03-26 17:48:35.387  5100  5100 D AodData[8.0.6]:ProfileDataMediator@27544608: Return stored value (0)  LockProfileBundle(primary=LockProfileData(isThemeClock=false, clockType=1, clockScaleRate=0.86213595, paletteType=0, paletteIndex=0, isAdaptiveColor=true, customColor=-328966, fontType=507, clockFontPath=, clockFontWeight=700, clockFontRoundedCorners=20, clockFontHeights=null, clockFontStretchEnabled=null, clockVisibility=0, shortcutsVisibility=1, shortcutsList=1;com.samsung.android.dialer/com.samsung.android.dialer.DialtactsActivity;1;com.sec.android.app.camera/com.sec.android.app.camera.Camera;, clockGravity=1, clockBottomMarginRatio=0.002252, clockHorizontalMarginRatio=0.0, enabledWidgetsIdList=com.sec.android.app.shealth/com.samsung.android.app.shealth.tracker.dailyactivity.widget.DaWidgetReceiver;7;2, widgetAlignType=null, showWeatherInfo=false, showDateInfoFirst=false, worldClockList=, fromKnoxProfile=false, clockMovableAreaRatioRect=RectF(0.06666667, 0.10940171, 0.93333334, 0.2991453), showNotiBelowClock=null), allStateRelevant={}, screenRelevant={}, orientationRelevant={})
03-26 17:48:35.387  5100  5100 D AodData[8.0.6]:AodDataProvider@175373861: call: primary result - aod-get, show_noti_below_clock, [result]
03-26 17:48:35.387  5100  5100 I AODDataSettings[8.0.6]:AODDataManager: showNotiCardBelowClock changed to true
03-26 17:48:35.387  5100  5100 I KeyguardClockProvider: getLockClockItem: use default item
03-26 17:48:35.387  5100  5100 I KeyguardClockProvider: clockItem changed ClockItemImpl(id=clock:0:SingleDisplay:Portrait:LockScreenOnly:, width=DirectionDimensionImpl(value=0.0, type=WRAP_CONTENT, isHorizontal=true), height=DirectionDimensionImpl(value=0.0, type=WRAP_CONTENT, isHorizontal=false), x=RelativeAreaDimensionXImpl(value=0.0, type=PERCENT, locatedAt=Center, left=DirectionDimensionImpl(value=0.06759259, type=PERCENT, isHorizontal=true), right=DirectionDimensionImpl(value=0.9324074, type=PERCENT, isHorizontal=true)), y=RelativeAreaDimensionYImpl(value=0.002252, type=PERCENT, locatedAt=Bottom, top=DirectionDimensionImpl(value=0.10940171, type=PERCENT, isHorizontal=false), bottom=DirectionDimensionImpl(value=0.2991453, type=PERCENT, isHorizontal=false)), scaleX=0.86213595, scaleY=0.86213595, isEnabled=true, clockType=1, font=FontImpl(presetFontIndex=507, fontPath=null, fontWeight=700, fontRoundedCorners=20, fontHeights=[], fontStretchEnabled=false), color=AdaptiveColorImpl(isAdaptiveColor=true), isShowWeather=false, isShowDateFirst=false, isDefaultPosition=false, cityClockList=, themeClock=ThemeClockImpl(themeName=, trialThemeName=null), showNotiBelowClock=true)
03-26 17:48:35.387  5100  5100 I KeyguardClockProvider: updateClockScale: scale=0.86213595
03-26 17:48:35.387  5100  5100 I FaceWidgetClockRoamManager: shouldShowDualClock() isRoamingClockEnabled=true, isEasyModeEnabled=false, mIsNetworkRoaming=false
03-26 17:48:35.387  5100  5100 I DigitalVerticalClockView_LOCK_SCREEN_1@271: forceRefresh : false millis : [2026-03-26 17:48:35]
03-26 17:48:35.387  2218  6960 I vendor.qti.bluetooth@1.0-ibs_handler: ProcessIbsCmd: Received IBS_WAKE_IND: 0xFD
03-26 17:48:35.387  2218  6960 I vendor.qti.bluetooth@1.0-ibs_handler: ProcessIbsCmd: Writing IBS_WAKE_ACK
03-26 17:48:35.387  3205  3205 I ChimeraSystemEventListener: onReceive() - action: android.intent.action.SCREEN_ON
03-26 17:48:35.387  2233 11092 I sec_fr_PerformanceLog: [Performance Log] communicateTA (12660) us in initTemplate
03-26 17:48:35.387  2233 11092 I sec_fr_QSeeInterfaceSMCInvoke: sendSMCInvokeCommand Success
03-26 17:48:35.387  2233 11092 I sec_fr_QSeeInterfaceSMCInvoke: communicateTA Success
03-26 17:48:35.387  2233 11092 I sec_fr_QSeeEngine: checkCmdResult - return value from qsapp is 0
03-26 17:48:35.387  2233 11092 I sec_fr_NativeFaceService: getMatchedFaceId challenge=0
03-26 17:48:35.387  2233 11092 I sec_fr_NativeFaceService: checkChallenge - not matched length of challenge data size(0)
03-26 17:48:35.387  2233 11092 I FaceServiceStorage: readDataFileAt : file size = 393718
03-26 17:48:35.387  2233  7712 I sec_fr_Config: getCameraIdList - mCameraIdList.size()=14
03-26 17:48:35.387  2233  7712 I sec_fr_FaceCameraController: available camera id : 0
03-26 17:48:35.387  2233  7712 I sec_fr_FaceCameraController: available camera id : 1
03-26 17:48:35.387  2233  7712 I sec_fr_FaceCameraController: available camera id : 2
03-26 17:48:35.387  2233  7712 I sec_fr_FaceCameraController: available camera id : 3
03-26 17:48:35.387  2233  7712 I sec_fr_FaceCameraController: available camera id : 4
03-26 17:48:35.387  2233  7712 I sec_fr_FaceCameraController: available camera id : 20
03-26 17:48:35.387  2233  7712 I sec_fr_FaceCameraController: available camera id : 21
03-26 17:48:35.387  2233  7712 I sec_fr_FaceCameraController: available camera id : 23
03-26 17:48:35.387  2233  7712 I sec_fr_FaceCameraController: available camera id : 24
03-26 17:48:35.387  2233  7712 I sec_fr_FaceCameraController: available camera id : 52
03-26 17:48:35.387  2233  7712 I sec_fr_FaceCameraController: available camera id : 54
03-26 17:48:35.387  2233  7712 I sec_fr_FaceCameraController: available camera id : 56
03-26 17:48:35.387  2233  7712 I sec_fr_FaceCameraController: available camera id : 58
03-26 17:48:35.387  2233  7712 I sec_fr_FaceCameraController: available camera id : 90
03-26 17:48:35.387  2233  7712 I sec_fr_Config: getCameraInfo - mCameraInfo.size()=1
03-26 17:48:35.387  2233  7712 I sec_fr_FaceCameraController: FaceCameraController::openCamera()
03-26 17:48:35.387  2233  7712 I sec_fr_FaceCameraController: FaceCameraController::createCameraClient
03-26 17:48:35.387  2233 10936 I sec_fr_FaceCameraController: FaceCameraController::onCameraAvailable() cameraId(0)
03-26 17:48:35.387  2233 10936 I sec_fr_FaceCameraController: FaceCameraController::onCameraAvailable() cameraId(1)
03-26 17:48:35.387  2233 10936 I sec_fr_FaceCameraController: FaceCameraController::onCameraAvailable() cameraId(2)
03-26 17:48:35.387  2233 10936 I sec_fr_FaceCameraController: FaceCameraController::onCameraAvailable() cameraId(3)
03-26 17:48:35.387  2233 10936 I sec_fr_FaceCameraController: FaceCameraController::onCameraAvailable() cameraId(4)
03-26 17:48:35.387  2233 10936 I sec_fr_FaceCameraController: FaceCameraController::onCameraAvailable() cameraId(20)
03-26 17:48:35.387  2233 10936 I sec_fr_FaceCameraController: FaceCameraController::onCameraAvailable() cameraId(21)
03-26 17:48:35.387  2233 10936 I sec_fr_FaceCameraController: FaceCameraController::onCameraAvailable() cameraId(23)
03-26 17:48:35.387  2233 10936 I sec_fr_FaceCameraController: FaceCameraController::onCameraAvailable() cameraId(24)
03-26 17:48:35.387  2233 10936 I sec_fr_FaceCameraController: FaceCameraController::onCameraAvailable() cameraId(52)
03-26 17:48:35.387  2233 10936 I sec_fr_FaceCameraController: FaceCameraController::onCameraAvailable() cameraId(54)
03-26 17:48:35.387  2233 10936 I sec_fr_FaceCameraController: FaceCameraController::onCameraAvailable() cameraId(56)
03-26 17:48:35.387  2233 10936 I sec_fr_FaceCameraController: FaceCameraController::onCameraAvailable() cameraId(58)
03-26 17:48:35.387  2233 10936 I sec_fr_FaceCameraController: FaceCameraController::onCameraAvailable() cameraId(90)
03-26 17:48:35.387  9624 10281 I CAMERA_CONTROLLER: [73]ScreenOnOffWorker.doWork():68 - Coroutine ScreenOnOffWorker Received action=android.intent.action.SCREEN_ON
03-26 17:48:35.388  9624 10281 I CAMERA_CONTROLLER: [73]ProviderServiceImpl.receiveScreenOnEvent():4
03-26 17:48:35.388  2234  2234 D hwvault_tee: [DBG] (nwd_hv_secnvm.cpp:164) hwvault_clear_cached_kdm start
03-26 17:48:35.388  9624 10281 I CAMERA_CONTROLLER: [73]ProviderServiceImpl.receiveScreenOnEvent():14 - needLaunchCamera = false
03-26 17:48:35.388  9624 10281 I CAMERA_CONTROLLER: [73]a.n():2 - Screen locked
03-26 17:48:35.388  9624 10281 I CAMERA_CONTROLLER: [73]a.n():2
03-26 17:48:35.388  2234  2234 W hwvault_tee: [WRN] (nwd_hv_common.cpp:217) TA: hwvault [WRN] (swd_hv_clear_cached_kdm:493) last time(0x0000000000000000), curtime(0x00000000234243dc)
03-26 17:48:35.388  2234  2234 W hwvault_tee: [WRN] (nwd_hv_common.cpp:217) TA: hwvault [INF] (tz_process_command:149) HV_TZ_CMD_CLEAR_CACHED_KDM ret 0, cmd ret 18
03-26 17:48:35.388  2234  2234 I hwvault_tee: [INFO] (nwd_hv_secnvm.cpp:172) hwvault_clear_cached_kdm ret 0x12
03-26 17:48:35.388  2234  2234 I hermesd : !@ hermes_command_handler_kv1_tee.cpp(1010) timer expired and notified of locked state, clear cached kdm :2018
03-26 17:48:35.389 18349 18373 I D_FME:[FMEBleManager       ]: startScan : offline , mcf(true) : interval(3120), window(160)
03-26 17:48:35.389 18349 18373 I [MCFSDK_fmm_1.0.2039]_17_g: open -
03-26 17:48:35.389  5901 31800 E BluetoothUtils: Need ACCESS_FINE_LOCATION permission for AttributionSource { uid = 1002, packageName = com.android.bluetooth, attributionTag = null, token = android.os.Binder@dde2ac4, deviceId = 0, next = AttributionSource { uid = 5006, packageName = com.samsung.android.beaconmanager, attributionTag = null, token = android.os.BinderProxy@2af0335, deviceId = 0, next = null } }
03-26 17:48:35.389  2233 11092 I FaceServiceStorage: checkTemplate : template version(3) templateSize(0x3565246)
03-26 17:48:35.389  2233 11092 I FaceServiceStorage: readDataFileAt : file size = 393718
03-26 17:48:35.389 18412 18412 I [MCFServer]_McfMainController: updateStandAloneBleMode - isStandAloneBleMode/SubscriberCallbacks.size()/CasterCallbacks.size()/BleAdapterCallbacks.size() = (true/1/1/1)
03-26 17:48:35.389  2233 11092 I FaceServiceStorage: readDataFileAt : file size = 393718
03-26 17:48:35.389 18412 18412 I [MCFServer]_McfMainController: registerCallback - create BA - appId=17/1
03-26 17:48:35.389 18349 18373 I [MCFSDK_fmm_1.0.2039]_McfAdapter: getBleAdapter  -  g [#0x11, X3.a@d29ebaa]
03-26 17:48:35.389 18412 18412 I [MCFServer]_BleAdapterManager: start - already started
03-26 17:48:35.389 18349 18373 I [MCFSDK_fmm_1.0.2039]_17_g: getBleScanner -
03-26 17:48:35.389 18349 18373 I [MCFSDK_fmm_1.0.2039]_17_g: startScan - screenOnFilter - 2
03-26 17:48:35.389 18349 18373 I [MCFSDK_fmm_1.0.2039]_17_g: startScan - screenOffFilter - 2
03-26 17:48:35.389  2233 11092 I FaceServiceStorage: readDataFile : file size = 393718
03-26 17:48:35.389  3205  4840 D SensorManager: registerListener :: 1511, STK33F11 Light Strm  Non-wakeup, 200000, 0, com.samsung.android.gesture.PocketModeEvent$2@689f0e6
03-26 17:48:35.389  3205  4840 D PocketModeEvent: register light sensor
03-26 17:48:35.389  3205  4840 E PocketModeEvent: MSG_TYPE_START_SENSING
03-26 17:48:35.389  3205  4836 D SensorService: setSContextDataLocked ints length 2 , byte length 4
03-26 17:48:35.389  3205  4836 D SensorService: setSContextDataLocked d10db4
03-26 17:48:35.389 18412 18412 I [MCFServer]_BleAdapterManager: startScan - BAScanCallback{Settings=BleScanSettings{mode=0, rssi=-128, timeout=0, phy =0}, Callback=CB{i=17, h=126637413}}
03-26 17:48:35.390  2224  2224 I sensors-hal: inject_sensor_data:412, handle 1502 send inject
03-26 17:48:35.390  2224  2224 I sensors-hal: sendContextData:303, sensor hal 4, (0xb4, 0xd, 0xd1, 0x0)
03-26 17:48:35.390  2224  2224 I sensors-hal: sendContextData:206, activities 4 b4, 1
03-26 17:48:35.390  2224  2224 I sensors-hal: sendUserData:227, Activities cmd 0xb4 0xd
03-26 17:48:35.390  2224  2224 I sensors-hal: sendUserData:236, Activities LCD on
03-26 17:48:35.390  2224  2224 I sensors-hal: create_send_context_data:45, sending create_send_context_data
03-26 17:48:35.390  2224  2224 I sensors-hal: send_context_data:701, activities, 4914309220830019584, 1320970896291267344, msgid:700
03-26 17:48:35.390 32329 32504 I ActivityScheduler: nextTriggerTime: 591545700, in 6323ms, detectorType: 39, FULL_TYPE alarmWindowMillis: 7500
03-26 17:48:35.390  2278  2278 I SSC_DAEMON: handleSensorTestReqMsg:88, Sensor type :4, Msg type:15
03-26 17:48:35.390  2224  2224 I sensors-hal: sendContextData:124, common_info 4
03-26 17:48:35.390  2233 11092 I sec_fr_NativeFaceService: sendTemplate : retrieveTemplates faceId[1]
03-26 17:48:35.390  2233 11092 I sec_fr_FaceEngine: sendTemplate faceId(1)
03-26 17:48:35.390  2233 11092 I sec_fr_QSeeInterfaceSMCInvoke: getSharedBuffer 524300 , 12 , 516, SB size = 2
03-26 17:48:35.390  2224  2224 I sensors-hal: sendUserData:145, CommonInfo 0xb4 0xd 0xd1 0x0, 13837609489462757376
03-26 17:48:35.390  2224  2224 I sensors-hal: create_send_context_data:70, sending create_send_context_data
03-26 17:48:35.390  2224  2224 I sensors-hal: send_context_data:701, common_info, 4914309147815575552, 1320970896291267344, msgid:700
03-26 17:48:35.390  2224  4834 I sensors-hal: qsh_conn_resp_cb:972, resp_value = 0 for activities
03-26 17:48:35.390  2233  7712 I sec_fr_FaceCameraClient: [0] FaceCameraClient::FaceCameraClient()
03-26 17:48:35.390  2233  7712 I sec_fr_FaceCameraClient: client instatnce(0xb400007a3ae7a490)
03-26 17:48:35.390  2233  7712 I sec_fr_FaceCameraClient: [0] FaceCameraClient::init()
03-26 17:48:35.390  2233  7712 I sec_fr_FaceCameraClient: [0] camera id is 4
03-26 17:48:35.390  2233  7712 I sec_fr_FaceCameraController: notifyLoadTA
03-26 17:48:35.390  2233  7712 I sec_fr_FaceRecognizer: setSecureFrameCnt=1
03-26 17:48:35.390  2233  7712 I sec_fr_NativeFaceService: executionByStep - Continue : i(1) size(3)
03-26 17:48:35.390  2233  7712 I sec_fr_NativeFaceService: executionByStep[3] - state(0x8) mState(7) toState(15)
03-26 17:48:35.390  2233  7712 I sec_fr_NativeFaceService: startStream - mCmdMode (3)
03-26 17:48:35.390  2233  7712 E sec_fr_NativeFaceService: wait callback state(1)
03-26 17:48:35.390  2233 10932 I sec_fr_FaceCameraController: FaceCameraController::onOpenCameraClient()
03-26 17:48:35.390  2233 10932 I sec_fr_FaceCameraController: FaceCameraController::openCameraClient
03-26 17:48:35.390  2233 11092 I sec_fr_QSeeEngine: sendTemplate - template set buffer length = 393718
03-26 17:48:35.390  2233 11092 I sec_fr_QSeeInterfaceSMCInvoke: QSeeInterfaceSMCInvoke::call sendCommand for sendTemplate
03-26 17:48:35.390  2233 11092 I sec_fr_QSeeInterfaceSMCInvoke: sendSMCInvokeCommand req_len = 524300 , rsp_len = 12
03-26 17:48:35.391  2233 10932 I sec_fr_FaceCameraController: FaceCameraController::deleteTimers
03-26 17:48:35.391  2233 10932 I sec_fr_FaceCameraController: FaceCameraController::deleteTimer
03-26 17:48:35.391  2233 10932 I sec_fr_FaceTimer: stop_l : mId (0)
03-26 17:48:35.391  2233 10932 I sec_fr_FaceTimer: FaceCameraController.OpenDelayedCamera : ~FaceTimer
03-26 17:48:35.391  2233 10932 I sec_fr_FaceTimer: FaceCameraController.OpenDelayedCamera : release_l
03-26 17:48:35.391  2233 10932 I sec_fr_FaceTimer: stop_l : mId (0)
03-26 17:48:35.391  2233 10932 I sec_fr_FaceCameraController: FaceCameraController::deleteTimer
03-26 17:48:35.391  2233 10932 I sec_fr_FaceTimer: stop_l : mId (0)
03-26 17:48:35.391  2233 10932 I sec_fr_FaceTimer: FaceCameraController.PrintDelayLog : ~FaceTimer
03-26 17:48:35.391  2233 10932 I sec_fr_FaceTimer: FaceCameraController.PrintDelayLog : release_l
03-26 17:48:35.391  3987  4013 D SemNativeCarrierFeature_vendor: getInstance
03-26 17:48:35.391  2233 10932 I sec_fr_FaceTimer: stop_l : mId (0)
03-26 17:48:35.391  2233 10930 I sec_fr_FaceWorkerManager: S onCreateBufferQueue idx=0
03-26 17:48:35.391  2233 10930 I sec_fr_AImageClient: AImageClient created (0xb400007a9ae72f70)
03-26 17:48:35.391  2233 10930 I sec_fr_AImageClient: init(0)(1440)(1080)(35)(4)
03-26 17:48:35.391  2233 10930 W libc    : Access denied finding property "vendor.gpp.create_frc_extension"
03-26 17:48:35.391  2233 10930 I sec_fr_SurfaceManager: SurfaceManager is created
03-26 17:48:35.391  2233 10930 I sec_fr_SurfaceManager: createNativeWindow
03-26 17:48:35.391  2233 10937 I sec_fr_FaceCameraClient: [0] FaceCameraClient::onOpenCamera()
03-26 17:48:35.391  2233 10937 I sec_fr_FaceCameraClient: [0] S openCamera
03-26 17:48:35.391  3205  3380 D SensorManager: registerListener :: 51, STK33F11 Light Ambient Light Sensor Non-wakeup, 250000, 0, com.android.server.display.mode.DisplayModeDirector$BrightnessObserver$LightSensorEventListener@fb36d84
03-26 17:48:35.391  2224  4834 I sensors-hal: qsh_conn_resp_cb:972, resp_value = 0 for common_info
03-26 17:48:35.391  2278  4099 I SSC_DAEMON: light_event_log:186, light_msg(4/15): lcd on - 29,-1,-1,13
03-26 17:48:35.391  3987  4009 D SemNativeCarrierFeature_vendor: getInstance
03-26 17:48:35.391  3205  3489 D SensorManager: Inject hysteresis info
03-26 17:48:35.392  5100  5100 I DigitalVerticalClockView_LOCK_SCREEN_1@271: onTimeChanged : [DateTimeInfo : date = чт, 26 марта, hourMin = 17:48, hourMinSec = , hour = 17, minute = 48, amPm  = , colon = :, second = , timezone = null, isLeftOfAmPm = false, ttsDate = четверг, 26 марта], timeInMillis = 1774529315387
03-26 17:48:35.392  5100  5100 I DigitalVerticalClockView_LOCK_SCREEN_1@271: updatePaletteItemTransition : paletteItem = SOLID color : FFFAFAFF, animation = false, dozeAmount = 0.0
03-26 17:48:35.392  2224  2224 I sensors-hal: inject_sensor_data:95, injection type:268435458, data 102.000000 6.000000 36.000000 241.000000
03-26 17:48:35.392  5100  5100 I KeyguardClockProvider: measuredClockSize: (332.0, 523.0)
03-26 17:48:35.392  5100  5100 I DisplayValues: initValues currentWidth 1080 currentHeight = 2340
03-26 17:48:35.392  2278  2278 I SSC_DAEMON: handleSensorTestReqMsg:88, Sensor type :4, Msg type:15
03-26 17:48:35.392  3205  4836 D SensorService: setSContextDataLocked ints length 2 , byte length 4
03-26 17:48:35.392  3205  4836 D SensorService: setSContextDataLocked f10047c1
03-26 17:48:35.393  2224  2224 I sensors-hal: inject_sensor_data:412, handle 1502 send inject
03-26 17:48:35.393  2224  2224 I sensors-hal: sendContextData:303, sensor hal 4, (0xc1, 0x47, 0x0, 0xf1)
03-26 17:48:35.393  2224  2224 I sensors-hal: sendContextData:206, activities 4 c1, 1
03-26 17:48:35.393  2224  2224 I sensors-hal: sendUserData:227, Activities cmd 0xc1 0x47
03-26 17:48:35.393  2224  2224 I sensors-hal: create_send_context_data:45, sending create_send_context_data
03-26 17:48:35.393  2224  2224 I sensors-hal: send_context_data:701, activities, 4914309220830019584, 1320970896291267344, msgid:700
03-26 17:48:35.393  2224  2224 I sensors-hal: write_algo_lcd_onoff_state:210, algo_lcd_onoff : 0xf1
03-26 17:48:35.393  2224  2224 I sensors-hal: sendContextData:124, common_info 4
03-26 17:48:35.393  2224  2224 I sensors-hal: sendUserData:147, CommonInfo 0xc1 0x47 0x0 0xf1
03-26 17:48:35.393  2224  2224 I sensors-hal: create_send_context_data:70, sending create_send_context_data
03-26 17:48:35.393  2224  2224 I sensors-hal: send_context_data:701, common_info, 4914309147815575552, 1320970896291267344, msgid:700
03-26 17:48:35.393  2667  2993 D Camera3-Utils: Set real time priority for thread (tid 2993)
03-26 17:48:35.393  2667  2993 I CameraService: CameraService::connect call (PID 2233 UID 1000 "client.pid<2233>", camera ID 4) and Camera API version 2
03-26 17:48:35.393  2278  2278 I SSC_DAEMON: handleSensorTestReqMsg:88, Sensor type :14, Msg type:15
03-26 17:48:35.393  2278  2278 I SSC_DAEMON: physicalSensorTestReqMsg:235, 0.algo_id:19, num:3
03-26 17:48:35.393  2278  2278 I SSC_DAEMON: physicalSensorTestReqMsg:235, 1.algo_id:21, num:3
03-26 17:48:35.393  5100  5100 I DisplayValues: initValues currentWidth 1080 currentHeight = 2340
03-26 17:48:35.393  5100  5100 I KeyguardClockPositionManager: getLockClockItem: use default item
03-26 17:48:35.393  2278  2278 I SSC_DAEMON: physicalSensorTestReqMsg:235, 2.algo_id:22, num:3
03-26 17:48:35.393  2278  2278 I SSC_DAEMON: physicalSensorTestReqMsg:241, data_buf, 3,1
03-26 17:48:35.393  5100  5100 D KeyguardClockPositionManager: clockItem changed - 1080.0x2340.0, item = ClockItemImpl(id=clock:0:SingleDisplay:Portrait:LockScreenOnly:, width=DirectionDimensionImpl(value=0.0, type=WRAP_CONTENT, isHorizontal=true), height=DirectionDimensionImpl(value=0.0, type=WRAP_CONTENT, isHorizontal=false), x=RelativeAreaDimensionXImpl(value=0.0, type=PERCENT, locatedAt=Center, left=DirectionDimensionImpl(value=0.06759259, type=PERCENT, isHorizontal=true), right=DirectionDimensionImpl(value=0.9324074, type=PERCENT, isHorizontal=true)), y=RelativeAreaDimensionYImpl(value=0.002252, type=PERCENT, locatedAt=Bottom, top=DirectionDimensionImpl(value=0.10940171, type=PERCENT, isHorizontal=false), bottom=DirectionDimensionImpl(value=0.2991453, type=PERCENT, isHorizontal=false)), scaleX=0.86213595, scaleY=0.86213595, isEnabled=true, clockType=1, font=FontImpl(presetFontIndex=507, fontPath=null, fontWeight=700, fontRoundedCorners=20, fontHeights=[], fontStretchEnabled=false), color=AdaptiveColorImpl(isAdaptiveColor=true), isShowWeather=false, isShowDateFirst=false, isDefaultPosition=false, cityClockList=, themeClock=ThemeClockImpl(themeName=, trialThemeName=null), showNotiBelowClock=true)
03-26 17:48:35.393  5100  5100 E AbsSettings: refreshInner: refreshedSettingsDBItem key enabled_complication_widgets_id_list val = com.sec.android.app.shealth/com.samsung.android.app.shealth.tracker.dailyactivity.widget.DaWidgetReceiver;7;2;1;null~null,null~null
03-26 17:48:35.393  5100  5100 I KeyguardClockPositionManager: getClockMovableArea: ClockMovableAreaFactor(hasWidget=true, hasNotification=true, widgetAlignType=Default, rotation=0, isMainScreen=true, showNotiCardBelowClock=true, orientation=1)
03-26 17:48:35.393  2278  4099 I SSC_DAEMON: light_event_log:204, light_msg(4/15): option - 28
03-26 17:48:35.393  5100  5100 I KeyguardClockProvider: updateClockScale: scale=0.86213595
03-26 17:48:35.393  2224  4834 I sensors-hal: qsh_conn_resp_cb:972, resp_value = 0 for activities
03-26 17:48:35.394  5100  5100 I FaceWidgetClockRoamManager: shouldShowDualClock() isRoamingClockEnabled=true, isEasyModeEnabled=false, mIsNetworkRoaming=false
03-26 17:48:35.394  2224  4834 I sensors-hal: qsh_conn_resp_cb:972, resp_value = 0 for common_info
03-26 17:48:35.394  5100  5100 I DigitalVerticalClockView_LOCK_SCREEN_1@271: forceRefresh : false millis : [2026-03-26 17:48:35]
03-26 17:48:35.394  5552  5616 I HoneySpace.StatusIconTracker: invokeEvent() called with: event = Mobile(bundle=Bundle[mParcelledData.dataSize=256])
03-26 17:48:35.394  5336  5348 D Am      : Broadcasting: Intent { act=android.intent.action.LTE_SMS_STATUS (has extras) }
03-26 17:48:35.395 18412 18412 I [MCFServer]_CasterManager: onReceive - ACTION_ID_SCREEN_ON
03-26 17:48:35.395  3987  4013 D SemNativeCarrierFeature_vendor: getInstance
03-26 17:48:35.395 18412 18412 I [MCFServer]_SubscriberManager: onReceive - ACTION_ID_SCREEN_ON
03-26 17:48:35.395 18412 18412 I [MCFServer]_BleAdapterManager: onReceive - ACTION_ID_SCREEN_ON
03-26 17:48:35.395  2224  5054 I sensors-hal: qsh_conn_event_cb:894, SCHED_FIFO(10) for qmi_cbk
03-26 17:48:35.395  2224  5038 I sensors-hal: qsh_conn_event_cb:927, event[0] sensor:Pocket Position Mode  Wakeup, msg_id=715, ts=11357670045295
03-26 17:48:35.395 30644 30644 D ecj     : onScreenOn, isAppVisible=false, isScreenOn=false
03-26 17:48:35.395  2224  5038 I sensors-hal: qsh_conn_event_cb:927, event[0] sensor:Pocket mode  Wakeup, msg_id=715, ts=11357670041150
03-26 17:48:35.396  2249  2249 I SDM     : DisplayBase::WaitForCompletion: Cached retire fence is in ready state
03-26 17:48:35.396  2249  2249 I SDM     : DisplayBase::SetDisplayState: active 1-1 state 1-1 pending_power_state_ 0
03-26 17:48:35.396  2295  2295 D DisplayModeController: setDesiredMode 4630947191136750483 {mode={fps=120.00 Hz, modePtr={id=7, vsyncRate=120.00 Hz, peakRefreshRate=120.00 Hz}}, emitEvent=true, force=false}
03-26 17:48:35.396  2278  4098 I SSC_DAEMON: autoRotationOdEvent:25, 3, 1, 0
03-26 17:48:35.396  2295  2295 D SurfaceFlinger: Finished setting power mode 2 on physical display 4630947191136750483
03-26 17:48:35.396  2278  4098 I SSC_DAEMON: pocketModeOptionDefineEvent:33, 3, 0, 0, 0, 0
03-26 17:48:35.396  2295  2295 I SurfaceFlinger: finalizeDisplayModeChange 4630947191136750483
03-26 17:48:35.396  2278  4098 I SSC_DAEMON: pocketPosModeOptionDefineEvent:26, OD event:255,0,0,0,0
03-26 17:48:35.396  2295  2295 I SurfaceFlinger: RequestedLayer [WindowToken{e03a05 type=2228 android.os.BinderProxy@dce217c}#83823] hidden!! flag  from(1) --> to(0)
03-26 17:48:35.396  2295  2295 I SurfaceFlinger: RequestedLayer [6046a5a KeyguardBiometricToastView#83824] hidden!! flag  from(1) --> to(0)
03-26 17:48:35.396  2295  2295 I SurfaceFlinger: [WindowToken{e03a05 type=2228 android.os.BinderProxy@dce217c}#83823] attach to parent LayerHierarchy{RequestedLayerState{Leaf:26:31#38 parentId=37} 3 children}
03-26 17:48:35.396  2295  2295 I SurfaceFlinger: [6046a5a KeyguardBiometricToastView#83824] attach to parent LayerHierarchy{RequestedLayerState{WindowToken{e03a05 type=2228 android.os.BinderProxy@dce217c}#83823 parentId=38} 1 children}
03-26 17:48:35.396  5100  5100 I DigitalVerticalClockView_LOCK_SCREEN_1@271: onTimeChanged : [DateTimeInfo : date = чт, 26 марта, hourMin = 17:48, hourMinSec = , hour = 17, minute = 48, amPm  = , colon = :, second = , timezone = null, isLeftOfAmPm = false, ttsDate = четверг, 26 марта], timeInMillis = 1774529315394
03-26 17:48:35.396  3205  4835 I CAE     : handleMessage(CaPowerManager.java:273) - SCREEN_ON_INTENT
03-26 17:48:35.397  2295  2295 I LayerHistory: StatusBar$_5100#102 voted NoVote (0.00 Hz)
03-26 17:48:35.397  2295  2295 I LayerHistory: NotificationShade$_5100#83819 Max (can't resolve refresh rate)
03-26 17:48:35.397  2295  2295 I SurfaceFlinger: Power On Imminent - choose 120.00 Hz
03-26 17:48:35.397  2667  2993 I AttributionAndPermissionUtils: checkPermission checkPermission (forDataDelivery 0 startDataDelivery 0): Permission soft denied for client attribution [uid 1000, pid 2233, packageName "client.pid<2233>"]
03-26 17:48:35.397  2667  2993 I CameraService: isUidActiveLocked E: uid 1000, callingPackage client.pid<2233>, isRegistered true
03-26 17:48:35.397  2667  2993 I CameraService: isUidActiveLocked X: return true.
03-26 17:48:35.397  2667  2993 I HidlServiceManagement: Trying to get transport of vendor.samsung.hardware.biometrics.face@3.0::ISehBiometricsFace/default without hwservicemanager
03-26 17:48:35.397  9624  9948 I WM-WorkerWrapper: Worker result SUCCESS for Work [ id=e2e8f9d9-ebce-4710-834e-fb1ade27f2aa, tags={ com.samsung.android.companionapps.cameracontroller.receiver.ScreenOnOffWorker } ]
03-26 17:48:35.397  2295  2295 I HWComposer: [4630947191136750483] ActiveConfigToHWC, ID : 7
03-26 17:48:35.397  3205  4959 D SemWifiSwitchForIndividualAppsService: stopTCPMonitoring : already stopped
03-26 17:48:35.397  2249  2249 I SDM     : SDMDisplay::SetActiveConfigWithConstraints: ActiveConfig: 7
03-26 17:48:35.397  3205  4959 V WifiProfileShare: screen on
03-26 17:48:35.397  2233 10937 I sec_fr_SehFace: SehFace::getServicePid
03-26 17:48:35.397  5100  5100 I DigitalVerticalClockView_LOCK_SCREEN_1@271: updatePaletteItemTransition : paletteItem = SOLID color : FFFAFAFF, animation = false, dozeAmount = 0.0
03-26 17:48:35.397  2233 10937 I sec_fr_SehFace: FaceServicePID : 2233
03-26 17:48:35.397  2667  2993 I cameraserver: this package is a biometrics faceservice.
03-26 17:48:35.397  2249  2249 W SDM     : HWDeviceDRM::GetSupportedBitClkRate: Requested rate not supported: 1362080000
03-26 17:48:35.397  3205  5562 I EDMNativeHelperService: isFaceRecognitionAllowedEvenCameraBlocked
03-26 17:48:35.397  2249  2249 I SDM     : HWDeviceDRM::UpdateMixerAttributes: Mixer WxH 1440x3120-1 for Peripheral
03-26 17:48:35.397  5100  5100 I KeyguardClockProvider: measuredClockSize: (332.0, 523.0)
03-26 17:48:35.397  2249  2249 I SDM     : DisplayBuiltIn::SetActiveConfig: setting activeConfig(0) on Display 16777284-0. error(0)
03-26 17:48:35.397  2249  2249 I SDM     : SDMDisplay::FinalizeDisplayConfig: ActiveConfig changed from config 9(2) to 7(0) for display [0]-[0]
03-26 17:48:35.397  2249  2249 I SDM     : DisplayBuiltIn::PrePrepare: [mixer] Reconfiguring mixer with new_mixer size (1080 x 2340)
03-26 17:48:35.397  2249  2249 I SDM     : DisplayBase::ReconfigureMixer: [mixer] Reconfiguring mixer with width : 1080, height : 2340
03-26 17:48:35.397  3205  8263 I EDMNativeHelperService: isCameraEnabled
03-26 17:48:35.397  2249  2249 I SDM     : AIScalerFeatureIntfImpl::LookupConfig: Scale ratio = 1.780000
03-26 17:48:35.397  3205  8263 D EDMNativeHelper: isCameraEnabled
03-26 17:48:35.397  2249  2249 I SDM     : AIScalerParserIntfImpl::LookupConfig: Scale Ratio Match Found Here
03-26 17:48:35.397  3205  8263 D EDMNativeHelper: checking for camera in EnterpriseDeviceManagerService
03-26 17:48:35.397  3205  8263 D EnterpriseDeviceManagerService: isCameraEnabledNative
03-26 17:48:35.397  3205  8263 D EnterpriseDeviceManagerService: checking for camera in restriction policy
03-26 17:48:35.397  2249  2249 W SDM     : DisplayBase::SetHWDetailedEnhancerConfig: SetDetailEnhancerConfig failed. err = 10
03-26 17:48:35.397  2667  2993 I CameraService: CameraService::validateClientPermissionsLocked is ok : calling pid 2233, calling uid 1000, client client.pid<2233> , cameraservice pid=2667, device user 0, currently allowed device users: 0
03-26 17:48:35.397  2667  2993 I CameraService: CameraService::handleEvictionsLocked
03-26 17:48:35.397  2667  2993 I CameraService: wouldEvictLocked: [incoming client] owner = 2233, priority-score=200, cost=100, returnIncompatibleClients=false
03-26 17:48:35.397  5100  5100 I AODDataSettings[8.0.6]:AODDataManager: set last notified widget data: ComplicationWidgetsImpl(id=complication_widget:0:SingleDisplay:Portrait:LockScreenOnly:, width=DirectionDimensionImpl(value=0.0, type=WRAP_CONTENT, isHorizontal=true), height=DirectionDimensionImpl(value=0.0, type=WRAP_CONTENT, isHorizontal=false), x=DefaultDimensionImpl(value=0.0, type=PX, isHorizontal=true), y=DirectionDimensionImpl(value=0.0, type=PX, isHorizontal=false), isEnabled=true, widgets=[WidgetImpl(widgetId=7, componentName=com.sec.android.app.shealth/com.samsung.android.app.shealth.tracker.dailyactivity.widget.DaWidgetReceiver, width=2, height=1, x=null, y=null, secondaryX=null, secondaryY=null)], widgetListRawData=com.sec.android.app.shealth/com.samsung.android.app.shealth.tracker.dailyactivity.widget.DaWidgetReceiver;7;2)
03-26 17:48:35.397  2667  2993 I CameraService: wouldEvictLocked: [cost info] current cost=0, adding cost=100, total cost=100, max cost=100
03-26 17:48:35.397  2667  2993 I CameraService: wouldEvictLocked: [highestPriority] owner=2233, score=200
03-26 17:48:35.397  2667  2993 I CameraFlashlight: prepareDeviceOpen: prepare for device open(cameraId=4)
03-26 17:48:35.397  5100  5100 I AODDataSettings[8.0.6]:AODDataManager: getCurrentSize() from windowConfig = 1080.0x2340.0
03-26 17:48:35.397  2667  2993 I Camera2ClientBase: Camera 4: Opened. Client: client.pid<2233> (PID 2233, UID 1000)
03-26 17:48:35.397  5100  5100 I DataStoreState: setRootSize : 1080.0x2340.0
03-26 17:48:35.397  2667  2993 I CameraDeviceClient: CameraDeviceClient 4: Opened
03-26 17:48:35.397  2667  2993 I CameraService: makeClient: Camera2 API, rotationOverride 0
03-26 17:48:35.397  5100  5100 D FaceWidgetMusicPageShownManager: mCurrentMediaData is NULL
03-26 17:48:35.397  5100  5100 D FaceWidgetMusicPageShownManager: updateMusicPageShownState() show = false, reattach = false, reason = waking up
03-26 17:48:35.397  5100  5100 D FaceWidgetMusicPageShownManager: skip to show media panel
03-26 17:48:35.397  5100  5100 D KeyguardSecIndicationController: addTrustAgentHelp false
03-26 17:48:35.397  2667  2993 I CameraService: service.camera.client set to client.pid<2233>
03-26 17:48:35.397  5100  5100 D KeyguardSecIndicationPolicy:  remove Item pos = DEFAULT, type =     TRUST_AGENT_HELP
03-26 17:48:35.397  5100  5100 D KeyguardSecIndicationController: addUsbRestriction false/isSecure=true
03-26 17:48:35.398  5100  5100 D KeyguardSecIndicationPolicy:  remove Item pos = DEFAULT, type =      USB_RESTRICTION
03-26 17:48:35.398  3205  7803 I CameraManagerGlobal: Camera 4 facing CAMERA_FACING_FRONT state now CAMERA_STATE_OPENING for client client.pid<2233> API Level 2 User Id 0Device Id 0
03-26 17:48:35.398  5100  5100 D KeyguardSecIndicationController: addBatteryAndOwnerInfoIndication() battery status = BatteryStatus{status=2,level=35,plugged=2,chargingStatus=0,maxChargingWattage=-1,remaining=8017000ultraFastCharger=0}
03-26 17:48:35.398  3205  7803 I CameraManagerGlobal: onCameraDeviceStateChangedLocked: post device state update
03-26 17:48:35.398  3205  7803 I CameraManagerGlobal: onCameraDeviceStateChangedLocked: post device state update
03-26 17:48:35.398  2667  2993 W IPCThreadState: Sending oneway calls to frozen process.
03-26 17:48:35.398  5382  5426 I CameraManagerGlobal: Camera 4 facing CAMERA_FACING_FRONT state now CAMERA_STATE_OPENING for client client.pid<2233> API Level 2 User Id 0Device Id 0
03-26 17:48:35.398  9142  8070 I CameraManagerGlobal: Camera 4 facing CAMERA_FACING_FRONT state now CAMERA_STATE_OPENING for client client.pid<2233> API Level 2 User Id 0Device Id 0
03-26 17:48:35.398  5100  5100 D KeyguardSecIndicationPolicy:  add T Event pos = DEFAULT, type =              BATTERY, id =  6943, text =  35%
03-26 17:48:35.398  5100  5100 D KeyguardSecIndicationPolicy: 2 ч. 13 мин. до полной зарядки, duration = 3000
03-26 17:48:35.398  8819  8828 I CameraManagerGlobal: Camera 4 facing CAMERA_FACING_FRONT state now CAMERA_STATE_OPENING for client client.pid<2233> API Level 2 User Id 0Device Id 0
03-26 17:48:35.398 21255 21265 I CameraManagerGlobal: Camera 4 facing CAMERA_FACING_FRONT state now CAMERA_STATE_OPENING for client client.pid<2233> API Level 2 User Id 0Device Id 0
03-26 17:48:35.398  2667  2993 I Camera2ClientBase: initializeImpl: Initializing client for camera 4
03-26 17:48:35.398  2667  2993 D ijt/Camera3-RequestInjector: RequestInjector[4] Mapper created
03-26 17:48:35.398  7523  7929 I CameraManagerGlobal: Camera 4 facing CAMERA_FACING_FRONT state now CAMERA_STATE_OPENING for client client.pid<2233> API Level 2 User Id 0Device Id 0
03-26 17:48:35.398  9983  9996 I CameraManagerGlobal: Camera 4 facing CAMERA_FACING_FRONT state now CAMERA_STATE_OPENING for client client.pid<2233> API Level 2 User Id 0Device Id 0
03-26 17:48:35.398  2667  2993 I Camera3-Device: Camera3Device: Created device for camera 4
03-26 17:48:35.398  2667  2993 I AidlCamera3-Device: new AidlCamera3Device E
03-26 17:48:35.398  2667  2993 I AidlCamera3-Device: SEH CameraDeviceCallback extension configure E
03-26 17:48:35.398  2667  2993 I AidlCamera3-Device: SEH CameraDeviceCallback extension configured X
03-26 17:48:35.398  2667  2993 I AidlCamera3-Device: new AidlCamera3Device X
03-26 17:48:35.398  2667  2993 I HidlServiceManagement: Trying to get transport of vendor.samsung.hardware.biometrics.face@3.0::ISehBiometricsFace/default without hwservicemanager
03-26 17:48:35.398  8886 26857 I CameraManagerGlobal: Camera 4 facing CAMERA_FACING_FRONT state now CAMERA_STATE_OPENING for client client.pid<2233> API Level 2 User Id 0Device Id 0
03-26 17:48:35.398  3205  5028 D SemInputDeviceManagerService: setDisplayState[1] LATE: ON(2) -> ON(2)
03-26 17:48:35.398  5100 10624 I CameraManagerGlobal: Camera 4 facing CAMERA_FACING_FRONT state now CAMERA_STATE_OPENING for client client.pid<2233> API Level 2 User Id 0Device Id 0
03-26 17:48:35.398  7849  8364 I CameraManagerGlobal: Camera 4 facing CAMERA_FACING_FRONT state now CAMERA_STATE_OPENING for client client.pid<2233> API Level 2 User Id 0Device Id 0
03-26 17:48:35.398  7849  8364 I CameraManagerGlobal: onCameraDeviceStateChangedLocked: post device state update
03-26 17:48:35.398  5100 10624 I CameraManagerGlobal: onCameraDeviceStateChangedLocked: post device state update
03-26 17:48:35.398  7849  8364 I CameraManagerGlobal: onCameraDeviceStateChangedLocked: post device state update
03-26 17:48:35.398  5100 10624 I CameraManagerGlobal: onCameraDeviceStateChangedLocked: post device state update
03-26 17:48:35.398  5100  5100 D KeyguardSecIndicationPolicy:   update top pos = DEFAULT, item = [id=0|ty=EMPTY_LOW|pr=1|txt=|ti=duration=PERSISTENT|an=false] -> [id=6943|ty=BATTERY|pr=40|txt= 35%
03-26 17:48:35.398  5100  5100 D KeyguardSecIndicationPolicy: 2 ч. 13 мин. до полной зарядки|ti=duration=3000|an=false]
03-26 17:48:35.398  5100  5100 D KeyguardSecIndicationController: onIndicationChanged() return - keyguard is not visible, pos = DEFAULT, item = [id=6943|ty=BATTERY|pr=40|txt= 35%
03-26 17:48:35.398  5100  5100 D KeyguardSecIndicationController: 2 ч. 13 мин. до полной зарядки|ti=duration=3000|an=false]
03-26 17:48:35.398  5100  5100 D KeyguardSecIndicationPolicy:    add Event pos = DEFAULT, type =      BATTERY_RESTING, id =  6944, text =  35%
03-26 17:48:35.398  5100  5100 D KeyguardSecIndicationPolicy: 2 ч. 13 мин. до полной зарядки
03-26 17:48:35.398  5100  5100 D KeyguardSecIndicationPolicy: remove e mpty pos = DEFAULT, type =         UNLOCK_GUIDE
03-26 17:48:35.398  5100  5100 D KeyguardSecIndicationPolicy:  remove Item pos = DEFAULT, type =         UNLOCK_GUIDE
03-26 17:48:35.398  2233 10937 I sec_fr_SehFace: SehFace::getServicePid
03-26 17:48:35.398  2233 10937 I sec_fr_SehFace: FaceServicePID : 2233
03-26 17:48:35.398  2667  2993 I cameraserver: this package is a biometrics faceservice.
03-26 17:48:35.398  2667  2993 D CameraService: notifyCameraOpening: Bypassing checkOp for uid 1000
03-26 17:48:35.398  2667  2993 I CameraService: Drop updateStatus callbak for package client.pid<2233>(pid 2233)
03-26 17:48:35.398  2667  2993 I CameraService: Try register CameraPricacyPolicy for HW_BINDER
03-26 17:48:35.398  2249  2531 I SDM     : DRMPanelFeatureMgr::ApplyDirtyFeature: Commited panel feature [enabled]: 15-280
03-26 17:48:35.398  2249  2531 I SDM     : HWDeviceDRM::SetupAtomic: update ActiveConfig. pre_vrefresh : 60, current_vrefresh: 120, update_mode_: 1
03-26 17:48:35.398 28020  8023 I CameraManagerGlobal: Camera 4 facing CAMERA_FACING_FRONT state now CAMERA_STATE_OPENING for client client.pid<2233> API Level 2 User Id 0Device Id 0
03-26 17:48:35.399  5100  5100 D UnlockedScreenOffAnimation: onStartedWakingUp: needUpdateSetLockScreenShown=false
03-26 17:48:35.399  2667  2993 I CameraService: CameraPrivacyPolicy: Registered with SensorPrivacyManager
03-26 17:48:35.399  5100  5100 D NavBarView: disableBack=false (isBackDismissIme=false, handlingGestures=false, disabledFlagBack=false, isBottomGesture=false, isImeRenderingNavButtons=false)
03-26 17:48:35.399  2667  2993 D AidlCamera3-Device: CameraPerf: initialize E
03-26 17:48:35.399  2667  2993 D AidlCamera3-Device: initialize: mInterfaceLock.lock()
03-26 17:48:35.399  2667  2993 D CameraProviderManager: CameraPerf: openAidlSession E
03-26 17:48:35.399  3205  3381 I ImeTracker: system_server:a25eb147: onRequestShow at ORIGIN_SERVER reason CONTROLS_CHANGED fromUser false
03-26 17:48:35.399  5100  5100 D Navbar.Store: handleEvent(0) OnUpdateSysUiStateFlag(noArguments=true) [Module] SamsungNavigationBarView
03-26 17:48:35.399  5100  5100 D Navbar.Store: --[Band]GESTURE_PACK_UPDATE_SYSTEMUI_STATE_FLAG
03-26 17:48:35.399  5100  5100 D Navbar.Store: --[Band] (afterAction) GESTURE_PACK_UPDATE_SYSTEMUI_STATE_FLAG
03-26 17:48:35.399  5100  5100 D PluginAODManager: onStartedWakingUp
03-26 17:48:35.399  5100  5100 D PluginAODManager: onStartedWakingUp why=6
03-26 17:48:35.399  5100  5100 D PluginAODManager: clearNotiMapIfNeeded() clear
03-26 17:48:35.399  7782   448 I CameraManagerGlobal: Camera 4 facing CAMERA_FACING_FRONT state now CAMERA_STATE_OPENING for client client.pid<2233> API Level 2 User Id 0Device Id 0
03-26 17:48:35.399  2256  4166 I Samsung_CameraDevice_impl: [CAMKPI] camera3->open : E
03-26 17:48:35.399  2256  4166 I Unihal  : UniDebugLog.cpp: __unihal_log_status_update: 60: UpdateLogStatus 0000000d ERR 1 PERF 0 WARN 4 INFO 8 DEBUG 0 DUMP 0 STRACE 0 META 0
03-26 17:48:35.399  2256  4166 I Unihal  : UniHal3InterfaceEntry.cpp: uni_open_camera_hardware: 655: [UNIKPI][4] UniHAL->open: E
03-26 17:48:35.399  2256  4166 I Unihal  : UniHal3InterfaceEntry.cpp: uni_open_camera_hardware: 658: UNIHAL_VERSION = "plus2.0"
03-26 17:48:35.399  2256  4166 I Unihal  : UniHalPlusMediator.cpp: CheckFakeOpen: 1021: camid: 4, device: 0xb4000076d9c61f50
03-26 17:48:35.399  5100  5100 I AOD_BRIGHTNESS@BrightnessManager: mCurrentPlatformBrightness : 51, isForceState[0, ForceStateReason[[]], mAppliedPlatformBrightness[51]
03-26 17:48:35.399  2256  4166 I Unihal  : UniHalPlusMediator.cpp: CheckFakeOpen: 1049: Is fake open : FALSE
03-26 17:48:35.399  2256  4166 I Unihal  : UniHalPlusMediator.cpp: OpenCamera: 81: Device:0xb4000076d9c61f50: E
03-26 17:48:35.399  2256  4166 I Unihal  : CameraDevice.cpp: OpenCameraHardware_v3: 425: name : 4 camera id : 4
03-26 17:48:35.399  2256  4166 I Unihal  : CameraDevice.cpp: OpenCameraHardware_v3: 448: [UNIKPI][4] VndHAL->open: E
03-26 17:48:35.400  2278  2278 I SSC_DAEMON: handleSensorTestReqMsg:88, Sensor type :4, Msg type:11
03-26 17:48:35.400  5100  5100 D AppController: screen_on : action = android.intent.action.SCREEN_ON
03-26 17:48:35.400  5100  5739 D AppController: screen_on : regist SensorManager
03-26 17:48:35.400  3205  3205 D AODManagerService: requestReCalToTSP IsSingleTouchMode = falserequestedReCalToTSP = false / previousDisplayState = ON
03-26 17:48:35.400  2278  4099 I SSC_DAEMON: light_event_log:170, light_msg(4/11): br 51 (lux 29,idx 0) - -1,-1,13
03-26 17:48:35.400 30644 30644 I ImeTracker: system_server:a25eb147: onCancelled at PHASE_CLIENT_ON_CONTROLS_CHANGED
03-26 17:48:35.401  5386  5404 D NxpGenExtn: vendor_nfc_handle_event Enter eventCode:12
03-26 17:48:35.401  5386  5404 D NxpGenExtn: handleVendorNciRspNtf Enter dataLen:4
03-26 17:48:35.401  5386  5404 D NxpPropExtn: phNxpProp_HandleVendorNciRspNtf PropExtensionController Enter dataLen:4
03-26 17:48:35.401  5386  5404 D NxpPropExtn: handleVendorNciRspNtf Enter dataLen:4
03-26 17:48:35.401  5386  5404 D NxpGenExtn: stopWriteRspTimer Enter cmdGid:0, cmdOid:9, rspGid:0, rspOid:9,
03-26 17:48:35.401  5386  5404 D NxpPropExtn: NciStateMonitor handleVendorNciRspNtf Enter chiptype:14,mScreenState:2,nfcRfState:1
03-26 17:48:35.401  5386  5404 D NxpGenExtn: DefaultEventHandler::handleVendorNciRspNtf Enter dataLen:4
03-26 17:48:35.401  5386  5404 D NxpGenExtn: phNxpExtn_HandleVendorNciRspNtf prop status:81
03-26 17:48:35.401  5386  5404 D NxpGenExtn: NfcExtensionController::handleVendorNciRspNtf Enter dataLen:4
03-26 17:48:35.401  5386  5404 D NxpGenExtn: DefaultEventHandler::handleVendorNciRspNtf Enter dataLen:4
03-26 17:48:35.401  5386  5404 D NxpGenExtn: phNxpExtn_HandleVendorNciRspNtf gen status:81
03-26 17:48:35.400  1033 10909 I CameraManagerGlobal: Camera 4 facing CAMERA_FACING_FRONT state now CAMERA_STATE_OPENING for client client.pid<2233> API Level 2 User Id 0Device Id 0
03-26 17:48:35.401  5100  5100 D QSClockBellTower: He is ready to ring the bell. (((QSClockBellSound - TimeText:17:48, TimeContentDescription:17:48, DateText:чт, 26 марта, ShortDateText:чт, 26 мар., Demo:false)))
03-26 17:48:35.401  5100  5100 D QSClock : StatusBar clock=17:48 notifyTimeChanged(QSClockBellSound - TimeText:17:48, TimeContentDescription:17:48, DateText:чт, 26 марта, ShortDateText:чт, 26 мар., Demo:false) clockVisibleByPolicy=true, clockVisibleByUser=true, visible=false, parent=android.widget.LinearLayout{6690e9 V.E...... ........ 0,0-0,68 #7f0a069b app:id/left_clock_container} caller=com.android.systemui.statusbar.phone.fragment.CollapsedStatusBarFragment.animateHiddenState:96 com.android.systemui.statusbar.phone.fragment.CollapsedStatusBarFragment.updateStatusBarVisibilitiesInner:260 com.android.systemui.statusbar.phone.fragment.CollapsedStatusBarFragment$$ExternalSyntheticLambda1.run:6 com.android.systemui.statusbar.phone.fragment.CollapsedStatusBarFragmentExt.onKeyguardShowingChanged:10 com.android.systemui.statusbar.policy.KeyguardStateControllerImpl$$ExternalSyntheticLambda0.accept:24
03-26 17:48:35.401  5100  5100 D QSClockBellTower: Everyone heard the bell. run(currentTime:1774529315401, getTime():Thu Mar 26 17:48:35 GMT+05:00 2026, getTimeZone():libcore.util.ZoneInfo[mDstSavings=0,mUseDst=false,mDelegate=[id="Asia/Yekaterinburg",mRawOffset=18000000,mEarliestRawOffset=14553000,transitions=66]])
03-26 17:48:35.402 32350   838 I CameraManagerGlobal: Camera 4 facing CAMERA_FACING_FRONT state now CAMERA_STATE_OPENING for client client.pid<2233> API Level 2 User Id 0Device Id 0
03-26 17:48:35.403  5100  5100 I SecKeyguardClockPositionAlgorithm: prepareClockContainerHeightChanging:
03-26 17:48:35.403  5100  5100 I PluginFaceWidgetManager: isEditMode = false
03-26 17:48:35.403  5100  5100 I NowBarItemManager: getVisibleList isScreenTurnedOn = true / aodShowState false shouldControlScreenOff false visibleList size = 1
03-26 17:48:35.403  7931  7338 I CameraManagerGlobal: Camera 4 facing CAMERA_FACING_FRONT state now CAMERA_STATE_OPENING for client client.pid<2233> API Level 2 User Id 0Device Id 0
03-26 17:48:35.403  5100  5100 I NowBarItemManager: visibleList idx=0, , AI_BRIEF_KEY, AI_BRIEF | 7
03-26 17:48:35.403  5100  5100 I SecKeyguardClockPositionAlgorithm: prepareClockContainerHeightChanging:
03-26 17:48:35.403  5100  5100 I PluginFaceWidgetManager: isEditMode = false
03-26 17:48:35.403  5100  5100 I NowBarItemManager: getVisibleList isScreenTurnedOn = true / aodShowState false shouldControlScreenOff false visibleList size = 1
03-26 17:48:35.403  5100  5100 I NowBarItemManager: visibleList idx=0, , AI_BRIEF_KEY, AI_BRIEF | 7
03-26 17:48:35.403  5100  5100 I NowBarCardViewModel: setNowBarVisibility: true
03-26 17:48:35.403  5100  5100 D NotificationPanelView: setNowBarVisibility() isVisible = true
03-26 17:48:35.403  5100  5100 D KeyguardSecBottomAreaViewController: setNowBarVisibility  isVisible: true, oldVisible: false, showShortcutAnim: false, isShortcutAnimRunning: false
03-26 17:48:35.403  5100  5223 I FromDozingTransitionInteractor: listenForDozingToAny isKeyguardOccludedLegacy=false, keyguardViewMediatorHelperImpl.isOccluded()=false keyguardInteractor.isKeyguardOccluded.value=false primaryBouncerShowing=false isKeyguardGoingAway=false
03-26 17:48:35.403  5100  5100 D KeyguardSecAffordanceView: setNowBarVisibility old: false, new: true, LeftShortcut
03-26 17:48:35.403  5100  5223 D KeyguardTransitionRepository: (Internal) Setting current transition info: TransitionInfo(ownerName=FromDozingTransitionInteractor, from=DOZING, to=LOCKSCREEN, animated)
03-26 17:48:35.403  5100  5100 D KeyguardSecAffordanceView: setNowBarVisibility animate: false, mDeviceInteractive: false, isKeyguardVisible: true, LeftShortcut
03-26 17:48:35.403  5100  5100 D KeyguardSecAffordanceView: setNowBarVisibility old: false, new: true, RightShortcut
03-26 17:48:35.403  3205  6415 D LiftUpHandler: [LTW] Stopped already.
03-26 17:48:35.403  5100  5100 D KeyguardSecAffordanceView: setNowBarVisibility animate: false, mDeviceInteractive: false, isKeyguardVisible: true, RightShortcut
03-26 17:48:35.403  5100  5100 W View    : requestLayout() improperly called by com.android.systemui.qs.SecQSGradationDrawableView{2ed57a9 V.E...... ......I. 0,0-1080,332 #7f0a0a16 app:id/qs_gradation_view} during layout: running second layout pass
