03-26 17:48:57.704  2256 11076 E CamX    : [ERROR][HAL    ] camxhal3.cpp:1999 initialize() haldevice: 0xb40000759b17b680
03-26 17:48:57.706  9142  9142 I HBD     : DeX h DeX mode state change in non-main thread
03-26 17:48:57.706  9142  9142 I HBD     : DeX h DeX mode state change: 3
03-26 17:48:57.706  2256 11076 E CamX    : [ERROR][HAL    ] camxhaldevice.h:200 SetCallbackOps() device: 0xb40000759b17b680 callback: 0xb4000075d9c1d3d0
03-26 17:48:57.706  2256 11076 I Unihal  : UniHalPlusMediator.cpp: Initialize: 391: Device:0xb4000076d9bf1c40: X
03-26 17:48:57.706  9142  9142 I SPenContext: virtual void SPen::Context::SetDisplayRefreshRate(float) framerate=120
03-26 17:48:57.706  9142  9142 I LatencyConfiguration: void SPen::LatencyConfiguration::UpdateRefreshRate(float) RefreshRate=120.000008
03-26 17:48:57.706  9142  9142 I LatencyConfiguration: void SPen::LatencyConfiguration::UpdateRefreshRate(float) RefreshRateCallback 0xb400007872ebe550
03-26 17:48:57.706  9142  9142 I PredictorBase: virtual void SPen::PredictorBase::SetRefreshRate(float) Refresh rate: 120.000
03-26 17:48:57.706  9142  9142 I spe_log : virtual void SPen::FbrDrawPad::SetRefreshRate(float) = 120.000
03-26 17:48:57.706  9142  9142 I spe_log : virtual void SPen::FbrDrawPad::SetRefreshRate(float) mFrameDurationNano=8333333, mDisplayRefreshDurationNano: 8333333
03-26 17:48:57.706  9142  9142 I spe_log : virtual void SPen::LowLatencyStrokeView::SetRefreshRate(float) refresh rate=120.000
03-26 17:48:57.706 19218 19218 I [CE]_ContextEngineReceiver: onReceive - ContextEngineReceiver onReceive action : com.samsung.android.ce.SCREEN_ON
03-26 17:48:57.706  2235 11289 I HYPER-HAL: [RequestManager.cpp]releaseLocked(): Released ID : 796701164
03-26 17:48:57.706  5100  5100 I VRI[KeyguardBiometricToastView]@3c80f3a: Relayout returned: old=(0,0,1080,2340) new=(0,0,1080,2340) relayoutAsync=false req=(907,203)8 dur=7 res=0x0 s={false 0x0} ch=false seqId=0
03-26 17:48:57.707  2295  4720 I VSyncReactor: Current= 30, Period= 120, hwcPeriod= 30
03-26 17:48:57.707  2256 11076 I SCH_AidlCameraDeviceSession: SEH CameraDevice callback extension acquired.
03-26 17:48:57.707  2256 11076 I SCH_AidlCameraDeviceSession: SEH Success to set CameraDeviceSession Extention
03-26 17:48:57.707  5100  5100 D VRI[KeyguardBiometricToastView]@3c80f3a: Not drawing due to not visible. Reason=View.GONE
03-26 17:48:57.707 10859 10882 D UiDevice: Waiting 5000ms for SearchCondition[hasObject=BySelector [PKG='\Qcom.sec.android.app.launcher\E']].
03-26 17:48:57.707 10859 10882 D UiDevice: Searching for node with selector: BySelector [PKG='\Qcom.sec.android.app.launcher\E'].
03-26 17:48:57.707  5100  5100 W KeyguardSecurityViewFlipper: onMeasure: widthSpec MeasureSpec: EXACTLY 1080 should be AT_MOST
03-26 17:48:57.707  5100  5100 W KeyguardSecurityViewFlipper: onMeasure: heightSpec MeasureSpec: EXACTLY 2205 should be AT_MOST
03-26 17:48:57.707  5100  5100 W KeyguardSecurityViewFlipper: onMeasure: widthSpec MeasureSpec: EXACTLY 1080 should be AT_MOST
03-26 17:48:57.707  5100  5100 W KeyguardSecurityViewFlipper: onMeasure: heightSpec MeasureSpec: EXACTLY 2205 should be AT_MOST
03-26 17:48:57.707  5386  5404 D NxpGenExtn: vendor_nfc_handle_event Enter eventCode:12
03-26 17:48:57.707  5386  5404 D NxpGenExtn: handleVendorNciRspNtf Enter dataLen:5
03-26 17:48:57.707  5386  5404 D NxpPropExtn: phNxpProp_HandleVendorNciRspNtf PropExtensionController Enter dataLen:5
03-26 17:48:57.707  5386  5404 D NxpPropExtn: handleVendorNciRspNtf Enter dataLen:5
03-26 17:48:57.707  5386  5404 D NxpGenExtn: stopWriteRspTimer Enter cmdGid:0, cmdOid:2, rspGid:0, rspOid:2,
03-26 17:48:57.707  5100  5100 D NavigationBar: setImeWindowStatus displayId=0 vis=0 backDisposition=0 showImeSwitcher=false isImeVisible=false
03-26 17:48:57.708  5100  5100 D AppController: screen_on : action = android.intent.action.SCREEN_ON
03-26 17:48:57.708  2667 17874 D CameraProviderManager: CameraPerf: openAidlSession X (15ms)
03-26 17:48:57.708  5100  5739 D AppController: screen_on : regist SensorManager
03-26 17:48:57.709  2667 17874 D AidlCamera3-Device: CameraPerf: initialize X (15ms)
03-26 17:48:57.709  2667 17874 D Camera3-Device: CameraPerf: initializeCommonLocked: E
03-26 17:48:57.709  2667 17874 I Camera3-Status: addComponent: Adding new component 0 - InflightRequests
03-26 17:48:57.709  2667 17874 I Camera3-Status: addComponent: Adding new component 1 - RequestThread
03-26 17:48:57.709  2667 17874 I Camera3-Device: setCameraMute, enabled = false, supported = true
03-26 17:48:57.709  2667 17874 D Camera3-Device: initializeCommonLocked mTimestampOffset = 352125295128904ns.
03-26 17:48:57.709  2667 17874 D Camera3-Device: CameraPerf: initializeCommonLocked: X (0ms)
03-26 17:48:57.709  2667 17874 E Camera2-FrameProcessorBase: FrameProcessorBase: created
03-26 17:48:57.709  5100  5236 D HWUI    : HWUI - treat SMPTE_170M as sRGB
03-26 17:48:57.709  2667 17874 E Camera2-FrameProcessorBase: registerListener: Registering listener for frame id range 0 - 2147483647
03-26 17:48:57.710  2224  2224 I sensors-hal: set_config:60, sample_period_ns is adjusted to 0 based on min/max delay_ns
03-26 17:48:57.710  2224  2224 I sensors-hal: batch:368, android.sensor.pick_up_gesture/252, period=1000000, max_latency=0 request completed
03-26 17:48:57.710  2667 17874 I CameraService: connectHelper: overrideCameraMuteMode = false, isCameraPrivacyEnabled = false
03-26 17:48:57.710  5386  5404 D NxpGenExtn: DefaultEventHandler::handleVendorNciRspNtf Enter dataLen:5
03-26 17:48:57.710  5386  5404 D NxpGenExtn: phNxpExtn_HandleVendorNciRspNtf prop status:81
03-26 17:48:57.710  2667 17874 I Camera3-Device: setCameraMute, enabled = false, supported = true
03-26 17:48:57.710  5386  5404 D NxpGenExtn: NfcExtensionController::handleVendorNciRspNtf Enter dataLen:5
03-26 17:48:57.710  2667 17874 I CameraService: CameraService::finishConnectLocked E
03-26 17:48:57.710  2667 17874 I CameraService: wouldEvictLocked: [incoming client] owner = 2233, priority-score=200, cost=100, returnIncompatibleClients=false
03-26 17:48:57.710  5386  5404 D NxpGenExtn: DefaultEventHandler::handleVendorNciRspNtf Enter dataLen:5
03-26 17:48:57.710  2667 17874 I CameraService: wouldEvictLocked: [cost info] current cost=0, adding cost=100, total cost=100, max cost=100
03-26 17:48:57.710  2667 17874 I CameraService: wouldEvictLocked: [highestPriority] owner=2233, score=200
03-26 17:48:57.710  2667 17874 I CameraService: addAndEvict: push the client(owner 2233, priorityScore 200, state 1) to mClients
03-26 17:48:57.710  2667 17874 I CameraService: CameraService::finishConnectLocked X
03-26 17:48:57.710  2667 17874 I CameraDeviceClient: notifyAppPackageName
03-26 17:48:57.710  2667 17874 D AidlCamera3-Device: CameraPerf: setParameters E
03-26 17:48:57.710  3987  4013 D SemNativeCarrierFeature_vendor: getInstance
03-26 17:48:57.710  2256  4165 I Unihal  : UniHal3InterfaceEntry.cpp: uni_set_parameters: 524: set_parameters : pkgName=client.pid<2233>;
03-26 17:48:57.711  2667 17874 D AidlCamera3-Device: CameraPerf: setParameters X (0ms)
03-26 17:48:57.711  2224  2224 I sensors-hal: activate:305, android.sensor.pick_up_gesture/252 en=1
03-26 17:48:57.711  2667 17874 I CameraService: Notified package name to HAL.
03-26 17:48:57.711  2224  2224 I sensors-hal: acquire_qsh_interface:140, acquire_qsh_interface with sensor_id 5 , conn_type 1
03-26 17:48:57.711  2224  2224 I sensors-hal: acquire_qsh_interface:143, returning _shared_instance[SHARED_ON_CHANGE_WAKEUP].conn - wakeup
03-26 17:48:57.711  2224  5038 I sensors-hal: qsh_conn_event_cb:927, event[0] sensor:Pocket Position Mode  Wakeup, msg_id=1025, ts=11358098497151
03-26 17:48:57.711  2224  2224 I sensors-hal: acquire_shared_instance:174, re-use existing connection for type 1
03-26 17:48:57.711  2667 17874 I CameraService: connectHelper: Skip Request Injector ExtraRequests to new client(client.pid<2233>)
03-26 17:48:57.711  2224  5038 I sensors-hal: handle_sns_client_event:73, pocket_pos_mode_event: ts = 591561697535047 ns; value = [2, 2, 6, 2, 0, 21093000, 0, 0, 0, 0]
03-26 17:48:57.711  2224  2224 I sensors-hal: send_sync_sensor_request:515, send sync request
03-26 17:48:57.711  2667 17874 I CameraServiceProxyWrapper: updateProxyDeviceState: notifyCameraState for Camera ID 4, newState 0, facing 1, clientName client.pid<2233>, apiLevel 2
03-26 17:48:57.711  2224  2224 I sensors-hal: send_sync_sensor_request:544, wait for notification of response
03-26 17:48:57.711  5100  5100 D QSClockBellTower: He is ready to ring the bell. (((QSClockBellSound - TimeText:17:48, TimeContentDescription:17:48, DateText:чт, 26 марта, ShortDateText:чт, 26 мар., Demo:false)))
03-26 17:48:57.711  3205  7805 I CameraManagerGlobal: Camera 4 facing CAMERA_FACING_FRONT state now CAMERA_STATE_OPEN for client client.pid<2233> API Level 2 User Id 0Device Id 0
03-26 17:48:57.711  3205  6658 I AudioManager: setParameters keyValuePairs = cameraFacing=front
03-26 17:48:57.711  5100  5100 D QSClock : StatusBar clock=17:48 notifyTimeChanged(QSClockBellSound - TimeText:17:48, TimeContentDescription:17:48, DateText:чт, 26 марта, ShortDateText:чт, 26 мар., Demo:false) clockVisibleByPolicy=true, clockVisibleByUser=true, visible=false, parent=android.widget.LinearLayout{6690e9 V.E...... ........ 0,0-0,68 #7f0a069b app:id/left_clock_container} caller=com.android.systemui.statusbar.phone.fragment.CollapsedStatusBarFragment.animateHiddenState:96 com.android.systemui.statusbar.phone.fragment.CollapsedStatusBarFragment.updateStatusBarVisibilitiesInner:260 com.android.systemui.statusbar.phone.fragment.CollapsedStatusBarFragment$$ExternalSyntheticLambda1.run:6 com.android.systemui.statusbar.phone.fragment.CollapsedStatusBarFragmentExt.onKeyguardShowingChanged:10 com.android.systemui.statusbar.policy.KeyguardStateControllerImpl$$ExternalSyntheticLambda0.accept:24
03-26 17:48:57.711  2667 17874 W IPCThreadState: Sending oneway calls to frozen process.
03-26 17:48:57.711  8819  8828 I CameraManagerGlobal: Camera 4 facing CAMERA_FACING_FRONT state now CAMERA_STATE_OPEN for client client.pid<2233> API Level 2 User Id 0Device Id 0
03-26 17:48:57.711 21255 21265 I CameraManagerGlobal: Camera 4 facing CAMERA_FACING_FRONT state now CAMERA_STATE_OPEN for client client.pid<2233> API Level 2 User Id 0Device Id 0
03-26 17:48:57.711  2280  5944 D AudioFlinger: setParameters: filtered dev setParameters keyvalue cameraFacing=front
03-26 17:48:57.711  7523  7929 I CameraManagerGlobal: Camera 4 facing CAMERA_FACING_FRONT state now CAMERA_STATE_OPEN for client client.pid<2233> API Level 2 User Id 0Device Id 0
03-26 17:48:57.711  8886 16140 I CameraManagerGlobal: Camera 4 facing CAMERA_FACING_FRONT state now CAMERA_STATE_OPEN for client client.pid<2233> API Level 2 User Id 0Device Id 0
03-26 17:48:57.711 32350   564 I CameraManagerGlobal: Camera 4 facing CAMERA_FACING_FRONT state now CAMERA_STATE_OPEN for client client.pid<2233> API Level 2 User Id 0Device Id 0
03-26 17:48:57.711  1033 16375 I CameraManagerGlobal: Camera 4 facing CAMERA_FACING_FRONT state now CAMERA_STATE_OPEN for client client.pid<2233> API Level 2 User Id 0Device Id 0
03-26 17:48:57.711  2667 17874 D Camera3-Utils: Set regular priority for thread (tid 17874)
03-26 17:48:57.711  3205  7805 I CameraManagerGlobal: onCameraDeviceStateChangedLocked: post device state update
03-26 17:48:57.711  3205  7805 I CameraManagerGlobal: onCameraDeviceStateChangedLocked: post device state update
03-26 17:48:57.711 28020 11296 I CameraManagerGlobal: Camera 4 facing CAMERA_FACING_FRONT state now CAMERA_STATE_OPEN for client client.pid<2233> API Level 2 User Id 0Device Id 0
03-26 17:48:57.711  5100  5100 D QSClockBellTower: Everyone heard the bell. run(currentTime:1774529337710, getTime():Thu Mar 26 17:48:57 GMT+05:00 2026, getTimeZone():libcore.util.ZoneInfo[mDstSavings=0,mUseDst=false,mDelegate=[id="Asia/Yekaterinburg",mRawOffset=18000000,mEarliestRawOffset=14553000,transitions=66]])
03-26 17:48:57.711  9983  9996 I CameraManagerGlobal: Camera 4 facing CAMERA_FACING_FRONT state now CAMERA_STATE_OPEN for client client.pid<2233> API Level 2 User Id 0Device Id 0
03-26 17:48:57.711  9142  8070 I CameraManagerGlobal: Camera 4 facing CAMERA_FACING_FRONT state now CAMERA_STATE_OPEN for client client.pid<2233> API Level 2 User Id 0Device Id 0
03-26 17:48:57.711  2232  2232 D AHAL_HFP_QTI: hfp_set_parameters enter
03-26 17:48:57.712  2232  2232 D AHAL_HFP_QTI: hfp_set_parameters Exit
03-26 17:48:57.712  5100  5100 I NowBarItemManager: onNowBarItemUpdated updated updatedNowBarItem = , AI_BRIEF_KEY, AI_BRIEF | 7 oldNowBarItem = , AI_BRIEF_KEY, AI_BRIEF | 7
03-26 17:48:57.712  5100  5100 I NowBarItemManager: notifyForceUpdate
03-26 17:48:57.712  5100  5100 I NowBarCardViewModel: updateView isCollapsed = true screenOn=true
03-26 17:48:57.712  2232  2232 D AHAL_SecModulePrimary: processSetVendorParameters: not configured cameraFacing
03-26 17:48:57.712  5100  1888 I KeyguardService: onDreamingStopped
03-26 17:48:57.712  3205  4994 D SemWifiCoexManager: onCameraDeviceStateChanged:  cameraId=4 facing=1 newCameraState=0 clientName=client.pid<2233>
03-26 17:48:57.712  2224  5038 I sensors-hal: qsh_conn_resp_cb:972, resp_value = 0 for pickup
03-26 17:48:57.712  2224  2224 I sensors-hal: send_sync_sensor_request:550, takes 1 ms to receive the response with 0
03-26 17:48:57.712  5100  5100 I PluginFaceWidgetManager: isEditMode = false
03-26 17:48:57.712  2224  2224 I sensors-hal: activate:335, android.sensor.pick_up_gesture/252 en=1 completed
03-26 17:48:57.712  5100  5100 I NowBarItemManager: getVisibleList isScreenTurnedOn = true / aodShowState false shouldControlScreenOff false visibleList size = 1
03-26 17:48:57.712  5100  5100 I NowBarItemManager: visibleList idx=0, , AI_BRIEF_KEY, AI_BRIEF | 7
03-26 17:48:57.712  5100  5100 I NowBarCardViewModel: setVisibility visible = 0 / nowBarRootVisibility = 0
03-26 17:48:57.712  5100  5100 I NowBarItemManager: getVisibleList isScreenTurnedOn = true / aodShowState false shouldControlScreenOff false visibleList size = 1
03-26 17:48:57.712  5100  5100 I NowBarItemManager: visibleList idx=0, , AI_BRIEF_KEY, AI_BRIEF | 7
03-26 17:48:57.712  5382  5426 I CameraManagerGlobal: Camera 4 facing CAMERA_FACING_FRONT state now CAMERA_STATE_OPEN for client client.pid<2233> API Level 2 User Id 0Device Id 0
03-26 17:48:57.712  5100  5100 I NowBarCardStackView: refreshAllViews itemList 1 aod.o5.s:71 aod.Sw0.B:16 com.samsung.android.app.facewidget.utils.NowBarCardStackView.m:14 com.samsung.android.app.facewidget.presentation.NowBarCardViewModel.x:174 com.samsung.android.app.facewidget.presentation.NowBarCardViewModel.j:38 com.samsung.android.app.facewidget.domain.NowBarItemManager.k:31 com.samsung.android.app.facewidget.domain.NowBarItemManager.v:547 com.samsung.android.app.facewidget.FaceWidgetNotificationController.onNowBarItemUpdated:12 java.lang.reflect.Method.invoke:-2 com.android.systemui.plugins.annotations.VersionCheckingProxy.invoke:100 java.lang.reflect.Proxy.invoke:1006 $Proxy15.onNowBarItemUpdated:-1 com.android.systemui.facewidget.plugin.FaceWidgetNotificationControllerWrapper.updateItem:5 com.android.systemui.aibrief.control.BriefNowBarController$updateNowBar$1.run:13 android.os.Handler.handleCallback:995
03-26 17:48:57.712  5100  5100 I NowBarCardStackView: refreshAllViews topcard -> , AI_BRIEF_KEY, AI_BRIEF | 7
03-26 17:48:57.712  5100  5100 I NowBarCardStackView: refreshAllViews prev = 1 / new = 1  (idx=0 , AI_BRIEF_KEY, AI_BRIEF | 7)  ==> (idx=0 , AI_BRIEF_KEY, AI_BRIEF | 7)
03-26 17:48:57.712  7931 13371 I CameraManagerGlobal: Camera 4 facing CAMERA_FACING_FRONT state now CAMERA_STATE_OPEN for client client.pid<2233> API Level 2 User Id 0Device Id 0
03-26 17:48:57.712  5100  5100 I NowBarExternalViewCardView@149: refreshValuesByNowbarItem expandContentRootView android.widget.FrameLayout{c3a3618 G.E...... ......ID 0,0-1080,2340 #7f0a217a app:id/fullscreen_now_bar_parent_container_for_ai}
03-26 17:48:57.712  5100  5100 I NowBarExternalViewCardView@149: refreshConfigureValues landscape = false normalCardWidth = 635.04 normalCardHeight = 163.8
03-26 17:48:57.712  5100  5238 D SensorManager: requestTrigger :: 252, Pick Up Gesture  Wakeup, com.android.systemui.deviceentry.ui.binder.LiftToRunFaceAuthBinder$listener$1@82bddae
03-26 17:48:57.712  5100  5100 I NowBarExternalViewCardView@149: applyCardContent NowBarItem{notiID=, nowBarKey='AI_BRIEF_KEY, nowBarPackage='com.android.systemui.aibrief, nowBarViewStyle=7, userId=-10000, pendingIntent=null, pendingIntentOnSubScreen=PendingIntent{e608ede: android.os.BinderProxy@c495835}, chipIcon=null, expandedChipView=null, chipBackground=1, actions=null, actionBgColors=null, primaryActionNum=0, cardIcon=null, cardIconBg=1, primaryInfo=', primaryInfoColor=1, secondaryInfo=', secondaryInfoColor=0, moreInfo=', customExpandedCardView=null, cardBackground=1, faceWidgetMediaData=null, expandedChipText=, chronometerView=null, chronometerViewOnSubScreen=null, chronometerTag=null, shouldRemoveCard=false, contentViewForNormalCard=com.android.systemui.aibrief.ui.BriefNowBarView{104c333 V.E...... ........ 0,0-635,163 #7f0a00c9 app:id/ai_brief_now_bar_container}, contentViewForExpandCardOnSubScreen=android.widget.FrameLayout{ef2d6f0 V.E...... ......ID 0,0-0,0 #7f0a0d8a app:id/suggestion_container}, contentViewForNormalCard=com.android.systemui.aibrief.ui.BriefNowBarView{104c333 V.E...... ........ 0,0-635,163 #7f0a00c9 app:id/ai_brief_now_bar_container}, contentViewForExpandCardOnSubScreen=android.widget.FrameLayout{ef2d6f0 V.E...... ......ID 0,0-0,0 #7f0a0d8a app:id/suggestion_container}}
03-26 17:48:57.712  5100  5136 I CameraManagerGlobal: Camera 4 facing CAMERA_FACING_FRONT state now CAMERA_STATE_OPEN for client client.pid<2233> API Level 2 User Id 0Device Id 0
03-26 17:48:57.712  5100  5100 I NowBarExternalViewCardView@149: applyCardContent contentViewForNormalCard com.android.systemui.aibrief.ui.BriefNowBarView{104c333 V.E...... ........ 0,0-635,163 #7f0a00c9 app:id/ai_brief_now_bar_container} / contentViewForExpandCard android.widget.FrameLayout{ef2d6f0 V.E...... ......ID 0,0-0,0 #7f0a0d8a app:id/suggestion_container} / ongoingExpandView null
03-26 17:48:57.712  3205  4623 D SEP_UNION_SemDeviceInfoManagerService: onReceive : android.intent.action.SCREEN_ON, userId = 0
03-26 17:48:57.712  5100  5136 I CameraManagerGlobal: onCameraDeviceStateChangedLocked: post device state update
03-26 17:48:57.712  5100  5136 I CameraManagerGlobal: onCameraDeviceStateChangedLocked: post device state update
03-26 17:48:57.712  7782   448 I CameraManagerGlobal: Camera 4 facing CAMERA_FACING_FRONT state now CAMERA_STATE_OPEN for client client.pid<2233> API Level 2 User Id 0Device Id 0
03-26 17:48:57.712  2233 11310 I sec_fr_FaceCameraClient: [0] E openCamera
03-26 17:48:57.713  2233 11310 I CameraMetaDataTag: init
03-26 17:48:57.713  7782 13627 I EadCameraController: onCameraDeviceStateChanged:  cameraId=4 facing=1 newCameraState=0 clientName=client.pid<2233>
03-26 17:48:57.713  2233 11310 I sec_fr_FaceCameraClient: [0] FaceCameraClient::onAImageClientCallback()
03-26 17:48:57.713  2233 11310 I sec_fr_FaceCameraClient: [0] mAnw.size(): 1, mCameraInfo->getBufferQCount(): 1
03-26 17:48:57.713  2233 11310 I sec_fr_FaceCameraClient: [0] S FaceCameraClient::onStartCameraStream()
03-26 17:48:57.713  2233 11310 I sec_fr_FaceCameraClient: [0] Setting Request Index=0
03-26 17:48:57.713  2280  5944 E ConversionHelperAidl: Function: parseAndSetVendorParameters Line: 94 Failed
03-26 17:48:57.713  2667 17874 D AidlCamera3-Device: CameraPerf: constructDefaultRequestSettings templateId: 1 E
03-26 17:48:57.713  5100  5100 W Settings: Setting accessibility_reduce_transparency has moved from android.provider.Settings.System to android.provider.Settings.Global, returning read-only value.
03-26 17:48:57.713  5100  5100 W Settings: Setting accessibility_reduce_transparency has moved from android.provider.Settings.System to android.provider.Settings.Global, returning read-only value.
03-26 17:48:57.713  2256  4165 I Unihal  : UniHalPlusMediator.cpp: ConstructDefaultRequestSettings: 617: Device(0xb4000076d9bf1c40), type=1: E
03-26 17:48:57.713  2256  4165 I Unihal  : UniHalPlusMediator.cpp: ConstructDefaultRequestSettings: 617: Device(0xb4000076d9bf1c40), type=1: X
03-26 17:48:57.713  2280  5944 E ConversionHelperAidl: Function: parseAndSetVendorParameters Line: 94 Failed
03-26 17:48:57.713  2667 17874 D AidlCamera3-Device: CameraPerf: constructDefaultRequestSettings X (0ms)
03-26 17:48:57.713  5100  5100 I NowBarExternalViewCardView@149: applySettingCardLayout 0 / , AI_BRIEF_KEY, AI_BRIEF | 7 / settingCardView com.samsung.android.app.facewidget.presentation.NowbarCardSettingView{5fc6fec V.E...... ......I. 0,0-0,0 #7f0a22d1 app:id/nowbar_card_settings_rootview}
03-26 17:48:57.713  5100  5100 I NowBarExternalViewCardView@149: setCardSettingViewState state 0  isExpanded false needToAnimation false nowbarCardSettingView android.widget.FrameLayout{f11f64a G.E...... ......I. 0,0-0,0 #7f0a241e app:id/setting_content_rootview} noAnimation false
03-26 17:48:57.713  5100  5100 I NowBarCardViewModel: onSettingViewVisibilityChanged visible = false / isCollapsed = true
03-26 17:48:57.713  2233 11310 I sec_fr_FaceCameraClient: [0] FaceCameraClient::setRequestEntry() index=0
03-26 17:48:57.713  2233 11310 I CameraRequestTag: init
03-26 17:48:57.713  2233 11310 I CameraRequestTag: [tag = android.control.aeTargetFpsRange] data :
03-26 17:48:57.713  2233 11310 I CameraRequestTag:           0x8
03-26 17:48:57.713  2233 11310 I CameraRequestTag:           0x1e
03-26 17:48:57.713  2233 11310 I CameraRequestTag: [tag = android.control.afMode] data :
03-26 17:48:57.713  2233 11310 I CameraRequestTag:           0x67
03-26 17:48:57.713  2233 11310 I CameraRequestTag: [tag = samsung.android.control.shootingMode] data :
03-26 17:48:57.713  2233 11310 I CameraRequestTag:           0x16
03-26 17:48:57.713  2233 11310 I CameraRequestTag: [tag = android.statistics.faceDetectMode] data :
03-26 17:48:57.713  2233 11310 I CameraRequestTag:           0x1
03-26 17:48:57.713  2667 17874 D Camera3-Device: waitUntilDrained: mInterfaceLock.unlock()
03-26 17:48:57.714  5100  5100 D NotificationPanelView: setNowBarExpandMode() enabled = false, duration = 300, listener = null, mKeyguardSecBottomArea = com.android.systemui.statusbar.phone.KeyguardSecBottomAreaView{f81fb75 V.E...... ........ 0,0-1080,2340 #7f0a05fd app:id/keyguard_bottom_shortcut_area}
03-26 17:48:57.714  5100  5100 D KeyguardSecAffordanceView: setNowBarExpandMode interactive: false, mIsNowBarVisible: true, LeftShortcut
03-26 17:48:57.714  5100  5100 D KeyguardSecAffordanceView: setNowBarExpandMode interactive: false, mIsNowBarVisible: true, RightShortcut
03-26 17:48:57.714  5100  5100 D KeyguardIndication: setVisible() false in dozing
03-26 17:48:57.714  5100  5100 D KeyguardSecIndicationPolicy:  remove Item pos = DEFAULT, type =     LEGACY_TRANSIENT
03-26 17:48:57.714  2196  2353 E minksocket: MinkIPC ERROR: ( 2196:2353 ) MinkIPC_preProcess:272 Client down, but cannot find corresponding minksession
03-26 17:48:57.714  5100  5100 D KeyguardSecIndicationController: addTrustAgentHelp false
03-26 17:48:57.714  5100  5100 D KeyguardSecIndicationPolicy:  remove Item pos = DEFAULT, type =     TRUST_AGENT_HELP
03-26 17:48:57.714  5100  5100 D KeyguardSecIndicationController: addUsbRestriction false/isSecure=true
03-26 17:48:57.714  5100  5100 D KeyguardSecIndicationPolicy:  remove Item pos = DEFAULT, type =      USB_RESTRICTION
03-26 17:48:57.714  5100  5100 D KeyguardSecIndicationController: addBatteryAndOwnerInfoIndication() battery status = BatteryStatus{status=2,level=35,plugged=2,chargingStatus=0,maxChargingWattage=-1,remaining=8002000ultraFastCharger=0}
03-26 17:48:57.714  2196  2349 E minksocket: MinkIPC ERROR: ( 2196:2349 ) MinkIPC_preProcess:272 Client down, but cannot find corresponding minksession
03-26 17:48:57.710  5386  5404 D NxpGenExtn: phNxpExtn_HandleVendorNciRspNtf gen status:81
03-26 17:48:57.714  7849  1135 I CameraManagerGlobal: Camera 4 facing CAMERA_FACING_FRONT state now CAMERA_STATE_OPEN for client client.pid<2233> API Level 2 User Id 0Device Id 0
03-26 17:48:57.714  7849  1135 I CameraManagerGlobal: onCameraDeviceStateChangedLocked: post device state update
03-26 17:48:57.714  7849  1135 I CameraManagerGlobal: onCameraDeviceStateChangedLocked: post device state update
03-26 17:48:57.714  5100  5100 D KeyguardSecIndicationPolicy:  add T Event pos = DEFAULT, type =              BATTERY, id =  6972, text =  35%
03-26 17:48:57.714  5100  5100 D KeyguardSecIndicationPolicy: 2 ч. 13 мин. до полной зарядки, duration = 3000
03-26 17:48:57.714  5100  5100 D KeyguardSecIndicationPolicy:   update top pos = DEFAULT, item = [id=6969|ty=BATTERY|pr=40|txt= 35%
03-26 17:48:57.714  5100  5100 D KeyguardSecIndicationPolicy: 2 ч. 13 мин. до полной зарядки|ti=duration=3000|an=false] -> [id=6972|ty=BATTERY|pr=40|txt= 35%
03-26 17:48:57.714  5100  5100 D KeyguardSecIndicationPolicy: 2 ч. 13 мин. до полной зарядки|ti=duration=3000|an=false]
03-26 17:48:57.714  5100  5100 D KeyguardSecIndicationController: onIndicationChanged() return - keyguard is not visible, pos = DEFAULT, item = [id=6972|ty=BATTERY|pr=40|txt= 35%
03-26 17:48:57.714  5100  5100 D KeyguardSecIndicationController: 2 ч. 13 мин. до полной зарядки|ti=duration=3000|an=false]
03-26 17:48:57.714  5100  5100 D KeyguardSecIndicationPolicy: update Event pos = DEFAULT, type =      BATTERY_RESTING, id =  6973, text =  35%
03-26 17:48:57.714  5100  5100 D KeyguardSecIndicationPolicy: 2 ч. 13 мин. до полной зарядки
03-26 17:48:57.714  2233  7712 I sec_fr_NativeFaceService: onCameraCallback type =0 msg=0
03-26 17:48:57.715  2196  2349 E minksocket: MinkIPC ERROR: ( 2196:2349 ) MinkIPC_preProcess:272 Client down, but cannot find corresponding minksession
03-26 17:48:57.715  2196  2353 E minksocket: MinkIPC ERROR: ( 2196:2353 ) MinkIPC_preProcess:272 Client down, but cannot find corresponding minksession
03-26 17:48:57.715  5100  5100 D SecQuickSettingsAffordanceInteractor: setNowBarExpandMode enable = false
03-26 17:48:57.715  2295  4720 I VSyncReactor: Current= 30, Period= 120, hwcPeriod= 120
03-26 17:48:57.715  5100  5739 D SensorManager: registerListener :: 271, auto_rotation Screen Orientation Sensor Non-wakeup, 200000, 0,
03-26 17:48:57.715  5100  5100 E NowBarCardViewModel: updateExpandedClickPanelVisibility screen on = true expanded false isTopCardSettingViewOpened = false
03-26 17:48:57.715  3205  3205 D PocketSensitivityManager: POCKET POSSENSOR : state 2 posState 2 posCase 6 pedoState 2 pedoCase 0 version 21093000
03-26 17:48:57.715  5100  5100 I NowBarCardStackView: updateCardVisibilityBySettingView isExpandedCardState = false  / settingViewOpened false
03-26 17:48:57.715  5100  5100 I NowBarCardStackView: startAiCardEffect needToHide = true
03-26 17:48:57.715  5100  5100 I NowBarGuidingEffect: hide effectLeftShortCut null effectNowBarCenterView null effectRightShortCut null centerCardView null
03-26 17:48:57.715  5100  5100 I NowBarExternalViewCardView@149: setCardSettingViewState skipped same cardState: 0
03-26 17:48:57.715  5100  5100 W Settings: Setting accessibility_reduce_transparency has moved from android.provider.Settings.System to android.provider.Settings.Global, returning read-only value.
03-26 17:48:57.715  5386  6909 D libnfc_nci: nfaDeviceManagementCallback: enter; event=0x2
03-26 17:48:57.715  5386  6909 D libnfc_nci: nfaDeviceManagementCallback: NFA_DM_SET_CONFIG_EVT
03-26 17:48:57.715  2667 17874 W libc    : Access denied finding property "vendor.display.enable_optimal_refresh_rate"
03-26 17:48:57.715  5100  5100 I NowBarExternalViewCardView@149: onShapeAnimationValueChanged inner item NowBarItem{notiID=, nowBarKey='AI_BRIEF_KEY, nowBarPackage='com.android.systemui.aibrief, nowBarViewStyle=7, userId=-10000, pendingIntent=null, pendingIntentOnSubScreen=PendingIntent{e608ede: android.os.BinderProxy@c495835}, chipIcon=null, expandedChipView=null, chipBackground=1, actions=null, actionBgColors=null, primaryActionNum=0, cardIcon=null, cardIconBg=1, primaryInfo=', primaryInfoColor=1, secondaryInfo=', secondaryInfoColor=0, moreInfo=', customExpandedCardView=null, cardBackground=1, faceWidgetMediaData=null, expandedChipText=, chronometerView=null, chronometerViewOnSubScreen=null, chronometerTag=null, shouldRemoveCard=false, contentViewForNormalCard=com.android.systemui.aibrief.ui.BriefNowBarView{104c333 V.E...... ......ID 0,0-635,163 #7f0a00c9 app:id/ai_brief_now_bar_container}, contentViewForExpandCardOnSubScreen=android.widget.FrameLayout{ef2d6f0 V.E...... ......ID 0,0-0,0 #7f0a0d8a app:id/suggestion_container}, contentViewForNormalCard=com.android.systemui.aibrief.ui.BriefNowBarView{104c333 V.E...... ......ID 0,0-635,163 #7f0a00c9 app:id/ai_brief_now_bar_container}, contentViewForExpandCardOnSubScreen=android.widget.FrameLayout{ef2d6f0 V.E...... ......ID 0,0-0,0 #7f0a0d8a app:id/suggestion_container}}
03-26 17:48:57.715  5100  5100 I NowBarExternalViewCardView@149: onShapeAnimationValueChanged inner 635.04 163.8 241.875 / , AI_BRIEF_KEY, AI_BRIEF | 7
03-26 17:48:57.715  5100  5100 W Settings: Setting accessibility_reduce_transparency has moved from android.provider.Settings.System to android.provider.Settings.Global, returning read-only value.
03-26 17:48:57.715  2667 17874 W libc    : Access denied finding property "vendor.gpp.create_frc_extension"
03-26 17:48:57.715  2667 17874 D CameraDeviceClient: createStream E
03-26 17:48:57.715  5100  5100 D WallpaperManager: semGetWallpaperColors: which = 2
03-26 17:48:57.715  3205  4840 D PocketModeEvent: MSG_TYPE_DISABLE_INSENSITIVE_MODE
03-26 17:48:57.716  2667 17874 D SessionConfigUtils: createConfiguredSurface E: logicalCameraId=4, isStreamInfoValid=0, useCase=0, option=0x0, mirrorMode=0
03-26 17:48:57.716  3205  4840 D SemInputDeviceManager: setProperty: (100) CMD,LOW_SENSITIVITY,0
03-26 17:48:57.716  2667 17874 D SessionConfigUtils: createConfiguredSurface: consumer usage flag: 3, useAsync: 0
03-26 17:48:57.716  2667 17874 W libc    : Access denied finding property "vendor.display.enable_optimal_refresh_rate"
03-26 17:48:57.716  3205  4840 I SemInputCommandService: setPropertyAllTouch: LOW_SENSITIVITY,0 retDefault=1 retExtra=-2
03-26 17:48:57.716  2667 17874 W libc    : Access denied finding property "vendor.gpp.create_frc_extension"
03-26 17:48:57.716  5100  5100 D SemWallpaperColorsArea: SemWallpaperColorsArea [1080, 2340] which: 6 rotation: 0 has Base: false
03-26 17:48:57.716  5100  5100 D SemWallpaperColorsArea: SemWallpaperColorsArea which = 6, mDensity : 2.8125, 1080x2340,384x832,30,48, 6
03-26 17:48:57.716  5100  5100 I SemWallpaperColorsArea: Final area : Rect(67, 16 - 1012, 84)
03-26 17:48:57.716  5100  5100 I SemWallpaperColorsArea: Final area : Rect(112, 466 - 967, 756)
03-26 17:48:57.716  5100  5100 I SemWallpaperColorsArea: Final area : Rect(112, 1274 - 967, 1330)
03-26 17:48:57.716  5100  5100 I SemWallpaperColorsArea: Final area : Rect(112, 1358 - 967, 1828)
03-26 17:48:57.716  5100  5100 I SemWallpaperColorsArea: Final area : Rect(112, 2092 - 967, 2255)
03-26 17:48:57.716  5100  5100 I SemWallpaperColorsArea: Final area : Rect(0, 0 - 1080, 2340)
03-26 17:48:57.716  2667 17874 D SessionConfigUtils: createConfiguredSurface: width=1440, height=1080, format=35, dataSpace=146931712
03-26 17:48:57.716  5100  5100 D View    : semSetBlurInfo, blurInfo : android.view.SemBlurInfo@92565f {BLUR_MODE_WINDOW, mBlurRadius = 300, mBackgroundBlurColor = -1509949440, mCornerRadiusTL = 241.875, mCornerRadiusTR = 241.875, mCornerRadiusBL = 241.875, mCornerRadiusBR = 241.875, mClipRectLeft = 0, mClipRectTop = 0, mClipRectRight = 2147483647, mClipRectBottom = 2147483647, mColorCurve = android.view.SemBlurInfo$ColorCurve@119e8ac {minX = 0.0, minY = 13.3, maxX = 255.0, maxY = 235.1, curveBias = -5.0, saturation = 0.35}}, androidx.cardview.widget.CardView{1b7a231 V.E...... ......ID 0,0-635,163 #7f0a22d4 app:id/nowbar_cardview_background}
03-26 17:48:57.716  2667 17874 D SessionConfigUtils: roundBufferDimensionNearest  inWidth=1440 inHeight=1080, outWidth=1440 outHeight=1080 X
03-26 17:48:57.716  2667 17874 D SessionConfigUtils: createConfiguredSurface X
03-26 17:48:57.716  5100  5100 W Settings: Setting accessibility_reduce_transparency has moved from android.provider.Settings.System to android.provider.Settings.Global, returning read-only value.
03-26 17:48:57.716  5100  5100 I NowBarExternalViewCardView@149: applySettingCardLayout 0 / , AI_BRIEF_KEY, AI_BRIEF | 7 / settingCardView com.samsung.android.app.facewidget.presentation.NowbarCardSettingView{5fc6fec V.E...... ......I. 0,0-0,0 #7f0a22d1 app:id/nowbar_card_settings_rootview}
03-26 17:48:57.716  3205  4623 D SEP_UNION_SemDeviceInfoManagerService: Send intent android.intent.action.SCREEN_ON, userId: 0 by broadcast
03-26 17:48:57.716  5100  5100 I NowBarExternalViewCardView@149: setCardSettingViewState state 0  isExpanded false needToAnimation false nowbarCardSettingView android.widget.FrameLayout{f11f64a G.E...... ......I. 0,0-0,0 #7f0a241e app:id/setting_content_rootview} noAnimation false
03-26 17:48:57.716  5100  5100 I NowBarCardViewModel: onSettingViewVisibilityChanged visible = false / isCollapsed = true
03-26 17:48:57.716  5100  5100 D NotificationPanelView: setNowBarExpandMode() enabled = false, duration = 300, listener = null, mKeyguardSecBottomArea = com.android.systemui.statusbar.phone.KeyguardSecBottomAreaView{f81fb75 V.E...... ........ 0,0-1080,2340 #7f0a05fd app:id/keyguard_bottom_shortcut_area}
03-26 17:48:57.716  5100  5100 D KeyguardSecAffordanceView: setNowBarExpandMode interactive: false, mIsNowBarVisible: true, LeftShortcut
03-26 17:48:57.716  5100  5100 D KeyguardSecAffordanceView: setNowBarExpandMode interactive: false, mIsNowBarVisible: true, RightShortcut
03-26 17:48:57.716  5100  5100 D KeyguardIndication: setVisible() false in dozing
03-26 17:48:57.716  5100  5100 D KeyguardSecIndicationPolicy:  remove Item pos = DEFAULT, type =     LEGACY_TRANSIENT
03-26 17:48:57.716  2667 17874 D Camera3-Device: createStream: mInterfaceLock.lock()
03-26 17:48:57.716  5100  5100 D KeyguardSecIndicationController: addTrustAgentHelp false
03-26 17:48:57.716  5100  5100 D KeyguardSecIndicationPolicy:  remove Item pos = DEFAULT, type =     TRUST_AGENT_HELP
03-26 17:48:57.716  2667 17874 D Camera3-Device: createStream: Camera 4: Creating new stream 0: 1440 x 1080, format 0x23(YUV_420_888), dataspace 146931712 rotation 0 consumer usage 0, isShared 0, physicalCameraId , isMultiResolution 0 dynamicRangeProfile 0x1, streamUseCase 0, option 0x0, timestampBase 0, colorSpace -1, useReadoutTimestamp 0
03-26 17:48:57.716  5100  5100 D KeyguardSecIndicationController: addUsbRestriction false/isSecure=true
03-26 17:48:57.716  5100  5100 D KeyguardSecIndicationPolicy:  remove Item pos = DEFAULT, type =      USB_RESTRICTION
03-26 17:48:57.716  5100  5100 D KeyguardSecIndicationController: addBatteryAndOwnerInfoIndication() battery status = BatteryStatus{status=2,level=35,plugged=2,chargingStatus=0,maxChargingWattage=-1,remaining=8002000ultraFastCharger=0}
03-26 17:48:57.717  5100  5100 D KeyguardSecIndicationPolicy:  add T Event pos = DEFAULT, type =              BATTERY, id =  6975, text =  35%
03-26 17:48:57.717  5100  5100 D KeyguardSecIndicationPolicy: 2 ч. 13 мин. до полной зарядки, duration = 3000
03-26 17:48:57.717  5100  5100 D KeyguardSecIndicationPolicy:   update top pos = DEFAULT, item = [id=6972|ty=BATTERY|pr=40|txt= 35%
03-26 17:48:57.717  5100  5100 D KeyguardSecIndicationPolicy: 2 ч. 13 мин. до полной зарядки|ti=duration=3000|an=false] -> [id=6975|ty=BATTERY|pr=40|txt= 35%
03-26 17:48:57.717  5100  5100 D KeyguardSecIndicationPolicy: 2 ч. 13 мин. до полной зарядки|ti=duration=3000|an=false]
03-26 17:48:57.717  5100  5100 D KeyguardSecIndicationController: onIndicationChanged() return - keyguard is not visible, pos = DEFAULT, item = [id=6975|ty=BATTERY|pr=40|txt= 35%
03-26 17:48:57.717  5100  5100 D KeyguardSecIndicationController: 2 ч. 13 мин. до полной зарядки|ti=duration=3000|an=false]
03-26 17:48:57.717  5100  5100 D KeyguardSecIndicationPolicy: update Event pos = DEFAULT, type =      BATTERY_RESTING, id =  6976, text =  35%
03-26 17:48:57.717  5100  5100 D KeyguardSecIndicationPolicy: 2 ч. 13 мин. до полной зарядки
03-26 17:48:57.717  5100  5100 D SecQuickSettingsAffordanceInteractor: setNowBarExpandMode enable = false
03-26 17:48:57.717  5100  5100 E NowBarCardViewModel: updateExpandedClickPanelVisibility screen on = true expanded false isTopCardSettingViewOpened = false
03-26 17:48:57.717  5100  5100 I NowBarCardStackView: updateCardVisibilityBySettingView isExpandedCardState = false  / settingViewOpened false
03-26 17:48:57.717  5100  5100 I NowBarCardStackView: startAiCardEffect needToHide = true
03-26 17:48:57.717  5100  5100 I NowBarGuidingEffect: hide effectLeftShortCut null effectNowBarCenterView null effectRightShortCut null centerCardView null
03-26 17:48:57.717  5100  5100 I NowBarExternalViewCardView@149: setCardSettingViewState skipped same cardState: 0
03-26 17:48:57.717  2667 17874 D Camera3-Device: createStream: mInterfaceLock.unlock()
03-26 17:48:57.717  2667 17874 D CameraDeviceClient: createStream: Camera 4: Successfully created a new stream ID 0 for output surface (1440 x 1080) with format 0x23.
03-26 17:48:57.717  2667 17874 D CameraDeviceClient: createStream X
03-26 17:48:57.718  2667 17874 D Camera3-Device: filterParamsAndConfigureLocked : operatingMode=0
03-26 17:48:57.718  2667 17874 D Camera3-Utils: Set real time priority for thread (tid 17874)
03-26 17:48:57.718  2667 17874 D Camera3-Device: CameraPerf: configureStreamsLocked: Camera 4: Stream configuration E
03-26 17:48:57.718  2667 17874 I AidlCamera3-Device: configureStreams : Before configuration Stream[0] : [1440 x 1080], format = 0x23(YUV_420_888), data_space = 146931712, color_space = -1, usage flag = 0x3, physical_camera_id = null
03-26 17:48:57.718  2256 11314 E CamX    : [ERROR][HAL    ] camxhal3.cpp:1962 LoadLibFadvise() Open failed for /vendor/lib64/libarcsoft_triple_sat.so, error : No such file or directory
03-26 17:48:57.718  2256 11314 E CamX    : [ERROR][HAL    ] camxhal3.cpp:1962 LoadLibFadvise() Open failed for /vendor/lib64/libarcsoft_triple_fusion.so, error : No such file or directory
03-26 17:48:57.718  2256  2256 I Samsung_CameraDeviceSession_impl: [CAMKPI] camera3->configure_streams : E
03-26 17:48:57.718  2256  2256 I Unihal  : UniHal3InterfaceEntry.cpp: uni_configure_streams: 331: [UNIKPI][4] UniHAL->configure_streams: E
03-26 17:48:57.718  2256  2256 I Unihal  : UniHal3InterfaceEntry.cpp: uni_configure_streams: 341: operation_mode: 0, num_streams: 1, session_param: 0xb400007669acdaa0
03-26 17:48:57.718  2256  2256 I Unihal  : UniHal3InterfaceEntry.cpp: uni_configure_streams: 348: stream[0]: stream(0xb400007639b5e958) : streamId(0x0), scenarioType(PREVIEWCB), format(0x23), grallocUsage(0x3), size(1440x1080), streamType(0), option(0x0), maxBuffers(0), priv(0x0), dataspace(146931712), rotation(0), fps(0, 0), physCamId(), groupId(-1), sensorPixelModes(0), multi_resolution_input_image(0), stream_use_case(0), dynamic_range_profile(1), stream_timestamp(0), color_space(-1), reserved Ptr(0x0, 0x0)
03-26 17:48:57.718  5100  5100 I NowBarCardStackView: updateCardVisibilityByExpandState false / viewMode = LOCKSCREEN
03-26 17:48:57.718  2256  2256 I Unihal  : CameraMetadata.cpp: Print: 238: [FWK][SESSION] 001/004 [0x812800A2] samsung.android.control.colorSpaceMode[1](INT32) : 0
03-26 17:48:57.718  2256  2256 I Unihal  : CameraMetadata.cpp: Print: 238: [FWK][SESSION] 002/004 [0x00010011] android.control.videoStabilizationMode[1](BYTE) : 0
03-26 17:48:57.718  2256  2256 I Unihal  : CameraMetadata.cpp: Print: 238: [FWK][SESSION] 003/004 [0x8128007F] samsung.android.control.recordingExtraMode[1](INT32) : 0
03-26 17:48:57.718  2256  2256 I Unihal  : CameraMetadata.cpp: Print: 238: [FWK][SESSION] 004/004 [0x8128000D] samsung.android.control.shootingMode[1](INT32) : 22
03-26 17:48:57.718  5100  5100 E NowBarCardViewModel: updateExpandedClickPanelVisibility screen on = true expanded false isTopCardSettingViewOpened = false
03-26 17:48:57.718  2256  2256 I Unihal  : UniHalPlusMediator.cpp: ConfigureStreams: 433: Device(0xb4000076d9bf1c40): E
03-26 17:48:57.718  5100  5100 I NowBarItemManager: getVisibleList isScreenTurnedOn = true / aodShowState false shouldControlScreenOff false visibleList size = 1
03-26 17:48:57.718  5100  5100 I NowBarItemManager: visibleList idx=0, , AI_BRIEF_KEY, AI_BRIEF | 7
03-26 17:48:57.719  3987  4009 D SemNativeCarrierFeature_vendor: getInstance
03-26 17:48:57.719  5100  5100 D DisplayLifecycle: updateDisplay id = 0
03-26 17:48:57.719  5100  5100 I Keyguard.AODTouchModeManager: onDisplayChanged newDisplayState=2, currentDisplayState=4, displayId=0
03-26 17:48:57.719  5552 21890 I HoneySpace.EdgePanel.ScreenStateBrReceiver: android.intent.action.SCREEN_ON
03-26 17:48:57.719  2256  2256 I Unihal  : UniHalPlusMediator.h: PrintOpenDeviceInfo: 190: Configurestreams
03-26 17:48:57.719  5552  5552 I HoneySpace.EdgePanel.ScreenStateObserver: sendScreenStateChanged android.intent.action.SCREEN_ON null
03-26 17:48:57.719  2256  2256 I Unihal  : UniHalPlusMediator.h: operator(): 199: HwDevice=0xb4000076d9bf1c40, FWK ID=4, OpenMgr(0)=0xb400007609c631f0, state=2, newDev=0x0
03-26 17:48:57.719  2256  2256 I Unihal  : UniState.cpp: transitState: 102: Transiting to state 3
03-26 17:48:57.719  5552  5552 I HoneySpace.EdgePanel.ScreenStateObserver: screenTurnedOn : true true 1774529321856
03-26 17:48:57.719  2256  2256 I Unihal  : CameraHalUnit.cpp: ConfigureStreams: 264: cameraId=4, GetIsAlreadyCreated=0 m_isSetParamNull=0
03-26 17:48:57.719  5552  5552 I HoneySpace.EdgePanel.EdgeVisibilityRepository: updateKeyguardState: 0x0 true 0 true
03-26 17:48:57.719  2256  2256 I Unihal  : UniHalPlusExtension.cpp: IsAllowedUniHalPlus: 633: Unable to get PARAMETER_SAMSUNG_ANDROID_CONTROL_CAMERA_CLIENT
03-26 17:48:57.719  5552  5552 I HoneySpace.EdgePanel.EdgeVisibilityRepository: updateState: 0x0
03-26 17:48:57.719  2256  2256 I Unihal  : UniHalPlusExtension.cpp: IsAllowedUniHalPlus: 649: UniHalPlus is not applied to this application. (invalid app)
03-26 17:48:57.719  2256  2256 I Unihal  : ScenarioManager.cpp: IsAllowed3rdParty: 2198: VDIS is supported by HAL
03-26 17:48:57.719  2256  2256 I Unihal  : ScenarioManager.cpp: IsSupported3rdPartyApp: 1555: SAMSUNG_ANDROID_CONTROL_UNIHAL_ENABLE_MODE doesn't exist.
03-26 17:48:57.719  2256  2256 I Unihal  : ScenarioManager.cpp: IsSupported3rdPartyIQSegmentation: 1324: 3rdParty IQ Segmentation supported: FALSE
03-26 17:48:57.719  2256  2256 I Unihal  : ScenarioManager.cpp: IsSupported3rdPartyMoire: 1298: 3rdParty Moire supported: FALSE
03-26 17:48:57.719  2256  2256 I Unihal  : ScenarioManager.cpp: IsSupported3rdPartyVDIS: 985: VDIS is not supported, since VDIS modes are not available.
03-26 17:48:57.719  5100  5100 I AODTriggers: onAODEventDispatched = 4 / eventData = aod.e0@f92e398
03-26 17:48:57.719  5100  5100 I AOD_LIVE_CLOCK@LiveClockController: updateDisplayState: DISPLAY_STATE_ON
03-26 17:48:57.719  2256  2256 I Unihal  : ScenarioManager.cpp: IsSupported3rdPartyAutoFramingLite: 2053: PARAMETER_SAMSUNG_EXTRA_UNIHAL_ENABLE_MODE doesn't exist
03-26 17:48:57.719  2256  2256 I Unihal  : ScenarioManager.cpp: IsAllowed3rdParty: 2543: 3rd-party bypass is applied to this application.
03-26 17:48:57.719  2256  2256 I Unihal  : ScenarioManager.cpp: FindScenarioInfo: 2579: Scenario Lib Path : /vendor/lib64/unihal_scenario.so
03-26 17:48:57.719  2256  2256 I Unihal  : ScenarioManager.cpp: FindScenarioInfo: 2686: High resolution mode(0)
03-26 17:48:57.719  5552  5552 I HoneySpace.EdgePanel.EdgeVisibilityRepository: updateStateAction: 0x100000 false false
03-26 17:48:57.719  5552  5552 I HoneySpace.EdgePanel.EdgeVisibilityRepository: updateState: 0x0
03-26 17:48:57.719  2256  2256 I Unihal  : ScenarioManager.cpp: FindScenarioInfo: 2743: Current shootingMode=0x0001000c(UNI_SHOOTING_MODE_3RD_PARTY_BYPASS), cameraId=4(FRONT_UW)
03-26 17:48:57.719  2256  2256 I Unihal  : ScenarioManager.cpp: FindScenarioInfo: 2751: No Scenario is found for shootingMode(UNI_SHOOTING_MODE_3RD_PARTY_BYPASS)
03-26 17:48:57.719  5552  5552 I HoneySpace.EdgePanel.EdgeVisibilityRepository: updateKeyguardState: 0x2 true 0 false
03-26 17:48:57.719  5552  5552 I HoneySpace.EdgePanel.EdgeVisibilityRepository: updateState: 0x2
03-26 17:48:57.719  3205  4623 D SEP_UNION_SemDeviceInfoManagerService: onReceive : android.intent.action.DREAMING_STOPPED, userId = 0
03-26 17:48:57.719  5552  5552 I HoneySpace.EdgePanel.EdgeVisibilityRepository: getComputedTrayVisible : keyguardState = 2
03-26 17:48:57.719  5552  5552 I HoneySpace.EdgePanel.EdgeVisibilityRepository: updateTrayVisible: State = 0x2, visible = true, current containerState = 4, specificMode = 0
03-26 17:48:57.719  5552  5552 I HoneySpace.EdgePanel.EdgeContainerViewModel: containerState current 4 new 0
03-26 17:48:57.719  5552  5552 I HoneySpace.EdgePanel.EdgePot: Container state 0
03-26 17:48:57.719  5100  5100 I VRI[LockscreenShortcutBlur]@1ae602d: onDisplayChanged oldDisplayState=4 newDisplayState=2
03-26 17:48:57.719  5100  5100 I VRI[NavigationBar0]@74d8c: onDisplayChanged oldDisplayState=4 newDisplayState=2
03-26 17:48:57.719  5100  5100 I VRI[NotificationShade]@8cde695: onDisplayChanged oldDisplayState=4 newDisplayState=2
03-26 17:48:57.719  5100  5100 I VRI[StatusBar]@525534d: onDisplayChanged oldDisplayState=4 newDisplayState=2
03-26 17:48:57.719  3205  4623 D SEP_UNION_SemDeviceInfoManagerService: Send intent android.intent.action.DREAMING_STOPPED, userId: 0 by broadcast
03-26 17:48:57.719  5100  5100 I VRI[Bouncer]@be25ca: onDisplayChanged oldDisplayState=4 newDisplayState=2
03-26 17:48:57.719  5100  5100 I VRI[KeyguardBiometricToastView]@3c80f3a: onDisplayChanged oldDisplayState=4 newDisplayState=2
03-26 17:48:57.720  2196  2349 E minksocket: MinkIPC ERROR: ( 2196:2349 ) MinkIPC_preProcess:272 Client down, but cannot find corresponding minksession
03-26 17:48:57.720  2196  2353 E minksocket: MinkIPC ERROR: ( 2196:2353 ) MinkIPC_preProcess:272 Client down, but cannot find corresponding minksession
03-26 17:48:57.720  5552  5552 I HoneySpace.EdgePanel.EdgeWindowController: updateHandleWindow: 341 1760 true
03-26 17:48:57.720  2196  2349 E minksocket: MinkIPC ERROR: ( 2196:2349 ) MinkIPC_preProcess:272 Client down, but cannot find corresponding minksession
03-26 17:48:57.720  5748  5885 I EPDG -- SIM1 IwlanNetworkService: requestNetworkRegistrationInfo for domain 2
03-26 17:48:57.720  5748  6314 I EPDG -- SIM1 IwlanNetworkService: Calling onRequestNetworkRegistrationInfoComplete.resultCode = 0, netState = NetworkRegistrationInfo{ domain=PS transportType=WLAN registrationState=UNKNOWN networkRegistrationState=UNKNOWN roamingType=NOT_ROAMING accessNetworkTechnology=IWLAN rejectCause=0 emergencyEnabled=false availableServices=[] cellIdentity=null voiceSpecificInfo=null dataSpecificInfo=null nrState=**** rRplmn= isUsingCarrierAggregation=false isNonTerrestrialNetwork=TERRESTRIAL}
03-26 17:48:57.721  2196  2353 E minksocket: MinkIPC ERROR: ( 2196:2353 ) MinkIPC_preProcess:272 Client down, but cannot find corresponding minksession
03-26 17:48:57.721  5552  5552 I HoneySpace.EdgePanel.EdgeWindowController: handleUpdateWindowParam
03-26 17:48:57.721  2196  2353 E minksocket: MinkIPC ERROR: ( 2196:2353 ) MinkIPC_preProcess:272 Client down, but cannot find corresponding minksession
03-26 17:48:57.721  2196  2349 E minksocket: MinkIPC ERROR: ( 2196:2349 ) MinkIPC_preProcess:272 Client down, but cannot find corresponding minksession
03-26 17:48:57.721  5552  5552 I HoneySpace.EdgePanel.EdgeWindowController: updateTouchRect: dynamicInputRegion=166627604@LastEvent=t=1774529320625Rect(26, 0 - 67, 341),Rect=Rect(26, 0 - 67, 341)
03-26 17:48:57.721  5552 21890 I HoneySpace.EdgePanel.ScreenStateBrReceiver: android.intent.action.DREAMING_STOPPED
03-26 17:48:57.721  5552  5552 I HoneySpace.EdgePanel.ScreenStateObserver: sendScreenStateChanged android.intent.action.DREAMING_STOPPED android.intent.action.SCREEN_ON
03-26 17:48:57.721  2256  2256 I Unihal  : ScenarioManager.cpp: CheckEnableCondition: 3055: Unihal is disabled. : isSamsungCamera=false, isFactoryTest=false, isGalaxyRaw = false, isAllowedUniHalPlus=false, isAllowed3rdParty=true, foundScenario=false, isValidStreamConfiguration=false, isSamsungVdisEnabled=false, isSamsungSelfieToneTo3rdParty=true, shootingMode=UNI_SHOOTING_MODE_3RD_PARTY_BYPASS
03-26 17:48:57.721  2256  2256 I Unihal  : FwkCaptureManager.cpp: Release: 165: Already released
03-26 17:48:57.721  2256  2256 I Unihal  : CameraHalUnit.cpp: ConfigureStreams: 342: Unihal is bypass mode in current scenario.
03-26 17:48:57.721  2256  2256 I Unihal  : CameraMetadata.cpp: Print: 238: [HAL][SESSION] 001/004 [0x812800A2] samsung.android.control.colorSpaceMode[1](INT32) : 0
03-26 17:48:57.721  2256  2256 I Unihal  : CameraMetadata.cpp: Print: 238: [HAL][SESSION] 002/004 [0x00010011] android.control.videoStabilizationMode[1](BYTE) : 0
03-26 17:48:57.721  2256  2256 I Unihal  : CameraMetadata.cpp: Print: 238: [HAL][SESSION] 003/004 [0x8128007F] samsung.android.control.recordingExtraMode[1](INT32) : 0
03-26 17:48:57.721  2256  2256 I Unihal  : CameraMetadata.cpp: Print: 238: [HAL][SESSION] 004/004 [0x8128000D] samsung.android.control.shootingMode[1](INT32) : 22
03-26 17:48:57.722  2256  2256 I Unihal  : CameraDevice.cpp: ConfigureStreams: 96: [UNIKPI][4] VndHAL->configure_streams: E
03-26 17:48:57.722  3205 11329 D SemInputDeviceManager: setProperty: (0) CMD,GRIP_DATA,0,2,2346,2801
03-26 17:48:57.723  5748  5885 I EPDG -- SIM1 IwlanNetworkService: requestNetworkRegistrationInfo for domain 2
03-26 17:48:57.723  2233 15343 I sec_fr_PerformanceLog: [Performance Log] communicateTA (32357) us in sendTemplate
