03-26 17:48:57.761  2256 11343 I SS_3A   :  INFO:  AF: loadSymbol: 205:  E
03-26 17:48:57.762  2256 11343 I SS_3A   :  INFO:  AF: loadSymbol: 205:  E
03-26 17:48:57.762  2256 11343 I SS_3A   :  INFO:  AF: loadSymbol: 205:  E
03-26 17:48:57.762  2256 11343 I SS_3A   :  INFO:  AF: loadSymbol: 205:  E
03-26 17:48:57.762  2256 11343 I SS_3A   :  INFO:  AF: loadSymbol: 205:  E
03-26 17:48:57.762  2256 11343 I SS_3A   :  INFO:  AF: loadSymbol: 205:  E
03-26 17:48:57.762  2256 11343 I SS_3A   :  INFO:  AF: loadSymbol: 205:  E
03-26 17:48:57.762  2256 11343 I SS_3A   :  INFO:  AF: loadSymbol: 205:  E
03-26 17:48:57.762  2256 11343 I SS_3A   :  INFO:  AF: CreateAFAlgorithm: 399: [TsAf_Range] Initialzie RS Structure.
03-26 17:48:57.762  2256 11343 I SS_3A   :  INFO:  AF: TsAf_Range_sensor_init: 3831: TsAf_wrap: 0xb400007539fab6b0 disableRangeSensor: 0 E
03-26 17:48:57.762  2256 11343 I SS_3A   :  INFO:  AF: LoadCAFLogicalDriverLibrary: 36: logical driver filename : /vendor/lib64/camera/components/com.qti.stats.caflogicaldriver.so
03-26 17:48:57.762  5100  5100 I DigitalVerticalClockView_LOCK_SCREEN_1@214: updateShadowStyle: shadow : [ShadowStyle: shadowRadius = 5.625, shadowDx = 0.0, shadowDy = 0.0, shadowColor = 1A000000]
03-26 17:48:57.762  5100  5100 I DigitalVerticalClockView_LOCK_SCREEN_1@214: updatePaletteItemTransition : paletteItem = SOLID color : FFC7CD8C, animation = false, dozeAmount = 0.998926
03-26 17:48:57.762  2256 11343 I SS_3A   :  INFO:  AF: TsAf_init: 3574: CAF Logical Driver Library Loaded 1
03-26 17:48:57.762  2256 11343 I SS_3A   :  INFO:  AF: TsAf_init: 3607: TsAf 0xb40000753a1496d0: 0xb40000753a012eb8 cameraId : 1
03-26 17:48:57.762  2256 11343 I 3A_PLTFM: TransactionManagerImpl: init: 39: E
03-26 17:48:57.762  2256 11343 I 3A_PLTFM: TransactionManagerImpl: init: 41: X
03-26 17:48:57.762  2256 11343 I SS_3A   :  INFO:  AF: TsAf_init_param: 3527: TsAf_init_param setting init param
03-26 17:48:57.762  2256 11343 I SS_3A   :  INFO:  AF: TsAf_init_param: 3543: TsAf_init_param: lens type 4 last_pos_rear 2066
03-26 17:48:57.762  2256 11343 I SS_3A   :  INFO:  AF: TsAf_init: 3645: TsAf_init camera id 1
03-26 17:48:57.762  2256 11343 I SS_3A   :  INFO:  AF: TsAf_init: 3660: Set AF default lens_type_for_lib 4 pos 1765
03-26 17:48:57.762  2256 11343 E AF_DEBUG: AfLib_BootingInit(724) : [cam_id_4] AF_Lib Version = 0x700F Chip Type = 1 (0:LSI, 1:QC)
03-26 17:48:57.762  2256 11343 E AF_DEBUG: LinkAfCalData(187) : af_cal = ref_table_arr[0]->af_cal_data max_arr= 5
03-26 17:48:57.762  2256 11343 E AF_DEBUG: SetAfModuleInfo(529) : [cam_id_4] Module = S12XLRD00NM, ModuleInfo = PA123_FRONT, ModuleType = 31, phaseType = 1
03-26 17:48:57.762  2256 11343 E AF_DEBUG: PrintAfCalData(606) : [cam_id_4] 12bit | af cal data far: 1765, mid2: -1, mid1: -1, near: 2574, max: 4088, add_80: -1, plus_offset: 65535, minus_offset: 65535 zoom_rate(x1000) 1000
03-26 17:48:57.762  5100  5100 I GWT:HostView: [aodservice] setAppWidgetColorFilter: color=c7cd8c showShadow=false callers=com.samsung.android.app.facewidget.complication.ComplicationWidgetBackgroundDecorator.updateWidgetColor:6 com.samsung.android.app.facewidget.complication.ComplicationGridUIController.updateClockColor$lambda$50:33 com.samsung.android.app.facewidget.complication.ComplicationGridUIController.k:0 aod.kq.invoke:31 com.samsung.android.app.facewidget.complication.ComplicationGridUIController.allComplicationHostViewForEach:73 com.samsung.android.app.facewidget.complication.ComplicationGridUIController.updateClockColor:8 com.samsung.android.app.facewidget.complication.ComplicationWidgetPluginController.updateWidgetColor:13 com.samsung.android.app.facewidget.complication.ComplicationWidgetPluginController.clockColorObserver$lambda$5:2 com.samsung.android.app.facewidget.complication.ComplicationWidgetPluginController.h:0 aod.Mq.onChanged:13 androidx.lifecycle.LiveData.b:29 androidx.lifecycle.LiveData.c:55 androidx.lifecycle.LiveData.l:14 com.samsung.android.app.facewidget.utils.KeyguardClockProvider.refreshClockDateColor:6 com.samsung.android.app.facewidget.pages.clock.FaceWidgetClockPage.setDarkAmount:27
03-26 17:48:57.762  5100  5100 I FaceWidgetKeyguardNIOController: clock dateColor changed #ffc7cd8c
03-26 17:48:57.762  5100  5100 I NotificationIconsOnlyContainer: updateIconColor() : FFC7CD8C,
03-26 17:48:57.762  2256 11343 E AF_DEBUG: AfLib_BootingInit(745) : [cam_id_4][factory_af_booting_init]  factory_af_flag = 0
03-26 17:48:57.762  5100  5100 I KeyguardClockProvider: getClockVisibility:0
03-26 17:48:57.762  5100  5100 D SGGLockStarManager: isClockAnimationEnable, result null
03-26 17:48:57.762  5100  5100 D SGGLockStarManager: isClockAnimationEnable, result null
03-26 17:48:57.762  5100  5100 D FaceWidgetClockPage: isNeedToTransition() true
03-26 17:48:57.762  5100  5100 I NowBarColorModel#159585104: notifyColorChanged isWhiteWallpaper false darkAmount 0.998926  darkMode false nowBarMode LOCKSCREEN dozing false
03-26 17:48:57.762  5100  5100 W Settings: Setting accessibility_reduce_transparency has moved from android.provider.Settings.System to android.provider.Settings.Global, returning read-only value.
03-26 17:48:57.762  5100  5100 W Settings: Setting accessibility_reduce_transparency has moved from android.provider.Settings.System to android.provider.Settings.Global, returning read-only value.
03-26 17:48:57.763  2256 11343 I SS_3A   :  INFO:  AF: CreateAFAlgorithm: 407: [TsAf_Range] Before testing it.
03-26 17:48:57.763  5100  5100 W Settings: Setting accessibility_reduce_transparency has moved from android.provider.Settings.System to android.provider.Settings.Global, returning read-only value.
03-26 17:48:57.763  2256 11343 I SS_3A   :  INFO:  AF: CreateAFAlgorithm: 409: [TsAf_Range] cameraId : 1, TSAF_INfo : 0xb40000753a1496d0
03-26 17:48:57.763  2256 11343 I SS_3A   :  INFO:  AF: TsAf_Range_sensor_connect: 3948: [TsAf_Range] start
03-26 17:48:57.763  2256 11343 E SS_3A   : ERROR:  AF: TsAf_Range_check_connect: 3917: [TsAf_Range] Rear Camera is not activated. Sensor Id : 1
03-26 17:48:57.763  2256 11343 I SS_3A   :  INFO:  AF: TsAf_Range_sensor_connect: 3963: [TsAf_Range] Cannot connect range sensor.
03-26 17:48:57.763  2256 11343 I SS_3A   :  INFO:  AF: TsAf_Range_sensor_connect: 3966: [TsAf_Range] end
03-26 17:48:57.763  2256 11343 I SS_3A   :  INFO:  AF: CreateAFAlgorithm: 413: X
03-26 17:48:57.763  5100  5100 D WallpaperManager: semGetWallpaperColors: which = 2
03-26 17:48:57.763  2256 11343 E AF_DEBUG: AfLib_AlgorithmInit(1046) : [cam_id_4] paf_cal_data_info = 20240527 paf_cal_errcheck 0x00000000 vpd_cal 0 vpd_cal_data_info = 0 vpaf_cal_errcheck 0x00000000
03-26 17:48:57.763  2256 11343 E AF_DEBUG: AfInit(5685) : [cam_id_4] Version(0x700F). mode(0). lens(1765). sensor(4000 x 3000). touch(0 x 0 ). pafstatvalid(0)
03-26 17:48:57.763  2256 11343 E AF_DEBUG: UpdateAfStatus(68) : [cam_id_4] AF status 0x0 -> 0x20, called from : AfInit(5723)
03-26 17:48:57.763  5100  5100 D SemWallpaperColorsArea: SemWallpaperColorsArea [1080, 2340] which: 6 rotation: 0 has Base: false
03-26 17:48:57.763  5100  5100 D SemWallpaperColorsArea: SemWallpaperColorsArea which = 6, mDensity : 2.8125, 1080x2340,384x832,30,48, 6
03-26 17:48:57.763  5100  5100 I SemWallpaperColorsArea: Final area : Rect(67, 16 - 1012, 84)
03-26 17:48:57.763  5100  5100 I SemWallpaperColorsArea: Final area : Rect(112, 466 - 967, 756)
03-26 17:48:57.763  5100  5100 I SemWallpaperColorsArea: Final area : Rect(112, 1274 - 967, 1330)
03-26 17:48:57.763  5100  5100 I SemWallpaperColorsArea: Final area : Rect(112, 1358 - 967, 1828)
03-26 17:48:57.763  5100  5100 I SemWallpaperColorsArea: Final area : Rect(112, 2092 - 967, 2255)
03-26 17:48:57.763  5100  5100 I SemWallpaperColorsArea: Final area : Rect(0, 0 - 1080, 2340)
03-26 17:48:57.763  5100  5100 D View    : semSetBlurInfo, blurInfo : android.view.SemBlurInfo@f01a521 {BLUR_MODE_WINDOW, mBlurRadius = 300, mBackgroundBlurColor = -1509949440, mCornerRadiusTL = 241.875, mCornerRadiusTR = 241.875, mCornerRadiusBL = 241.875, mCornerRadiusBR = 241.875, mClipRectLeft = 0, mClipRectTop = 0, mClipRectRight = 2147483647, mClipRectBottom = 2147483647, mColorCurve = android.view.SemBlurInfo$ColorCurve@c898d46 {minX = 0.0, minY = 13.3, maxX = 255.0, maxY = 235.1, curveBias = -5.0, saturation = 0.35}}, androidx.cardview.widget.CardView{1b7a231 V.E...... ......ID 0,0-635,163 #7f0a22d4 app:id/nowbar_cardview_background}
03-26 17:48:57.763  5100  5100 I ComplicationWidgetHostViewContainer: refreshBlur, type : Lock , cachedPerset : CLOCK_WHITE_WALLPAPER_BRIGHT , darkAmount: 0.998926
03-26 17:48:57.763  5100  5100 D View    : semSetBlurInfo, blurInfo : android.view.SemBlurInfo@9c0ab07 {BLUR_MODE_WINDOW, mBlurRadius = 110, mBackgroundBlurColor = 0, mCornerRadiusTL = 50.989212, mCornerRadiusTR = 50.989212, mCornerRadiusBL = 50.989212, mCornerRadiusBR = 50.989212, mClipRectLeft = 0, mClipRectTop = 0, mClipRectRight = 2147483647, mClipRectBottom = 2147483647, mColorCurve = android.view.SemBlurInfo$ColorCurve@98f2434 {minX = 0.0, minY = 9.80376, maxX = 255.0, maxY = 70.17732, curveBias = -15.0, saturation = 0.1}}, android.view.View{61960f V.ED..... ........ 20,21-365,172}
03-26 17:48:57.763  2256 11343 I 3A_PLTFM: MetaStoreManager: init: 65: AWB: Already initialized, returning 0x753be3df70
03-26 17:48:57.763  5100  5100 D MediaExpandStateObserver: onChanged MediaExpandStateModel(type=NONE, clockY=0.0, clockValidMaxScale=1.0, hasAnimation=true, isDozing=false, darkAmount=0.998926, isMediaOutput=false)
03-26 17:48:57.763  5100  5100 D MediaExpandStateObserver: animateClipContainer NONE NONE
03-26 17:48:57.763  5100  5100 I SecKeyguardClockPositionAlgorithm: prepareClockContainerHeightChanging:
03-26 17:48:57.763  5100  5100 I SecKeyguardClockPositionAlgorithm: setup() mStatusBarHeight = 85, mDarkAmount = 0.998926, mHeight = 2340, mFaceWidgetContainerHeight = 256, mCurrentClockType = 1
03-26 17:48:57.763  5100  5100 I SecKeyguardClockPositionAlgorithm: getMediaContainerHeight() height = 0 container Visibility = 8, isValid = false, mIsDozing = false, source = 0, target = 0
03-26 17:48:57.764  5100  5100 I PluginFaceWidgetManager: isEditMode = false
03-26 17:48:57.764  5100  5100 I NowBarItemManager: getVisibleList isScreenTurnedOn = true / aodShowState false shouldControlScreenOff false visibleList size = 1
03-26 17:48:57.764  5100  5100 I NowBarItemManager: visibleList idx=0, , AI_BRIEF_KEY, AI_BRIEF | 7
03-26 17:48:57.764  5100  5100 I AlwaysOnDisplayEx: onDozeAmountChanged linearAmount = 0.99 / amount = 0.998926 / mNeedAODClockTransition = false
03-26 17:48:57.764  5100  5100 D DozeServiceHost: updateDozing dozing = false / dozingRequested = false / state = KEYGUARD mode = 0
03-26 17:48:57.764  5100  5100 D ScrimController: State changed to KEYGUARD, blankScreen=false, animation=600
03-26 17:48:57.764  2256 11343 I SS_3A   :  INFO: AWB: CreateAWBAlgorithm: 813: statsStreamInitConfig operationMode 0
03-26 17:48:57.764  2256 11343 I SS_3A   :  INFO: AWB: CreateAWBAlgorithm: 730: StaticAWB algo sizeOfParam for CHISTATSHANDLE is 24
03-26 17:48:57.764  2256 11343 I SS_3A   :  INFO: AWB: CreateAWBAlgorithm: 742: Lens Facing = 0
03-26 17:48:57.764  2256 11343 I SS_3A   :  INFO: AWB: CreateAWBAlgorithm: 794: StaticAWB algo create: overrideCameraOpen is 32
03-26 17:48:57.764  2256 11343 I SS_3A   :  INFO: AWB: CreateAWBAlgorithm: 804: cameraInfo algoRole 0, cameraId 5
03-26 17:48:57.764  2256 11343 I SS_3A   :  INFO: AWB: TsCommonFillSensorIdMap: 26: Already filled, cameraId(5) driverSensorId(12)
03-26 17:48:57.764  2256 11343 I SS_3A   :  INFO: AWB: CreateAWBAlgorithm: 831: CreateAWBAlgorithm (refcnt:0 cameraId 5 OverrideCameraOpen 1 lensFacing 0 pAWBSingletonWrapper->pAWB 0x0
03-26 17:48:57.764  2256 11343 I SS_3A   :  INFO: AWB: CreateAWBAlgorithm: 861: Create AWBAlgorithm, pAWB 0xb400007649b4fbb0
03-26 17:48:57.764  5100  5100 D LockscreenShadeTransitionController: onDozingChanged false
03-26 17:48:57.764  5100  5100 D KeyguardSecIndicationPolicy:  remove Item pos = DEFAULT, type =     LEGACY_TRANSIENT
03-26 17:48:57.765  5552 24554 I HoneySpace.SystemUiRepository: systemUiFlags: overview_disabled|home_disabled|navbar_hidden|notif_expanded|keygrd_visible|wakefulness_transition|awake|notif_visible
03-26 17:48:57.765  5552  5616 I HoneySpace.TaskbarEventTracker: invokeEvent() called with: event = SystemUiStateChanged(stateFlags=1879048646)
03-26 17:48:57.765  5100  5100 D KeyguardSecIndicationController: addTrustAgentHelp false
03-26 17:48:57.765  5100  5100 D KeyguardSecIndicationPolicy:  remove Item pos = DEFAULT, type =     TRUST_AGENT_HELP
03-26 17:48:57.765  5100  5100 D KeyguardSecIndicationController: addUsbRestriction false/isSecure=true
03-26 17:48:57.765  2256 11343 I SS_3A   :  INFO: AWB: LoadAlgorithmAndSymbols: 666: [DBG_APEX] Loading AWB lib: libTsAwbFront_PA23.so
03-26 17:48:57.765  5100  5100 D KeyguardSecIndicationPolicy:  remove Item pos = DEFAULT, type =      USB_RESTRICTION
03-26 17:48:57.766  5100  5100 D KeyguardSecIndicationController: addBatteryAndOwnerInfoIndication() battery status = BatteryStatus{status=2,level=35,plugged=2,chargingStatus=0,maxChargingWattage=-1,remaining=8002000ultraFastCharger=0}
03-26 17:48:57.766  5100  5100 D KeyguardSecIndicationPolicy:  add T Event pos = DEFAULT, type =              BATTERY, id =  6978, text =  35%
03-26 17:48:57.766  5100  5100 D KeyguardSecIndicationPolicy: 2 ч. 13 мин. до полной зарядки, duration = 3000
03-26 17:48:57.766  5100  5100 D KeyguardSecIndicationPolicy:   update top pos = DEFAULT, item = [id=6975|ty=BATTERY|pr=40|txt= 35%
03-26 17:48:57.766  5100  5100 D KeyguardSecIndicationPolicy: 2 ч. 13 мин. до полной зарядки|ti=duration=3000|an=false] -> [id=6978|ty=BATTERY|pr=40|txt= 35%
03-26 17:48:57.766  5100  5100 D KeyguardSecIndicationPolicy: 2 ч. 13 мин. до полной зарядки|ti=duration=3000|an=false]
03-26 17:48:57.766  2256 11343 I SS_3A   :  INFO: AWB: LoadAlgorithmAndSymbols: 696: pInstance->hAWBAlgorithm 0xb400007539a64cd0
03-26 17:48:57.766  2256 11343 I SS_3A   :  INFO: AWB: TsAwb_get_cal_data_front: 138: module[0] 361 744 749 370
03-26 17:48:57.766  2256 11343 I SS_3A   :  INFO: AWB: TsAwb_get_cal_data_front: 140: module[0] RG 0.483590 , BG 0.495646
03-26 17:48:57.766  2256 11343 I 3A_PLTFM: TransactionManagerImpl: init: 39: E
03-26 17:48:57.766  2256 11343 I 3A_PLTFM: TransactionManagerImpl: init: 41: X
03-26 17:48:57.766  2256 11343 I SS_3A   :  INFO: AWB: TsAwb_init_with_mode: 181: TuningVersion 0xD0A1325
03-26 17:48:57.766  2256 11343 I SS_3A   :  INFO: AWB: TsAwb_init_with_mode: 225: [eLensType 0] Adjust_gain = 0.989344, 1.027817
03-26 17:48:57.767  5100  5100 D KeyguardSecBottomAreaViewController: updateIndicationPosition
03-26 17:48:57.767  2256 11343 I 3A_PLTFM: MetaStoreManager: init: 65: AEC: Already initialized, returning 0x753be3df80
03-26 17:48:57.767  5100  5100 D KeyguardSecIndicationPolicy: update Event pos = DEFAULT, type =      BATTERY_RESTING, id =  6979, text =  35%
03-26 17:48:57.767  5100  5100 D KeyguardSecIndicationPolicy: 2 ч. 13 мин. до полной зарядки
03-26 17:48:57.767  2256 11343 I SS_3A   :  INFO: AEC: AECAlgoSetNodeInterface: 1147: AEC vendorTagBase 0x80760000
03-26 17:48:57.767  2256 11343 I SS_3A   :  INFO: AEC: AECAlgoSetNodeInterface: 1157: AWB vendorTagBase 0x80780000
03-26 17:48:57.767  2256 11343 I SS_3A   :  INFO: AEC: AECAlgoSetNodeInterface: 1167: AF vendorTagBase 0x80770000
03-26 17:48:57.767  2256 11343 I 3A_PLTFM: SolutionInterfaceAEC: Sec3APlatformCreateAEC: 418: AEC_VendorTag:: Shooting Mode = 22 chiSessionHandle = 0xb4000076ea15e840
03-26 17:48:57.767  5100  5100 D SecLockIconViewController: updateVisibility
03-26 17:48:57.767  2256 11343 I 3A_PLTFM: SolutionInterfaceAEC: Sec3APlatformCreateAEC: 430: Lens Facing = 0 chiSessionHandle = 0xb4000076ea15e840
03-26 17:48:57.767  5100  5100 D SecLockIconViewController: updateVisibility : isLockScreen = true mShowLockIcon = true mShowUnlockIcon = false
03-26 17:48:57.767  2256 11343 I SS_3A   :  INFO: AEC: CreateAEC: 820: StaticAEC algo sizeOfParam for CHISTATSHANDLE is 24
03-26 17:48:57.767  2256 11343 I SS_3A   :  INFO: AEC: CreateAEC: 837: AEC_VendorTag:: Lens Facing = 0 chiSessionHandle = 0xb4000076ea15e840
03-26 17:48:57.767  2256 11343 I SS_3A   :  INFO: AEC: CreateAEC: 916: StaticAEC algo create: camera open mask 32
03-26 17:48:57.767  2256 11343 I SS_3A   :  INFO: AEC: CreateAEC: 814: aec_camera_info 0 5
03-26 17:48:57.767  2256 11343 I SS_3A   :  INFO: AEC: CreateAEC: 923: flicker CSC:60
03-26 17:48:57.767  2256 11343 I SS_3A   :  INFO: AEC: TsCommonFillSensorIdMap: 26: Already filled, cameraId(5) driverSensorId(12)
03-26 17:48:57.767  2256 11343 I SS_3A   :  INFO: AEC: CreateAEC: 941: CreateAECAlgorithm (refcnt:0 cameraId 5 OverrideCameraOpen 1 lensFacing 0 pAECSingletonWrapper->pAECSingleton 0x0 [sensor:S5K3LU]
03-26 17:48:57.767  5100  5100 D PluginAODManager: enableTouch : true FaceWidgetContainerWrapper = com.android.systemui.facewidget.plugin.FaceWidgetContainerWrapper@b40cd40
03-26 17:48:57.767  5100  5100 D PluginAODManager: updateRefreshRate: release token in Screen ON
03-26 17:48:57.768  5100  5100 I PluginAODManager: updateRefreshRate: acquire=false called=com.android.systemui.doze.DozeScreenState.transitionTo:111 com.android.systemui.doze.DozeMachine.transitionTo:612
03-26 17:48:57.768  5100  5100 D DozeService: stopAlwaysOnDisplay: mAODPlugin=com.samsung.android.app.aodservice.plugin.PluginAODImpl@3087d2d
03-26 17:48:57.768  5100  5100 D PluginAODManager: removeUpdateMonitor mWakefulness=1
03-26 17:48:57.768  5100  5100 D PluginAODManager: removeNotiCollectionListener:
03-26 17:48:57.768  5100  5100 I PluginAODImpl: onDreamingStopped()
03-26 17:48:57.768  5100  5100 I AlwaysOnDisplayEx: !@AlwaysOnDisplayEx: onDestroy hashCode=129919964
03-26 17:48:57.768  5100  5100 I AODUiTimer: removeAODTimeTickTimerListener
03-26 17:48:57.768  5100  5100 W AODAlarmTimer_AOD_CHARGING_INFO_TICK: stop : not yet started
03-26 17:48:57.768  5100  5100 I AODStateMachine: request : (CHARGING) --> (IDLE) : canTransition (true)
03-26 17:48:57.768  5100  5100 I AODCommonUtils: isSupportLiveClockImageProcessing liveClockVersion = -1
03-26 17:48:57.768  5100  5100 I AODCommonUtils: isSupportLiveClockImagePrecessing : live clock NOT work - old device
03-26 17:48:57.768  5100  5100 I AODCommonUtils: isSupportLiveClock: false
03-26 17:48:57.768  5100  5100 I AlwaysOnDisplayEx: clearLiveClock do not support liveclock
03-26 17:48:57.768  5100 11328 I AlwaysOnDisplayEx: clearAODTspRect
03-26 17:48:57.768  5100  5100 I DozeMachine: transition: old=FINISH req=DOZE new=FINISH
03-26 17:48:57.768  5100  5100 I MODManager: clearMODIfNeeded: finish MOD
03-26 17:48:57.768  5100  5100 I AOD_CONFIG@AODConfigurationController: [transitionTo] CHARGING >> IDLE
03-26 17:48:57.768  5100  5100 E AOD_CONFIG@AODConfigurationController: Skipping unregisterMonitor MONITOR_SEMCONTEXT - no registered monitor
03-26 17:48:57.768  3205  5224 D SemInputDeviceManager: setProperty: (100) CMD,AOD_RECT,0,0,0,0
03-26 17:48:57.768  2256 11343 I SS_3A   :  INFO: AEC: LoadAlgorithmAndSymbols: 682: [DBG_APEX] Loading AEC lib: /vendor/lib64/camera/components/libTsAeFront_pa3.so
03-26 17:48:57.768  5100  5100 E AOD_CONFIG@AODConfigurationController: Skipping unregisterMonitor MONITOR_BROADCAST_PSM - no registered monitor
03-26 17:48:57.768  5100  5100 E AOD_CONFIG@AODConfigurationController: Skipping unregisterMonitor MONITOR_BROADCAST_WALLPAPER - no registered monitor
03-26 17:48:57.768  5100  5100 E AOD_CONFIG@AODConfigurationController: Skipping unregisterMonitor MONITOR_FOLD_STATE - no registered monitor
03-26 17:48:57.768  2256 11343 I SS_3A   :  INFO: AEC: TsAecFront_load_lib: 180: TsAec_ptr 0xc89f19a747af082b
03-26 17:48:57.768  5100  5100 E AOD_CONFIG@AODConfigurationController: Skipping unregisterMonitor MONITOR_BROADCAST_ROAMING - no registered monitor
03-26 17:48:57.768  5100  5100 E AOD_CONFIG@AODConfigurationController: Skipping unregisterMonitor MONITOR_WEATHER_INFO_ENABLED - no registered monitor
03-26 17:48:57.768  5100  5100 E AOD_CONFIG@AODConfigurationController: Skipping unregisterMonitor MONITOR_BROADCAST_OMC - no registered monitor
03-26 17:48:57.768  5100  5100 I AODUiController: removeBottomUI:
03-26 17:48:57.768  5100  5100 W AODAlarmTimer_AOD_CHARGING_INFO_TICK: stop : not yet started
03-26 17:48:57.768  5100  5100 I AODBatteryManager: updateBatteryData: ACTION_BATTERY_CHANGED: true, isSleepModeChanged:false ,isRemainingTimeChanged: false, isUSBRestriction: false
03-26 17:48:57.769  5100  5100 I AODBatteryManager: saveBatteryData : AOD BatteryData [mBatteryLevel=35, mBatteryStatus=CHARGING, mBatteryPlugType=USB, mBatteryPlugged=true, mRemainingChargeTime=8002000, mBatteryChargingType=1, mBatteryChargerType=NORMAL, mBatteryOnline=USB, mBatterySwellingMode=NONE, mBatteryProtectMode=false, mBatteryProtectModeType=3, mSleepChargingEvent=null, mSleepChargingEventFinishTime=null, mBatteryHealth=2, mIsDirectPowerMode=false, mIsUsbRestriction=false]
03-26 17:48:57.769  3205  5224 I SemInputCommandService: setPropertyAllTouch: AOD_RECT,0,0,0,0 retDefault=1 retExtra=-2
03-26 17:48:57.769  5100  5100 I ChargingInfoManager: updateChargingInfo: newState = AOD ChargingInfo [mState=BATTERY_AND_REMAIN_TIME, mIsCharging=true, mIsPlugged=true, mIsFullyCharged=false, mIsBatteryProtectMode=false, mBetteryLevel=35, mBetteryProtectModeType3, mIsSlowChargingfalse], oldState = AOD ChargingInfo [mState=BATTERY_AND_REMAIN_TIME, mIsCharging=true, mIsPlugged=true, mIsFullyCharged=false, mIsBatteryProtectMode=false, mBetteryLevel=35, mBetteryProtectModeType3, mIsSlowChargingfalse]
03-26 17:48:57.769  5100  5100 I CommonUtils: isOnlyEmergencyMode: false/false
03-26 17:48:57.769  2256 11343 I 3A_PLTFM: TransactionManagerImpl: init: 39: E
03-26 17:48:57.769  2256 11343 I 3A_PLTFM: TransactionManagerImpl: init: 41: X
03-26 17:48:57.769  5100  5100 I AODUiController: IDLE break by interactive
03-26 17:48:57.769  2256 11343 I SS_3A   :  INFO: AEC: GetMemTotal: 587: memTotal : 11381324
03-26 17:48:57.769  2256 11343 I SS_3A   :  INFO: AEC: LoadAlgorithmAndSymbols: 719: [AEC] Custom Algo handle 0xb4000075d1b0dfa0
03-26 17:48:57.769  5100  5100 I MODManager: unregister
03-26 17:48:57.769  2256 11343 I SS_3A   :  INFO: AEC: CreateAEC: 1013: CreateAECAlgorithm 0xb400007649b777b0 libName libTsAeFront_pa3.so sensorName S5K3LU
03-26 17:48:57.769  2256 11343 W 3A_PLTFM: AndroidSensorDataRequest: init: 52: sensorListenerHandle address -> 0xb400007789b61410
03-26 17:48:57.769  5100  6609 I AODPreventBurnInMonitor: stopAlarm = false
03-26 17:48:57.769  2256 11343 E CamX    : [ERROR][STATS_AEC] camxcaecstatsprocessor.cpp:7084 GetCropWindow() Wrong input: HALCropWindow left(0),top(0) width,height = 0x0
03-26 17:48:57.769  5100  5100 I AOD_BRIGHTNESS@BrightnessManager: releaseForceState: EDGE LIGHTING
03-26 17:48:57.769  3205  6658 D AODManagerService: unregisterAODDozeCallbackInternal
03-26 17:48:57.769  5100  5100 I MODManager: unregisterFingerprintListener called
03-26 17:48:57.769  5100  6609 D ScoverManager: unregisterListener
03-26 17:48:57.770  5100  5100 E MODManager: hideSubUIChargingInfo skip because mAODChargingInfoSubUiPresenter is null
03-26 17:48:57.770  2256 11344 W 3A_PLTFM: AndroidSensorDataRequest: execute: 76: E sensorEnableBit:0, requestFlags:3B
03-26 17:48:57.770  2258  2292 I sysinput:aidl: onReportInformation:93, 1, enabled@2,1:0
03-26 17:48:57.770  2256 11344 I SensorListener: enableSensor : numSensors=43/43, sen_list = 0xb4000077b9b28fd0/0xb4000077b9b28fd0
03-26 17:48:57.770  2256 11344 W vendor.samsung.hardware.camera.provider-service_64: Binder 0xb400007669ea3618 destroyed after setMinSchedulerPolicy before being parceled.
03-26 17:48:57.770  2256 11344 W vendor.samsung.hardware.camera.provider-service_64: Binder 0xb400007669ea3618 destroyed after setMinSchedulerPolicy before being parceled.
03-26 17:48:57.770  2258  2292 I sysinput:Touch1: operator():133, 2,1 OK
03-26 17:48:57.770  3205  4920 D SysinputHAL_AIDL: activate(TSP(1)),2,1 ret=0
03-26 17:48:57.770  3205  4920 D SemInputDevice:TSP: SetPropertyTask: CMD,low_sensitivity_mode_enable,0 [03-26 17:48:57.716]
03-26 17:48:57.770  5100  5100 E SQLiteLog: (10) POSIX Error : 11 SQLite Error : 3850
03-26 17:48:57.770  5100  5100 E SQLiteLog: (10) LOCK : Getting lock (4) failed due to (11). The current owner is (8238).
03-26 17:48:57.770  5100  5100 I ChargingInfoManager: removeMessages:
03-26 17:48:57.770  5100  5100 W AODAlarmTimer_HIDE_CHARGING_INFO_TIMER: stop : not yet started
03-26 17:48:57.770  5100  5100 I AODCommonUtils: setLowFrequencyDrivenMode mode: client=aod scope=normal scalability=0 node=/sys/class/lcd/panel/vrr_lfd
03-26 17:48:57.770  2258  2292 I sysinput:aidl: onReportInformation:91, 1, cmd@low_sensitivity_mode_enabl
03-26 17:48:57.770  3205  4920 D SysinputHAL_AIDL: setProperty(TSP(1)): CMD, low_sensitivity_mode_enable,0 ret=0
03-26 17:48:57.770  2258  2292 I sysinput:Touch1: operator():241, OK
03-26 17:48:57.770  3205  4920 D SemInputDevice:TSP: SetPropertyTask: CMD,set_grip_data,0,2,2346,2801 [03-26 17:48:57.722]
03-26 17:48:57.771  2224  2224 D SensorsFlicker: Als_common::setDelay, handle : 1 time : 10000000ns
03-26 17:48:57.771  5100  5100 D KeyguardUpdateMonitor: handleDreamingStateChanged() dreaming : true -> false
03-26 17:48:57.771  2224  2224 D SensorsFlicker: Als_common::enable, handle : 1, mode : 1, en : 1
03-26 17:48:57.771  2224 11346 D SensorsFlicker: Als_common::sendCommand, send enable command
03-26 17:48:57.772  5100  5100 D KeyguardFingerprint: updateFingerprintListeningState#mFingerprintRunningState=0 shouldListenForFingerprint=false isUdfpsEnrolled=false bioType : 256
03-26 17:48:57.772  5100  5100 D KeyguardFace: shouldListenForFace ( isFaceDefaultCondition = true , isKeyguardVisible = true , isDeviceInteractive = true , mPrimaryBouncerFullyShown = false , isSwitchingUser = false , mIsDreamingForBiometrics = false , isGoingToSleep = false , isKeyguardGoingAway = false , mKeyguardUnlocking = false , isEarlyWakeUp = false , mIsScreenSaverRunning = false , mSystemReady = true , getUserUnlockedWithBiometric = false , isKeyguardShowing = true , isKeyguardOccluded = false , mHasFocus = true)
03-26 17:48:57.772  2256 11344 E SensorListener: ERR(initSensor[1078]):failed to open hrm alc sensor's name
03-26 17:48:57.772  5100  5100 D KeyguardFace: Can't start startListeningForFace(), mFaceRunningState = 1
03-26 17:48:57.772  2256 11344 I SensorListener: enableSensor : numSensors=43/43, sen_list = 0xb4000077b9b28fd0/0xb4000077b9b28fd0
03-26 17:48:57.772  5100  5100 D SecBrightnessController: updateSlider() - BrightnessDialog resetTimer()
03-26 17:48:57.772  5100  5100 D SecBrightnessController: updateSlider() - BrightnessDialog resetTimer()
03-26 17:48:57.772  2256 11344 I SensorListener: enableSensor : numSensors=43/43, sen_list = 0xb4000077b9b28fd0/0xb4000077b9b28fd0
03-26 17:48:57.772  2224  2224 I sensors-hal: set_config:60, sample_period_ns is adjusted to 120000000 based on min/max delay_ns
03-26 17:48:57.772  2224  2224 I sensors-hal: batch:368, com.samsung.sensor.light_ir/1421, period=120000000, max_latency=0 request completed
03-26 17:48:57.773  2224  2224 I sensors-hal: activate:305, com.samsung.sensor.light_ir/1421 en=1
03-26 17:48:57.773  2224  2224 I sensors-hal: activate:53, light_ir: Activate!
03-26 17:48:57.773  2224  2224 I sensors-hal: acquire_qsh_interface:140, acquire_qsh_interface with sensor_id 6 , conn_type 3
03-26 17:48:57.773  2278  2278 I SSC_DAEMON: handleSensorTestReqMsg:88, Sensor type :4, Msg type:10
03-26 17:48:57.774  5100  5100 I BLASTBufferQueue_Java: update, w= 1080 h= 2340 mName = VRI[NotificationShade]@8cde695 mNativeObject= 0xb40000778321ab40 sc.mNativeObject= 0xb4000078e2e9c610 format= -3 caller= android.view.ViewRootImpl.updateBlastSurfaceIfNeeded:3574 android.view.ViewRootImpl.relayoutWindow:11685 android.view.ViewRootImpl.performTraversals:4804 android.view.ViewRootImpl.doTraversal:3924 android.view.ViewRootImpl$TraversalRunnable.run:12903 android.view.Choreographer$CallbackRecord.run:1901
03-26 17:48:57.774  3205  7827 I WindowManager: Relayout Window{9f049bb u0 NotificationShade}: viewVisibility=0 req=1080x2340 ty=2040 d0
03-26 17:48:57.774  5100  5100 I VRI[NotificationShade]@8cde695: Relayout returned: old=(0,0,1080,2340) new=(0,0,1080,2340) relayoutAsync=true req=(1080,2340)0 dur=1 res=0x0 s={true 0xb4000077f2f98910} ch=false seqId=83
03-26 17:48:57.774  2256 11348 E CHIFD   : [ERROR][FD     ] camxchinodefd.cpp:1453 PostPipelineCreate() Node[SecurePreview_com.qti.node.fd8_cam5] FD node created in pipeline (realtime 1) FD Use client 2, Spectra Version 0x90800Facial attribute settings: GB(0), CT(1), CTV(0), Exp(0), Gen(0), Mask(1), UpperBody(1) Pet(0)
03-26 17:48:57.774  2256  4118 E CamX    : [ERROR][SENSOR ] camxsensorcache.cpp:117 SetSubDeviceHandle() Device[5][Sensor] refCount:0 hCSL:0xf60200 hDev:0x3a0101 hCSLCached:0x440200 isAcquired:0 pipelineRefCount:0
03-26 17:48:57.774  2196  2349 E minksocket: MinkIPC ERROR: ( 2196:2349 ) MinkIPC_preProcess:272 Client down, but cannot find corresponding minksession
03-26 17:48:57.774  2256  4118 E CamX    : [ERROR][SENSOR ] camxsensornode.cpp:1794 SensorThreadJobCallback() Sensor[5][SecurePreview_Sensor0_cam5] currConfigStatus:2
03-26 17:48:57.774  2196  2353 E minksocket: MinkIPC ERROR: ( 2196:2353 ) MinkIPC_preProcess:272 Client down, but cannot find corresponding minksession
03-26 17:48:57.774  2256 11348 I CV      : File: vendor/qcom/proprietary/cv-noship/eva/4.0/src/cpu/platform/android/evaSession.cpp Line: 549 Function: evaGetDebugSettings() Msg: EVA Debug Logs Disabled
03-26 17:48:57.774  2256 11348 I CV      : File: vendor/qcom/proprietary/cv-noship/eva/4.0/src/cpu/platform/android/evaSession.cpp Line: 567 Function: evaGetDebugSettings() Msg: EVA SFR Dump mode Enabled
03-26 17:48:57.774  2256 11348 I CV      : File: vendor/qcom/proprietary/cv-noship/eva/4.0/src/cpu/platform/android/evaSession.cpp Line: 591 Function: evaGetDebugSettings() Msg: EVA CRC calculation disabled
03-26 17:48:57.774  2256 11348 I CV      : File: vendor/qcom/proprietary/cv-noship/eva/4.0/src/cpu/platform/android/evaSession.cpp Line: 602 Function: evaGetDebugSettings() Msg:  EVA Memory Profile Disabled
03-26 17:48:57.774  2256 11348 I CV      : File: vendor/qcom/proprietary/cv-noship/eva/4.0/src/cpu/platform/android/evaSession.cpp Line: 629 Function: evaGetPresilSettings() Msg: EVA Sync default timeout used. Timeout = 2500 ms
03-26 17:48:57.774  2256  4118 E CamX    : [ERROR][SENSOR ] camxsensorcache.cpp:117 SetSubDeviceHandle() Device[5][CSIPHY] refCount:1 hCSL:0xf60200 hDev:0x870102 hCSLCached:0xf60200 isAcquired:0 pipelineRefCount:0
03-26 17:48:57.775  5100  5100 I SecKeyguardClockPositionAlgorithm: prepareClockContainerHeightChanging:
03-26 17:48:57.775  5100  5100 I PluginFaceWidgetManager: isEditMode = false
03-26 17:48:57.775  5100  5100 I NowBarItemManager: getVisibleList isScreenTurnedOn = true / aodShowState false shouldControlScreenOff false visibleList size = 1
03-26 17:48:57.775  5100  5100 I NowBarItemManager: visibleList idx=0, , AI_BRIEF_KEY, AI_BRIEF | 7
03-26 17:48:57.775  3205  7827 I WindowManager: Relayout hash=9f049bb, pid=0, syncId=-1: mAttrs={(0,0)(fillxfill) gr=TOP CENTER_VERTICAL sim={adjust=pan} layoutInDisplayCutoutMode=always ty=NOTIFICATION_SHADE fmt=TRANSLUCENT or=SCREEN_ORIENTATION_NOSENSOR if=INPUT_FEATURE_DISABLE_USER_ACTIVITY userActivityTimeout=6000
03-26 17:48:57.775  3205  7827 I WindowManager:   fl=81160040
03-26 17:48:57.775  3205  7827 I WindowManager:   pfl=10000200
03-26 17:48:57.775  3205  7827 I WindowManager:   bhv=2
03-26 17:48:57.775  3205  7827 I WindowManager:   frameRateBoostOnTouch=true
03-26 17:48:57.775  3205  7827 I WindowManager:   dvrrWindowFrameRateHint=true screenDimDuration=0 naviIconColor=0
03-26 17:48:57.775  3205  7827 I WindowManager:   sfl=40000}
03-26 17:48:57.775  2256  4118 E CamX    : [ERROR][SENSOR ] camxactuator.cpp:148 Initialize() Actuator[5][SecurePreview_Sensor0_cam5] hCSL:0xf60200 hDev:0x4f0103 devIdx:23 isAcquired:0 pipelineRefCount:0
03-26 17:48:57.775  5100  5100 I SecKeyguardClockPositionAlgorithm: prepareClockContainerHeightChanging:
03-26 17:48:57.775  5100  5100 I PluginFaceWidgetManager: isEditMode = false
03-26 17:48:57.775  5100  5100 I NowBarItemManager: getVisibleList isScreenTurnedOn = true / aodShowState false shouldControlScreenOff false visibleList size = 1
03-26 17:48:57.775  5100  5100 I NowBarItemManager: visibleList idx=0, , AI_BRIEF_KEY, AI_BRIEF | 7
03-26 17:48:57.776  2196  2353 E minksocket: MinkIPC ERROR: ( 2196:2353 ) MinkIPC_preProcess:272 Client down, but cannot find corresponding minksession
03-26 17:48:57.776  2196  2349 E minksocket: MinkIPC ERROR: ( 2196:2349 ) MinkIPC_preProcess:272 Client down, but cannot find corresponding minksession
03-26 17:48:57.776  5100  5100 W RefactorFlag: New code path expects SceneContainerFlag to be enabled.
03-26 17:48:57.776  2196  2349 E minksocket: MinkIPC ERROR: ( 2196:2349 ) MinkIPC_preProcess:272 Client down, but cannot find corresponding minksession
03-26 17:48:57.776  2196  2353 E minksocket: MinkIPC ERROR: ( 2196:2353 ) MinkIPC_preProcess:272 Client down, but cannot find corresponding minksession
03-26 17:48:57.776  5100  5100 I VRI[NotificationShade]@8cde695: registerCallbackForPendingTransactions
03-26 17:48:57.777  2224  2224 I sensors-hal: qsh_qmi:34, qsh_qmi
03-26 17:48:57.777  2224  2224 I sensors-hal: send_sync_sensor_request:515, send sync request
03-26 17:48:57.777  2196  2353 E minksocket: MinkIPC ERROR: ( 2196:2353 ) MinkIPC_preProcess:272 Client down, but cannot find corresponding minksession
03-26 17:48:57.777  2224  2224 I sensors-hal: send_sync_sensor_request:544, wait for notification of response
03-26 17:48:57.777  2196  2349 E minksocket: MinkIPC ERROR: ( 2196:2349 ) MinkIPC_preProcess:272 Client down, but cannot find corresponding minksession
03-26 17:48:57.777  2256 11339 E CamX    : [ERROR][FD     ] camxfdengine.cpp:209 FDEngineCreate() CN_07626430 - Create Parameters: DLFD 1, Facial Contour 0, Facial Expression 0, Facial Gender 0, ROI Manager 1, FD input Dims: (640, 480)
03-26 17:48:57.778  2224 11352 I sensors-hal: qsh_conn_resp_cb:972, resp_value = 0 for light_cct
03-26 17:48:57.778  2224  2224 I sensors-hal: send_sync_sensor_request:550, takes 0 ms to receive the response with 0
03-26 17:48:57.778  2224  2224 I sensors-hal: activate:335, com.samsung.sensor.light_ir/1421 en=1 completed
03-26 17:48:57.778  2256 11344 I SensorListener: enableSensor : numSensors=43/43, sen_list = 0xb4000077b9b28fd0/0xb4000077b9b28fd0
03-26 17:48:57.778  2258  2292 I sysinput:aidl: onReportInformation:91, 1, cmd@set_grip_data,0,2,2346,280
03-26 17:48:57.778  2224  2224 I sensors-hal: set_config:60, sample_period_ns is adjusted to 100000000 based on min/max delay_ns
03-26 17:48:57.778  2224  2224 I sensors-hal: batch:368, android.sensor.gyroscope/41, period=100000000, max_latency=0 request completed
03-26 17:48:57.778  3205  4920 D SysinputHAL_AIDL: setProperty(TSP(1)): CMD, set_grip_data,0,2,2346,2801 ret=0
03-26 17:48:57.778  3205  4920 D SemInputDevice:TSP: SetPropertyTask: CMD,set_aod_rect,0,0,0,0 [03-26 17:48:57.768]
03-26 17:48:57.778  2258  2292 I sysinput:Touch1: operator():241, OK
03-26 17:48:57.778  2256 11348 I CV      : File: vendor/qcom/proprietary/cv-noship/eva/4.0/src/cpu/evaDmm.cpp Line: 1212 Function: evaInitDmm() Msg: evaDmmDumpLevel = 0x00000000
03-26 17:48:57.778  2256 11348 I CV      : File: vendor/qcom/proprietary/cv-noship/eva/4.0/src/cpu/evaDmm.cpp Line: 1215 Function: evaInitDmm() Msg: evaSetEvaHang = 0x00000000
03-26 17:48:57.778  2256 11348 I CV      : File: vendor/qcom/proprietary/cv-noship/eva/4.0/src/cpu/evaDmm.cpp Line: 1283 Function: evaInitDmm() Msg: pDmm->pSession->nHangdumpReplayFreq = 0
03-26 17:48:57.778  2256 11348 I DMABUFHEAPS: Using DMA-BUF heap named: qcom,display
03-26 17:48:57.778  2224  2224 I sensors-hal: activate:305, android.sensor.gyroscope/41 en=1
03-26 17:48:57.778  2224  2224 I sensors-hal: acquire_qsh_interface:140, acquire_qsh_interface with sensor_id 29 , conn_type 3
03-26 17:48:57.779  2196  2349 E minksocket: MinkIPC ERROR: ( 2196:2349 ) MinkIPC_preProcess:272 Client down, but cannot find corresponding minksession
03-26 17:48:57.779  2196  2353 E minksocket: MinkIPC ERROR: ( 2196:2353 ) MinkIPC_preProcess:272 Client down, but cannot find corresponding minksession
03-26 17:48:57.779  2196  2349 E minksocket: MinkIPC ERROR: ( 2196:2349 ) MinkIPC_preProcess:272 Client down, but cannot find corresponding minksession
03-26 17:48:57.779  2196  2353 E minksocket: MinkIPC ERROR: ( 2196:2353 ) MinkIPC_preProcess:272 Client down, but cannot find corresponding minksession
03-26 17:48:57.781  2256  2256 I CHI     : [SS_LOW ]: [CHI         ]: chxextensionmodule.cpp: InitializeOverrideSession: 9415: MemAvailable: 3578604 kB
03-26 17:48:57.781  2256  2256 I Unihal  : CameraDevice.cpp: ConfigureStreams: 96: [UNIKPI][4] VndHAL->configure_streams: X
03-26 17:48:57.781  2256  2256 I Unihal  : UniState.cpp: transitState: 102: Transiting to state 4
03-26 17:48:57.781  2256  2256 I Unihal  : UniHalPlusMediator.cpp: ConfigureStreams: 433: Device(0xb4000076d9bf1c40): X
03-26 17:48:57.781  2256  2256 I Unihal  : UniHal3InterfaceEntry.cpp: uni_configure_streams: 331: [UNIKPI][4] UniHAL->configure_streams: X
03-26 17:48:57.781  2256  2256 I Samsung_CameraDeviceSession_impl: [CAMKPI] camera3->configure_streams : X
03-26 17:48:57.781  2667 17874 I AidlCamera3-Device: configureStreams : stream[0] : format = 0x23(YUV_420_888), data_space = 146931712, color_space = -1, usage flag = 0x64003, max_buffers = 8, physical_camera_id = null
03-26 17:48:57.781 18412 18412 I [MCFServer]_BleScanner(BA): startScan - t - BAScanPolicy{, IDs={17}}
03-26 17:48:57.781  2667 17874 I Camera3-Status: addComponent: Adding new component 2 - BufferRequestSM
03-26 17:48:57.781  2667 17874 D Camera3-Device: CameraPerf: Connect Streams E
03-26 17:48:57.781  2667 17874 I Camera3-Status: addComponent: Adding new component 3 - streamId = 0, format = 0x23(YUV_420_888), width = 1440, height = 1080, option = 0x0, type = OUTPUT
03-26 17:48:57.781  2278  4099 I SSC_DAEMON: light_event_log:214, light_msg(4/10): 0,0,0,0,0,0
03-26 17:48:57.781  2667 17874 D Camera3-OutputStream: configureConsumerQueueLocked: Consumer wants 4 buffers, HAL wants 8
03-26 17:48:57.781  2667 17874 I Camera3-OutputStream: configureConsumerQueueLocked: [VSYNC] allowPreviewRespace : true, mSyncToDisplay : false, mPreviewFrameSpacer : false
03-26 17:48:57.781  2667 17874 D Camera3-Device: CameraPerf: Connect Streams X (0ms)
03-26 17:48:57.782  5291  5302 I WallpaperService: dispatchAppVisibility: lock, visible=true , mLidState = -1
03-26 17:48:57.782  2667 17874 D Camera3-Device: Set real time priority for request queue thread (tid 11324)
03-26 17:48:57.782  2667 17874 D Camera3-Device: CameraPerf: configureStreamsLocked: Camera 4: Stream configuration X (63ms)
03-26 17:48:57.782  5291  5291 I WallpaperService: updateSurface lock forceRelayout=false forceReport=false redrawNeeded=false myWidth=-1 myHeight=-1 fixedSize=false x = 0 y = 0 mWidth=-1 mHeight=-1
03-26 17:48:57.782  5291  5291 I WallpaperService: reportVisibility: visibility changed. visible=true
03-26 17:48:57.782  2667 17874 D Camera3-Utils: Set regular priority for thread (tid 17874)
03-26 17:48:57.782  5291  5291 I SprWallpaper|LayeredWallpaperServiceEngine: onVisibilityChanged: 6 , E1.i@75be967
03-26 17:48:57.782  5291  5291 I SprWallpaper|LayeredController_PL: onVisibilityChanged : true , 3
03-26 17:48:57.782  5901 31800 I bt_shim_scanner: system/main/shim/le_scanning_manager.cc:135 RegisterScanner: in shim layer, UUID=4da56954-238d-4f9f-a8b7-27e5e87976c6
03-26 17:48:57.782  2233 11310 I sec_fr_FaceCameraClient: [0] E FaceCameraClient::onStartCameraStream()
03-26 17:48:57.782  5901  6194 W bluetooth: system/gd/hci/le_scanning_manager.cc:650 register_scanner: register_scanner
03-26 17:48:57.782  2233 11310 I sec_fr_FaceCameraClient: [0] S FaceCameraClient::onStartCameraStream()
03-26 17:48:57.782  2233 11310 E sec_fr_FaceCameraClient: [0] state is not matched (256)(132)
03-26 17:48:57.782  2233  7712 I sec_fr_NativeFaceService: onCameraCallback type =2 msg=0
03-26 17:48:57.782  2233  7712 I sec_fr_NativeFaceService: executionByStep[3] - state(0x8) mState(7) toState(15)
03-26 17:48:57.782  2233  7712 I sec_fr_NativeFaceService: startStream - mCmdMode (3)
03-26 17:48:57.782  2233  7712 I sec_fr_FaceCameraController: FaceCameraController::startCamera()
03-26 17:48:57.782  2233 11310 I sec_fr_FaceCameraClient: [0] FaceCameraClient::onStartCamera()
03-26 17:48:57.782  2233 11310 I sec_fr_FaceCameraClient: [0] start camera streaming ... mCaptureRequests size(1)
03-26 17:48:57.782  2667 17874 D Camera3-Device: setStreamingRequestList: Enter: calling submitRequestsHelper: repeating = true
03-26 17:48:57.782  2667 17874 D Camera3-Device: submitRequestsHelper: mInterfaceLock.lock()
03-26 17:48:57.782  2667 11358 I HidlServiceManagement: Trying to get transport of vendor.samsung.hardware.biometrics.face@3.0::ISehBiometricsFace/default without hwservicemanager
03-26 17:48:57.782  2196  2349 E minksocket: MinkIPC ERROR: ( 2196:2349 ) MinkIPC_preProcess:272 Client down, but cannot find corresponding minksession
03-26 17:48:57.782  2196  2353 E minksocket: MinkIPC ERROR: ( 2196:2353 ) MinkIPC_preProcess:272 Client down, but cannot find corresponding minksession
03-26 17:48:57.782  2667 17874 I Camera3-Device: Submit request type: 0x1, repeating(true), burst(false)
03-26 17:48:57.782  2667 17874 D Camera3-Device: setRepeatingRequests: lastFrameNumber 0.
03-26 17:48:57.782  2667 17874 I Camera3-Status: markComponent: Component 1 is now active - RequestThread
03-26 17:48:57.782  2256 11348 I CV      : File: vendor/qcom/proprietary/cv-noship/eva/4.0/src/cpu/evaMem.cpp Line: 320 Function: Allocate() Msg: First time Vmem creation
03-26 17:48:57.783  2256 11348 I LIBVMMEM: Using LibvmMem with DMABUFHEAPS
03-26 17:48:57.783  2667 11323 I CameraService: startCameraStreamingOps: Start camera streaming ops, package name = client.pid<2233>, client UID = 1000
03-26 17:48:57.783  2667 11323 I CameraServiceProxyWrapper: updateProxyDeviceState: notifyCameraState for Camera ID 4, newState 1, facing 1, clientName client.pid<2233>, apiLevel 2
03-26 17:48:57.783  2667 11324 D Camera3-Device: CameraPerf: PrepareHALRequests E
03-26 17:48:57.783  2667 17874 D Camera3-Device: submitRequestsHelper: mInterfaceLock.unlock()
03-26 17:48:57.783  2667 11324 I Camera3-Status: markComponent: Component 0 is now active - InflightRequests
03-26 17:48:57.783  2667 11324 D Camera3-Device: CameraPerf: PrepareHALRequests X (0ms)
03-26 17:48:57.783  2233 11312 I sec_fr_FaceCameraClient: FaceCameraClient::onSessionActive()
03-26 17:48:57.783  2667 11324 D Camera3-Device: CameraPerf: sendRequestsBatch E
03-26 17:48:57.783  3205  5224 I CameraManagerGlobal: Camera 4 facing CAMERA_FACING_FRONT state now CAMERA_STATE_ACTIVE for client client.pid<2233> API Level 2 User Id 0Device Id 0
03-26 17:48:57.783  3205  4994 D SemWifiCoexManager: onCameraDeviceStateChanged:  cameraId=4 facing=1 newCameraState=1 clientName=client.pid<2233>
03-26 17:48:57.783  7931 13371 I CameraManagerGlobal: Camera 4 facing CAMERA_FACING_FRONT state now CAMERA_STATE_ACTIVE for client client.pid<2233> API Level 2 User Id 0Device Id 0
03-26 17:48:57.783  2667 11323 W IPCThreadState: Sending oneway calls to frozen process.
03-26 17:48:57.783  7782   448 I CameraManagerGlobal: Camera 4 facing CAMERA_FACING_FRONT state now CAMERA_STATE_ACTIVE for client client.pid<2233> API Level 2 User Id 0Device Id 0
03-26 17:48:57.783  7849  1135 I CameraManagerGlobal: Camera 4 facing CAMERA_FACING_FRONT state now CAMERA_STATE_ACTIVE for client client.pid<2233> API Level 2 User Id 0Device Id 0
03-26 17:48:57.783  5382  5426 I CameraManagerGlobal: Camera 4 facing CAMERA_FACING_FRONT state now CAMERA_STATE_ACTIVE for client client.pid<2233> API Level 2 User Id 0Device Id 0
03-26 17:48:57.783  7849  1135 I CameraManagerGlobal: onCameraDeviceStateChangedLocked: post device state update
03-26 17:48:57.783  7849  1135 I CameraManagerGlobal: onCameraDeviceStateChangedLocked: post device state update
03-26 17:48:57.783  8819  8828 I CameraManagerGlobal: Camera 4 facing CAMERA_FACING_FRONT state now CAMERA_STATE_ACTIVE for client client.pid<2233> API Level 2 User Id 0Device Id 0
03-26 17:48:57.783  2233  7712 I sec_fr_NativeFaceService: onCameraCallback type =3 msg=0
03-26 17:48:57.783  5100  1888 I CameraManagerGlobal: Camera 4 facing CAMERA_FACING_FRONT state now CAMERA_STATE_ACTIVE for client client.pid<2233> API Level 2 User Id 0Device Id 0
03-26 17:48:57.783  3205  5224 I CameraManagerGlobal: onCameraDeviceStateChangedLocked: post device state update
03-26 17:48:57.783 32350   564 I CameraManagerGlobal: Camera 4 facing CAMERA_FACING_FRONT state now CAMERA_STATE_ACTIVE for client client.pid<2233> API Level 2 User Id 0Device Id 0
03-26 17:48:57.783  3205  5224 I CameraManagerGlobal: onCameraDeviceStateChangedLocked: post device state update
03-26 17:48:57.783  9142  8070 I CameraManagerGlobal: Camera 4 facing CAMERA_FACING_FRONT state now CAMERA_STATE_ACTIVE for client client.pid<2233> API Level 2 User Id 0Device Id 0
03-26 17:48:57.783  5100  1888 I CameraManagerGlobal: onCameraDeviceStateChangedLocked: post device state update
03-26 17:48:57.783  5100  1888 I CameraManagerGlobal: onCameraDeviceStateChangedLocked: post device state update
03-26 17:48:57.783  8886 16140 I CameraManagerGlobal: Camera 4 facing CAMERA_FACING_FRONT state now CAMERA_STATE_ACTIVE for client client.pid<2233> API Level 2 User Id 0Device Id 0
03-26 17:48:57.783 21255 21265 I CameraManagerGlobal: Camera 4 facing CAMERA_FACING_FRONT state now CAMERA_STATE_ACTIVE for client client.pid<2233> API Level 2 User Id 0Device Id 0
03-26 17:48:57.783  1033 16375 I CameraManagerGlobal: Camera 4 facing CAMERA_FACING_FRONT state now CAMERA_STATE_ACTIVE for client client.pid<2233> API Level 2 User Id 0Device Id 0
03-26 17:48:57.783  2224  2224 I sensors-hal: qsh_qmi:34, qsh_qmi
03-26 17:48:57.783  7523  7929 I CameraManagerGlobal: Camera 4 facing CAMERA_FACING_FRONT state now CAMERA_STATE_ACTIVE for client client.pid<2233> API Level 2 User Id 0Device Id 0
03-26 17:48:57.783  9983  9996 I CameraManagerGlobal: Camera 4 facing CAMERA_FACING_FRONT state now CAMERA_STATE_ACTIVE for client client.pid<2233> API Level 2 User Id 0Device Id 0
03-26 17:48:57.783  2224  2224 I sensors-hal: acquire_qsh_interface:140, acquire_qsh_interface with sensor_id 29 , conn_type 3
03-26 17:48:57.783  2224  2224 I sensors-hal: activate:169, registered callback for gyro_cal
03-26 17:48:57.783 28020 11296 I CameraManagerGlobal: Camera 4 facing CAMERA_FACING_FRONT state now CAMERA_STATE_ACTIVE for client client.pid<2233> API Level 2 User Id 0Device Id 0
03-26 17:48:57.783  2224  2224 I sensors-hal: send_req:263, sent request to gyro_cal (low=10025908976994887838high=13187306796670928542), reqeuest_count = 1
03-26 17:48:57.783  2224  2224 I sensors-hal: set_config:60, sample_period_ns is adjusted to 1000000000 based on min/max delay_ns
03-26 17:48:57.783  2224  2224 I sensors-hal: acquire_qsh_interface:140, acquire_qsh_interface with sensor_id 29 , conn_type 3
03-26 17:48:57.783  2224  2224 I sensors-hal: send_sync_sensor_request:515, send sync request
03-26 17:48:57.783  2224  2224 I sensors-hal: send_sync_sensor_request:544, wait for notification of response
03-26 17:48:57.783  2256 11348 I DMABUFHEAPS: Using DMA-BUF heap named: qcom,display
03-26 17:48:57.783  7782 13627 I EadCameraController: onCameraDeviceStateChanged:  cameraId=4 facing=1 newCameraState=1 clientName=client.pid<2233>
03-26 17:48:57.783  2196  2349 E minksocket: MinkIPC ERROR: ( 2196:2349 ) MinkIPC_preProcess:272 Client down, but cannot find corresponding minksession
03-26 17:48:57.784  2196  2353 E minksocket: MinkIPC ERROR: ( 2196:2353 ) MinkIPC_preProcess:272 Client down, but cannot find corresponding minksession
03-26 17:48:57.784  2233  6432 I sec_fr_SehFace: SehFace::getServicePid
03-26 17:48:57.784  2233  6432 I sec_fr_SehFace: FaceServicePID : 2233
03-26 17:48:57.784  2667 11358 I cameraserver: this package is a biometrics faceservice.
03-26 17:48:57.784  2256  2256 I Samsung_CameraDeviceSession_impl: [CAMKPI] camera3->process_capture_request : E
03-26 17:48:57.784  2256  2256 I Unihal  : UniHal3InterfaceEntry.cpp: uni_process_capture_request: 424: [UNIKPI][4] UniHAL->process_capture_request: E
03-26 17:48:57.784  2256  2256 I Unihal  : CameraDevice.cpp: ProcessCaptureRequest: 167: [UNIKPI][4] VndHAL->process_capture_request: E
03-26 17:48:57.784  3205  5224 I EDMNativeHelperService: isFaceRecognitionAllowedEvenCameraBlocked
03-26 17:48:57.784  2224 11356 I sensors-hal: handle_resp_cb:269, resp_value = 0 for gyro_cal before acuiring the lock, pending request = 1
03-26 17:48:57.784  2224 11356 I sensors-hal: handle_resp_cb:283, response received but, no need to notify caller, _is_disable_progress = 0, _request_count = 0
03-26 17:48:57.784  3205  5224 I EDMNativeHelperService: isCameraEnabled
03-26 17:48:57.784  3205  5224 D EDMNativeHelper: isCameraEnabled
03-26 17:48:57.784  2256  2256 I CHI     : [SS_LOW ]: [CHI         ]: chxadvancedcamerausecase.cpp: SetPerfLock: 8832: unexpected mode 22
03-26 17:48:57.784  3205  5224 D EDMNativeHelper: checking for camera in EnterpriseDeviceManagerService
03-26 17:48:57.784  3205  5224 D EnterpriseDeviceManagerService: isCameraEnabledNative
03-26 17:48:57.784  3205  5224 D EnterpriseDeviceManagerService: checking for camera in restriction policy
03-26 17:48:57.784  2224 11356 I sensors-hal: qsh_conn_resp_cb:972, resp_value = 0 for sensor_temperature
03-26 17:48:57.784  2224  2224 I sensors-hal: send_sync_sensor_request:550, takes 1 ms to receive the response with 0
