03-26 17:48:57.723  5748  6314 I EPDG -- SIM1 IwlanNetworkService: Calling onRequestNetworkRegistrationInfoComplete.resultCode = 0, netState = NetworkRegistrationInfo{ domain=PS transportType=WLAN registrationState=UNKNOWN networkRegistrationState=UNKNOWN roamingType=NOT_ROAMING accessNetworkTechnology=IWLAN rejectCause=0 emergencyEnabled=false availableServices=[] cellIdentity=null voiceSpecificInfo=null dataSpecificInfo=null nrState=**** rRplmn= isUsingCarrierAggregation=false isNonTerrestrialNetwork=TERRESTRIAL}
03-26 17:48:57.723  2233 15343 I sec_fr_QSeeInterfaceSMCInvoke: sendSMCInvokeCommand Success
03-26 17:48:57.723  2233 15343 I sec_fr_QSeeInterfaceSMCInvoke: communicateTA Success
03-26 17:48:57.723  2233 15343 I sec_fr_QSeeEngine: checkCmdResult - return value from qsapp is 0
03-26 17:48:57.723  2233 15343 I sec_fr_FaceEngine: initAuth
03-26 17:48:57.723  2233 15343 I sec_fr_QSeeEngine: initAuthenticate_l
03-26 17:48:57.723  2233 15343 I sec_fr_QSeeInterfaceSMCInvoke: getSharedBuffer 496 , 8 , 516, SB size = 2
03-26 17:48:57.723  2233 15343 W sec_fr_QSeeEngine: invalid challenge length = 0
03-26 17:48:57.723  2233 15343 I sec_fr_QSeeInterfaceSMCInvoke: QSeeInterfaceSMCInvoke::call sendCommand for initAuthenticate_l
03-26 17:48:57.723  2233 15343 I sec_fr_QSeeInterfaceSMCInvoke: sendSMCInvokeCommand req_len = 496 , rsp_len = 8
03-26 17:48:57.723  3987  4009 D SemNativeCarrierFeature_vendor: getInstance
03-26 17:48:57.723  2256  2256 E CamX    : [ERROR][HAL    ] camxhaldevice.cpp:1533 CHIModuleInitialize() GetCameraId: 3 callback: 0xb40000759b17b738 cam3Device: 0xb40000759b17b690
03-26 17:48:57.723  3205  6658 I WindowManager: Relayout Window{845846b u0 com.sec.android.app.launcher/com.samsung.app.honeyspace.edge.edgepanel.app.CocktailBarService}: viewVisibility=0 req=67x341 ty=2226 d0
03-26 17:48:57.723  2256  2256 I CHI     : [SS_INFO]: [SS_LOG_LEVEL]: 1, [DEVELOPER_LOG_LEVEL]: 0
03-26 17:48:57.723  2256  2256 I CHI     : [SS_LOW ]: [CHI         ]: chxextensionmodule.cpp: CheckIsAebEnableFor3rd: 29000: [AEB_DBG_3P] is3rdAEBClient=0, hasCaptureStream=1, chiCameraId=21, hasBinningStream=1, MultiRatioMode=0, hasLowResSnapshotStream=0
03-26 17:48:57.723  2295  2446 I SurfaceFlinger: id=83873 createSurf, flag=44004, com.sec.android.app.launcher/com.samsung.app.honeyspace.edge.edgepanel.app.CocktailBarService$_5552#83873
03-26 17:48:57.724  3987  4009 D SemNativeCarrierFeature_vendor: getInstance
03-26 17:48:57.724  2256  2256 E ChiX    : [ERROR][CORE   ] chxextensionmodule.cpp:2713 SetHALOps() SetHALOps being set for CameraID:3 pHalOps: 0xb40000759b17b738
03-26 17:48:57.724  2256  2256 E ChiX    : [ERROR][CORE   ] chxextensionmodule.cpp:8514 InitializeOverrideSession() logicalCam: 3 pCamera3Device: 0xb40000759b17b690
03-26 17:48:57.724  3205  6658 I WindowManager: Relayout hash=845846b, pid=5552, syncId=-1: mAttrs={(0,1760)(67x341) gr=TOP RIGHT CENTER sim={adjust=nothing} layoutInDisplayCutoutMode=always ty=2226 fmt=TRANSPARENT
03-26 17:48:57.724  3205  6658 I WindowManager:   fl=81800108
03-26 17:48:57.724  3205  6658 I WindowManager:   pfl=10000070
03-26 17:48:57.724  3205  6658 I WindowManager:   apr=10
03-26 17:48:57.724  3205  6658 I WindowManager:   bhv=1
03-26 17:48:57.724  3205  6658 I WindowManager:   frameRateBoostOnTouch=true
03-26 17:48:57.724  3205  6658 I WindowManager:   dvrrWindowFrameRateHint=true
03-26 17:48:57.724  3205  6658 I WindowManager:  dimAmount=0.0 dimDuration=0 naviIconColor=0
03-26 17:48:57.724  3205  6658 I WindowManager:   sfl=420000}
03-26 17:48:57.725  5100  5100 I SecKeyguardClockPositionAlgorithm: prepareClockContainerHeightChanging:
03-26 17:48:57.725  5552  5552 I InsetsController: onStateChanged: host=com.sec.android.app.launcher/com.samsung.app.honeyspace.edge.edgepanel.app.CocktailBarService, from=android.view.ViewRootImpl.onInsetsStateChanged:3026, state=InsetsState: {mDisplayFrame=Rect(0, 0 - 1080, 2340), mDisplayCutout=DisplayCutout{insets=Rect(0, 85 - 0, 0) waterfall=Insets{left=0, top=0, right=0, bottom=0} boundingRect={Bounds=[Rect(0, 0 - 0, 0), Rect(514, 0 - 566, 85), Rect(0, 0 - 0, 0), Rect(0, 0 - 0, 0)]} cutoutPathParserInfo={CutoutPathParserInfo{displayWidth=1080 displayHeight=2340 physicalDisplayWidth=1080 physicalDisplayHeight=2340 density={2.8125} cutoutSpec={M 0,0 H -9.333333333333333 V 30.13333333333333 H 9.333333333333333 V 0 H 0 Z @dp} rotation={0} scale={1.0} physicalPixelDisplaySizeRatio={1.0}}} sideOverrides={}}, mRoundedCorners=RoundedCorners{[RoundedCorner{position=TopLeft, radius=42, center=Point(42, 42)}, RoundedCorner{position=TopRight, radius=42, center=Point(1038, 42)}, RoundedCorner{position=BottomRight, radius=42, center=Point(1038, 2298)}, RoundedCorner{position=BottomLeft, radius=42, center=Point(42, 2298)}]}  mRoundedCornerFrame=Rect(0, 0 - 0, 0), mPrivacyIndicatorBounds=PrivacyIndicatorBounds {static bounds=Rect(956, 0 - 1080, 85) rotation=0}, mDisplayShape=DisplayShape{ spec=-311912193 displayWidth=1080 displayHeight=2340 physicalPixelDisplaySizeRatio=0.75 rotation=0 offsetX=0 offsetY=0 scale=1.0}, mSources= { InsetsSource: {e71d0001 mType=navigationBars mFrame=[0,2205][1080,2340] mVisible=false mFlags= mSideHint=BOTTOM mBoundingRects=null}, InsetsSource: {e71d0004 mType=systemGestures mFrame=[0,0][0,0] mVisible=true mFlags= mSideHint=NONE mBoundingRects=null}, InsetsSource: {e71d0005 mType=mandatorySystemGestures mFrame=[0,2205][1080,2340] mVisible=true mFlags= mSideHint=BOTTOM mBoundingRects=null}, InsetsSource: {e71d0006 mType=tappableElement mFrame=[0,2205][1080,2340] mVisible=true mFlags= mSideHint=BOTTOM mBoundingRects=null}, InsetsSource: {e71d0024 mType=systemGestures mFrame=[0,0][0,0] mVisible=true mFlags= mSideHint=NONE mBoundingRects=null}, InsetsSource: {27 mType=displayCutout mFrame=[0,0][1080,85] mVisible=true mFlags= mSideHint=TOP mBoundingRects=null}, InsetsSource: {32e40005 mType=mandatorySystemGestures mFrame=[0,0][1080,119] mVisible=true mFlags= mSideHint=TOP mBoundingRects=null} }
03-26 17:48:57.725  5100  5100 I PluginFaceWidgetManager: isEditMode = false
03-26 17:48:57.725  5100  5100 I NowBarItemManager: getVisibleList isScreenTurnedOn = true / aodShowState false shouldControlScreenOff false visibleList size = 1
03-26 17:48:57.725  5100  5100 I NowBarItemManager: visibleList idx=0, , AI_BRIEF_KEY, AI_BRIEF | 7
03-26 17:48:57.725  5552  5552 I BufferQueueProducer: [](id:15b000001151,api:0,p:1659708208,c:5552) setDequeueTimeout:2077252342
03-26 17:48:57.725  5552  5552 I BLASTBufferQueue_Java: new BLASTBufferQueue, mName= VRI[CocktailBarService]@9a3823d mNativeObject= 0xb4000077830d46f0 caller= android.view.ViewRootImpl.updateBlastSurfaceIfNeeded:3585 android.view.ViewRootImpl.relayoutWindow:11685 android.view.ViewRootImpl.performTraversals:4804 android.view.ViewRootImpl.doTraversal:3924 android.view.ViewRootImpl$TraversalRunnable.run:12903 android.view.Choreographer$CallbackRecord.run:1901 android.view.Choreographer$CallbackRecord.run:1910 android.view.Choreographer.doCallbacks:1367 android.view.Choreographer.doFrame:1292 android.view.Choreographer$FrameDisplayEventReceiver.run:1870
03-26 17:48:57.725  5552  5552 I BLASTBufferQueue_Java: update, w= 67 h= 341 mName = VRI[CocktailBarService]@9a3823d mNativeObject= 0xb4000077830d46f0 sc.mNativeObject= 0xb4000078e2eab0d0 format= -2 caller= android.view.ViewRootImpl.updateBlastSurfaceIfNeeded:3590 android.view.ViewRootImpl.relayoutWindow:11685 android.view.ViewRootImpl.performTraversals:4804 android.view.ViewRootImpl.doTraversal:3924 android.view.ViewRootImpl$TraversalRunnable.run:12903 android.view.Choreographer$CallbackRecord.run:1901
03-26 17:48:57.725  5552  5552 I VRI[CocktailBarService]@9a3823d: Relayout returned: old=(1013,1760,1080,2101) new=(1013,1760,1080,2101) relayoutAsync=false req=(67,341)0 dur=2 res=0x3 s={true 0xb4000077f30e61c0} ch=true seqId=14
03-26 17:48:57.725  3987  4009 D SemNativeCarrierFeature_vendor: getInstance
03-26 17:48:57.726  5336  6074 D SatelliteController: isInCarrierRoamingNbIotNtn: satellite is disabled
03-26 17:48:57.726  5100  5100 I SecKeyguardClockPositionAlgorithm: prepareClockContainerHeightChanging:
03-26 17:48:57.726  5100  5100 I PluginFaceWidgetManager: isEditMode = false
03-26 17:48:57.726  5100  5100 I NowBarItemManager: getVisibleList isScreenTurnedOn = true / aodShowState false shouldControlScreenOff false visibleList size = 1
03-26 17:48:57.726  5100  5100 I NowBarItemManager: visibleList idx=0, , AI_BRIEF_KEY, AI_BRIEF | 7
03-26 17:48:57.726  5552  5552 I VRI[CocktailBarService]@9a3823d: Creating new active sync group VRI[CocktailBarService]@9a3823d#77
03-26 17:48:57.726  5100  5100 W View    : requestLayout() improperly called by com.android.systemui.qs.SecQSGradationDrawableView{2ed57a9 V.E...... ......I. 0,0-1080,332 #7f0a0a16 app:id/qs_gradation_view} during layout: running second layout pass
03-26 17:48:57.726  5100  5100 W View    : requestLayout() improperly called by android.widget.FrameLayout{57a012e V.E...... ......I. 0,0-1080,2340 #2} during layout: running second layout pass
03-26 17:48:57.726  5100  5100 W View    : requestLayout() improperly called by android.widget.FrameLayout{8e2b4cf V.E...... ......ID 0,153-1080,2205 #7f0a0a14 app:id/qs_frame} during layout: running second layout pass
03-26 17:48:57.726  5552  8041 I VRI[CocktailBarService]@9a3823d: mWNT: t=0xb400007872e9cf90 mBlastBufferQueue=0xb4000077830d46f0 fn= 1 HdrRenderState mRenderHdrSdrRatio=1.0 caller= android.view.ViewRootImpl$12.onFrameDraw:15441 android.view.ThreadedRenderer$1.onFrameDraw:718 <bottom of call stack>
03-26 17:48:57.726  5552  8041 I VRI[CocktailBarService]@9a3823d: Setting up sync and frameCommitCallback
03-26 17:48:57.727  5100  5100 I SecKeyguardClockPositionAlgorithm: prepareClockContainerHeightChanging:
03-26 17:48:57.727  5100  5100 I PluginFaceWidgetManager: isEditMode = false
03-26 17:48:57.727  5100  5100 I NowBarItemManager: getVisibleList isScreenTurnedOn = true / aodShowState false shouldControlScreenOff false visibleList size = 1
03-26 17:48:57.727  5100  5100 I NowBarItemManager: visibleList idx=0, , AI_BRIEF_KEY, AI_BRIEF | 7
03-26 17:48:57.727  5100  5100 I SecKeyguardClockPositionAlgorithm: prepareClockContainerHeightChanging:
03-26 17:48:57.727  5100  5100 I PluginFaceWidgetManager: isEditMode = false
03-26 17:48:57.727  5100  5100 I NowBarItemManager: getVisibleList isScreenTurnedOn = true / aodShowState false shouldControlScreenOff false visibleList size = 1
03-26 17:48:57.727  5100  5100 I NowBarItemManager: visibleList idx=0, , AI_BRIEF_KEY, AI_BRIEF | 7
03-26 17:48:57.727  5552  7902 I BLASTBufferQueue: [VRI[CocktailBarService]@9a3823d#4433](f:0,a:0,s:0) onFrameAvailable the first frame is available
03-26 17:48:57.728  5552  7902 I SurfaceComposerClient: apply transaction with the first frame. layerId: 83873, bufferData(ID: 23845658452571, frameNumber: 1)
03-26 17:48:57.728  5552  7902 I VRI[CocktailBarService]@9a3823d: Received frameCommittedCallback lastAttemptedDrawFrameNum=1 didProduceBuffer=true
03-26 17:48:57.728  2295  2446 I SurfaceFlinger: [com.sec.android.app.launcher/com.samsung.app.honeyspace.edge.edgepanel.app.CocktailBarService$_5552#83873] setTransactionState with the first frame. bufferData(ID: 23845658452571, frameNumber: 1)
03-26 17:48:57.729  5748  5885 I EPDG -- SIM0 IwlanNetworkService: requestNetworkRegistrationInfo for domain 2
03-26 17:48:57.729  5748  6233 I EPDG -- SIM0 IwlanNetworkService: Calling onRequestNetworkRegistrationInfoComplete.resultCode = 0, netState = NetworkRegistrationInfo{ domain=PS transportType=WLAN registrationState=UNKNOWN networkRegistrationState=UNKNOWN roamingType=NOT_ROAMING accessNetworkTechnology=IWLAN rejectCause=0 emergencyEnabled=false availableServices=[] cellIdentity=null voiceSpecificInfo=null dataSpecificInfo=null nrState=**** rRplmn= isUsingCarrierAggregation=false isNonTerrestrialNetwork=TERRESTRIAL}
03-26 17:48:57.729  5100  5234 D SurfaceComposerClient: [SEC_SF_EFFECTS] setBlurRegions NotificationShade$_5100#83868 ## {radius=110, cornerRadii=[50.989, 50.989, 50.989, 50.989], alpha=1.000, rect=[366, 733, 712, 884], clipRect=[0, 0, 2147483647, 2147483647], colorCurve=[0.000000, 9.800000, 255.000000, 70.000000], curveBias=-15.000000, saturation=0.100000, vibrance=[0.000000, (0.000000, 1.000000)], pathData size=0, BlurTint=[(0.000000 0.000000 0.000000) 0.000000, DISABLED]
03-26 17:48:57.729  5100  5234 D SurfaceComposerClient: [SEC_SF_EFFECTS] setBlurRegions NotificationShade$_5100#83868 ## {radius=300, cornerRadii=[235.828, 235.828, 235.828, 235.828], alpha=1.000, rect=[229, 2099, 850, 2258], clipRect=[0, 0, 2147483647, 2147483647], colorCurve=[0.000000, 13.300000, 255.000000, 235.100006], curveBias=-5.000000, saturation=0.350000, vibrance=[0.000000, (0.000000, 1.000000)], pathData size=0, BlurTint=[(0.000000 0.000000 0.000000) 0.000000, DISABLED]
03-26 17:48:57.729  5336  5336 D TelephonyManager: requestModemActivityInfo: Sending result to app: ModemActivityInfo{ mTimestamp=591561714 mSleepTimeMs=308858479 mIdleTimeMs=15382246 mActivityStatsTechSpecificInfo=[{mRat=UNKNOWN,mFrequencyRange=UNKNOWN,mTxTimeMs[]=[21767836, 4679527, 1916229, 1005743, 1062394],mRxTimeMs=249551194}]}
03-26 17:48:57.729  2233 15343 I sec_fr_PerformanceLog: [Performance Log] communicateTA (6836) us in initAuthenticate_l
03-26 17:48:57.729  2233 15343 I sec_fr_QSeeInterfaceSMCInvoke: sendSMCInvokeCommand Success
03-26 17:48:57.729  2233 15343 I sec_fr_QSeeInterfaceSMCInvoke: communicateTA Success
03-26 17:48:57.729  2233 15343 I sec_fr_QSeeEngine: checkCmdResult - return value from qsapp is 0
03-26 17:48:57.729  2233 15343 I sec_fr_FaceEngine: sendHatHmacKey
03-26 17:48:57.729  2233 15343 I sec_fr_QSeeEngine: cacheHatHMACKey
03-26 17:48:57.729  2233 15343 I sec_fr_QSeeEngine: sendHatHMACKey
03-26 17:48:57.730  2256  2256 I CHI     : [SS_LOW ]: [CHI         ]: chxsecperf.cpp: AcquirePerfLock: 1308: 69] BOOST_PREVIEW_0 (2000) Rel
03-26 17:48:57.730  2233 15343 I SessionCallback: AuthenticationFrame{data: BaseFrame{acquiredInfo: START, vendorCode: 0, pan: 0.000000, tilt: 0.000000, distance: 0.000000, isCancellable: false}}
03-26 17:48:57.730  2233 15343 I sec_fr_NativeFaceService: authenticate - success mCommandId(628)
03-26 17:48:57.730  3987  4013 D SemNativeCarrierFeature_vendor: getInstance
03-26 17:48:57.731  2224  2224 I sensors-hal: flush:388, android.sensor.accelerometer/11
03-26 17:48:57.731  2224  2224 I sensors-hal: send_sync_sensor_request:515, send sync request
03-26 17:48:57.731  2224  2224 I sensors-hal: send_sync_sensor_request:544, wait for notification of response
03-26 17:48:57.731  3987  4009 D SemNativeCarrierFeature_vendor: getInstance
03-26 17:48:57.731  2224  8646 I sensors-hal: qsh_conn_resp_cb:972, resp_value = 0 for accel
03-26 17:48:57.731  2224  2224 I sensors-hal: send_sync_sensor_request:550, takes 0 ms to receive the response with 0
03-26 17:48:57.731  2224  2224 I sensors-hal: flush:394, android.sensor.accelerometer/11 completed
03-26 17:48:57.731  2295  2295 I SurfaceFlinger: [com.sec.android.app.launcher/com.samsung.app.honeyspace.edge.edgepanel.app.CocktailBarService$_5552#83873] attach to parent LayerHierarchy{RequestedLayerState{845846b com.sec.android.app.launcher/com.samsung.app.honeyspace.edge.edgepanel.app.CocktailBarService#258 parentId=257} 1 children}
03-26 17:48:57.731  3205  4925 D SensorManager: registerListener :: 11, lsm6dsv_0 Accelerometer Non-wakeup, 200000, 0, android.view.OrientationEventListener$SensorEventListenerImpl@9dc5b5c
03-26 17:48:57.732  2224  8646 I sensors-hal: handle_sns_std_flush_event:840, dt=accel, META_DATA_FLUSH_COMPLETE, _pending_flush_requests=1, _wakeup_type=0
03-26 17:48:57.732  3987  4009 D SemNativeCarrierFeature_vendor: getInstance
03-26 17:48:57.732  5100  5100 I AppIconSolution: return adaptive icon for com.samsung.android.dialer, isNight = true
03-26 17:48:57.733  5748  5885 I EPDG -- SIM0 IwlanNetworkService: requestNetworkRegistrationInfo for domain 2
03-26 17:48:57.733  5100  5100 I AppIconSolution: return adaptive icon for com.samsung.android.dialer, isNight = true
03-26 17:48:57.733  5748  6233 I EPDG -- SIM0 IwlanNetworkService: Calling onRequestNetworkRegistrationInfoComplete.resultCode = 0, netState = NetworkRegistrationInfo{ domain=PS transportType=WLAN registrationState=UNKNOWN networkRegistrationState=UNKNOWN roamingType=NOT_ROAMING accessNetworkTechnology=IWLAN rejectCause=0 emergencyEnabled=false availableServices=[] cellIdentity=null voiceSpecificInfo=null dataSpecificInfo=null nrState=**** rRplmn= isUsingCarrierAggregation=false isNonTerrestrialNetwork=TERRESTRIAL}
03-26 17:48:57.733  5100  1888 D BiometricStatusRepositoryImpl: authenticationState updated: Acquired(biometricSourceType=FACE, requestReason=DeviceEntryAuthentication, acquiredInfo=20)
03-26 17:48:57.733  5100  1888 D BiometricStatusRepositoryImpl: authenticationState updated: Help(biometricSourceType=FACE, helpString=, helpCode=20, requestReason=DeviceEntryAuthentication)
03-26 17:48:57.733  5100  5136 D SemBioFaceManager: help =
03-26 17:48:57.734  5100  6102 I SemBioFaceManager: handleMessage = 101, 20, 0
03-26 17:48:57.734  5100  5100 I AppIconSolution: return adaptive icon for com.samsung.android.dialer, isNight = true
03-26 17:48:57.734  2224 11292 I sensors-hal: qsh_conn_event_cb:894, SCHED_FIFO(10) for qmi_cbk
03-26 17:48:57.735  3987  4009 D SemNativeCarrierFeature_vendor: getInstance
03-26 17:48:57.735  2224 11307 I sensors-hal: qsh_conn_event_cb:894, SCHED_FIFO(10) for qmi_cbk
03-26 17:48:57.735  2224 11307 I sensors-hal: handle_sns_std_sensor_event:90, light_cct: ts = 591561718769369 ns; value = [33, 33, 4, 3, 32, 39, 0, 54, 5664, 93]
03-26 17:48:57.736  5100  5100 I AOD_BRIGHTNESS@BrightnessManager: mCurrentPlatformBrightness : 39, isForceState[0, ForceStateReason[[]], mAppliedPlatformBrightness[39]
03-26 17:48:57.736  5100  5100 D KeyguardFace: onAuthenticationAcquired(), acquireInfo=20
03-26 17:48:57.736  2224 11292 I sensors-hal: get_flicker_als_data:203, [SSC_LIGHT] flicker lux: 0 (1324, 2566, dw: 0)
03-26 17:48:57.736  2224 11292 I sensors-hal: handle_sns_std_sensor_event:408, [SSC_LIGHT] P: 33(33),c:0,b:39,m:13,cl:0,l:29,s:33,l0:5664,l1:864,s0:5000,s1:0,acl:1,opr:0.01,f(r):0,u(bl):0,if:0,wi:93,si:0,0(N:0)
03-26 17:48:57.736  5100  5100 D KeyguardFace: handleFaceAuth faceMsg index = 1 / type = 1
03-26 17:48:57.736  5100  5100 D KeyguardFace: onAuthenticationHelp(), helpCode=20, helpString=
03-26 17:48:57.736  5100  5100 W KeyguardFace: handleFaceAuth dispatchCount = 2 / elapsed time: 0ms
03-26 17:48:57.736  5100  5100 W KeyguardFace: handleFaceAuth dispatchCount = 0 / elapsed time: 0ms
03-26 17:48:57.736  5336  5336 D SatelliteController: registerForSatelliteModemStateChanged: add Listeners for ModemState
03-26 17:48:57.736  5336  5336 E SatelliteController: registerForSatelliteModemStateChanged: mSatelliteSessionController is not initialized yet
03-26 17:48:57.737  3205  3489 D SensorManager: Inject hysteresis info
03-26 17:48:57.737  2224  2224 I sensors-hal: inject_sensor_data:95, injection type:268435458, data 101.000000 6.000000 33.000000 226.000000
03-26 17:48:57.737  2278  2278 I SSC_DAEMON: handleSensorTestReqMsg:88, Sensor type :4, Msg type:15
03-26 17:48:57.738  2278  4099 I SSC_DAEMON: light_event_log:204, light_msg(4/15): option - 29
03-26 17:48:57.738  2295  2295 I SurfaceFlinger: setDisplayBrightness(4630947191136750483): displayBrightness: 0.071294, displayBrightnessNits: 131.536285, sdrWhitePointNits: 131.536285 , dimmingRatio: 1.000000
03-26 17:48:57.738  5100  5136 I KeyguardService: onFinishedWakingUp
03-26 17:48:57.740  2295  2295 I SurfaceFlinger: RequestedLayer [com.sec.android.app.launcher/com.sam[...]l.app.CocktailBarService$_5552#83873] hidden!! flag  from(1) --> to(0)
03-26 17:48:57.740  2258  2292 I sysinput:aidl: onReportInformation:93, 1, cmd@fod_enable,1,1,0,0:0
03-26 17:48:57.740  3205  4920 D SysinputHAL_AIDL: setProperty(TSP(1)): CMD, fod_enable,1,1,0,0 ret=0
03-26 17:48:57.740  2258  2292 I sysinput:Touch1: operator():241, OK
03-26 17:48:57.740  3205  4920 D SemInputDevice:TSP: ActivateTask: 2,1 [03-26 17:48:57.675]
03-26 17:48:57.742  5100  5100 D KeyguardUpdateMonitor: isUserUnlocked userId:0, unlocked:true
03-26 17:48:57.742  5100  5100 D KeyguardSecAffordanceView: sendBlockingTouchAreaToWallpaper rect: Rect(0, 0 - 0, 0), nowBarVisible: true, LeftShortcut
03-26 17:48:57.742  5100  5100 D KeyguardUpdateMonitor: isUserUnlocked userId:0, unlocked:true
03-26 17:48:57.742  5100  5100 D KeyguardUpdateMonitor: isUserUnlocked userId:0, unlocked:true
03-26 17:48:57.742  5100  5100 D KeyguardSecAffordanceView: sendBlockingTouchAreaToWallpaper rect: Rect(0, 0 - 0, 0), nowBarVisible: true, RightShortcut
03-26 17:48:57.742  5100  5100 D KeyguardSecBottomAreaView: mIndicationArea margin start : 73, end : 73, bottom : 286
03-26 17:48:57.742  2256  2256 E CHIFD   : [ERROR][FD     ] camxchinodefd.cpp:1867 FillInputBufferRequirments() Node[SecurePreview_com.qti.node.fd8_cam5] ImageRequirements index 0 width 640 height 480 Y stride 640 scanline 480 UV stride 640 scanline 240
03-26 17:48:57.742  2256  2256 E CHIFD   : [ERROR][FD     ] camxchinodefd.cpp:1867 FillInputBufferRequirments() Node[SecurePreview_com.qti.node.fd8_cam5] ImageRequirements index 1 width 640 height 360 Y stride 640 scanline 480 UV stride 640 scanline 240
03-26 17:48:57.742  2256  2256 E CHIFD   : [ERROR][FD     ] camxchinodefd.cpp:1867 FillInputBufferRequirments() Node[SecurePreview_com.qti.node.fd8_cam5] ImageRequirements index 2 width 1280 height 960 Y stride 1280 scanline 960 UV stride 1280 scanline 480
03-26 17:48:57.742  2256  2256 E CHIFD   : [ERROR][FD     ] camxchinodefd.cpp:1966 FillInputBufferRequirments() Dimensions :Base[640x480], Preview [0x0], Request [640x480] bufferModeChoosed 0
03-26 17:48:57.742  2256  2256 E CHIFD   : [ERROR][FD     ] camxchinodefd.cpp:1988 FillInputBufferRequirments() PortId 0, Min[640x480], Max[640x480], Optimal[640x480]
03-26 17:48:57.743  5100  5100 I AppIconSolution: return adaptive icon for com.samsung.android.dialer, isNight = true
03-26 17:48:57.743  2256  2256 E CamX    : [ERROR][CHI    ] camxchicontext.cpp:5621 SetPipelineDescriptorOptions() [FmtNego] SecurePreview: Node 65538_0 Output Port::[8] Can't convert buffer format 4
03-26 17:48:57.743  5100  5100 I AppIconSolution: return adaptive icon for com.samsung.android.dialer, isNight = true
03-26 17:48:57.744  5100  5100 I AppIconSolution: return adaptive icon for com.samsung.android.dialer, isNight = true
03-26 17:48:57.746  2256  4118 E CamX    : [ERROR][SENSOR ] camxsensornode.cpp:1779 SensorThreadJobCallback() Sensor[5][SecurePreview_Sensor0_cam5] currConfigStatus:1
03-26 17:48:57.746  2256  4118 E CamX    : [ERROR][SENSOR ] camxsensor.cpp:10233 AcquireDevice() Sensor[5][SecurePreview_Sensor0_cam5] hCSL:0xf60200 hDev:0x60101 devIdx:35 isAcquired:0 pipelineRefCount:0
03-26 17:48:57.746  2256 11338 I SS_3A   :  INFO:  AF: CreatePDLib: 2526: CreatePDLib
03-26 17:48:57.746  2256 11338 I SS_3A   :  INFO:  AF: CreatePDLib: 2539: CreatePDLib i 0 paramCount 4
03-26 17:48:57.746  2256 11338 I SS_3A   :  INFO:  AF: CreatePDLib: 2547: CreatePDLib static create: overrideCameraOpen is 1
03-26 17:48:57.746  2256 11338 I SS_3A   :  INFO:  AF: CreatePDLib: 2539: CreatePDLib i 1 paramCount 4
03-26 17:48:57.746  2256 11338 I SS_3A   :  INFO:  AF: CreatePDLib: 2539: CreatePDLib i 2 paramCount 4
03-26 17:48:57.746  2256 11338 I SS_3A   :  INFO:  AF: CreatePDLib: 2555: CreatePDLib af_camera_info 5
03-26 17:48:57.746  2256 11338 I SS_3A   :  INFO:  AF: CreatePDLib: 2539: CreatePDLib i 3 paramCount 4
03-26 17:48:57.746  2256 11338 I SS_3A   :  INFO:  AF: CreatePDLib: 2581: Lens Facing(currentCam) = 1
03-26 17:48:57.746  2256 11338 I SS_3A   :  INFO:  AF: CreatePDLib: 2599: driverSensorId = 12
03-26 17:48:57.746  2256 11338 I SS_3A   :  INFO:  AF: TsCommonFillSensorIdMap: 26: Already filled, cameraId(5) driverSensorId(12)
03-26 17:48:57.746  2256 11338 I SS_3A   :  INFO:  AF: PDAf_init: 1501: [PD_cpu]PDAf_init E PDData 0xb400007609c7ea90
03-26 17:48:57.746  5336  5336 D SatelliteController: Satellite for carrier is not supported.
03-26 17:48:57.747  5336  5336 D SatelliteController: Satellite for carrier is not supported.
03-26 17:48:57.747  5336  5336 D SatelliteController: registerForSatelliteModemStateChanged: add Listeners for ModemState
03-26 17:48:57.747  5336  5336 E SatelliteController: registerForSatelliteModemStateChanged: mSatelliteSessionController is not initialized yet
03-26 17:48:57.747  2249  2839 I SDM     : HWPeripheralDRM::SetPanelBrightness: Setting brightness to level 909 through sysfs node. primary(1), type_id(1)
03-26 17:48:57.747  2256 11338 I SS_3A   :  INFO:  AF: CreatePDLib: 2660: CreatePDLib X2
03-26 17:48:57.747  2256 11338 I SS_3A   :  INFO:  AF: PDLibDestroy: 1537: [PD_cpu]PDLibDestroy 0xb400007609c7ea90
03-26 17:48:57.747  2256 11338 I SS_3A   :  INFO:  AF: PDLibDestroy: 1576: pCameraInfo->cameraid in AFDestroy 5
03-26 17:48:57.747  2256 11338 I SS_3A   :  INFO:  AF: PDLibDestroy: 1582: PDLibDestroyParamTypeNodeDisable 0
03-26 17:48:57.747  2256 11338 I SS_3A   :  INFO:  AF: PDLibDestroy: 1610: overrideCameraClose in overrideCameraClose 0, pPDAFSingleton(0xb400007609c7ea90) referenceCount 0
03-26 17:48:57.747  2256 11338 I SS_3A   :  INFO:  AF: PDLibDestroy: 1614: StaticAF pPDAF in destroy is 0xb400007609c7ea90
03-26 17:48:57.747  2256 11338 I SS_3A   :  INFO:  AF: PDAf_deinit: 1476: [PD_cpu]TsAf_wrap: 0xb40000753a2a5e10, E
03-26 17:48:57.747  2256 11338 I SS_3A   :
03-26 17:48:57.747  2256 11338 I SS_3A   :  INFO:  AF: CreatePDLib: 2526: CreatePDLib
03-26 17:48:57.747  2256 11338 I SS_3A   :  INFO:  AF: CreatePDLib: 2539: CreatePDLib i 0 paramCount 4
03-26 17:48:57.747  2256 11338 I SS_3A   :  INFO:  AF: CreatePDLib: 2547: CreatePDLib static create: overrideCameraOpen is 1
03-26 17:48:57.747  2256 11338 I SS_3A   :  INFO:  AF: CreatePDLib: 2539: CreatePDLib i 1 paramCount 4
03-26 17:48:57.747  2256 11338 I SS_3A   :  INFO:  AF: CreatePDLib: 2539: CreatePDLib i 2 paramCount 4
03-26 17:48:57.747  2256 11338 I SS_3A   :  INFO:  AF: CreatePDLib: 2555: CreatePDLib af_camera_info 5
03-26 17:48:57.747  2256 11338 I SS_3A   :  INFO:  AF: CreatePDLib: 2539: CreatePDLib i 3 paramCount 4
03-26 17:48:57.747  2256 11338 I SS_3A   :  INFO:  AF: CreatePDLib: 2581: Lens Facing(currentCam) = 1
03-26 17:48:57.747  2256 11338 I SS_3A   :  INFO:  AF: CreatePDLib: 2599: driverSensorId = 12
03-26 17:48:57.747  2256 11338 I SS_3A   :  INFO:  AF: TsCommonFillSensorIdMap: 26: Already filled, cameraId(5) driverSensorId(12)
03-26 17:48:57.747  2256 11338 I SS_3A   :  INFO:  AF: PDAf_init: 1501: [PD_cpu]PDAf_init E PDData 0xb400007609c7ea90
03-26 17:48:57.748  2278  2278 I SSC_DAEMON: handleSensorTestReqMsg:88, Sensor type :4, Msg type:11
03-26 17:48:57.748  5336  5336 D SatelliteController: registerForSatelliteModemStateChanged: add Listeners for ModemState
03-26 17:48:57.748  5336  5336 E SatelliteController: registerForSatelliteModemStateChanged: mSatelliteSessionController is not initialized yet
03-26 17:48:57.749  2295  2295 D SurfaceFlinger: Display 4630947191136750483 HWC layers:
03-26 17:48:57.749  2295  2295 D SurfaceFlinger:        CLIENT |           21904333262271 | 00002100 | RGBA_8888    |    0.0    0.0 1080.0   85.0 |    0    0 1080   85 | StatusBar$_5100#102 (198121)
03-26 17:48:57.749  2295  2295 D SurfaceFlinger:        CLIENT |           21904333262283 | 00002100 | RGBA_8888    |    0.0    0.0 1080.0 2340.0 |    0    0 1080 2340 | NotificationShade$_5100#83868 (blurRegions) (18)
03-26 17:48:57.749  2295  2295 D SurfaceFlinger:        DEVICE |           23845658452571 | 00002100 | RGBA_8888    |    0.0    0.0   67.0  341.0 | 1013 1760 1080 2101 | com.sec.android.app.launcher/com.sam[...]l.app.CocktailBarService$_5552#83873 (1)
03-26 17:48:57.749  2295  2295 D SurfaceFlinger:
03-26 17:48:57.749  2256 11338 I SS_3A   :  INFO:  AF: CreatePDLib: 2660: CreatePDLib X2
03-26 17:48:57.749  2256 11338 E CamX    : [ERROR][ISP    ] camxmctfenode.cpp:5426 ConfigureInputResolution() SecurePreview_MCTFE0_cam5: IPP Input Resolution WxH = [4000 x 3000], RDI Resolution WxH = [4000 x 3000]binningFactor 1, CSIDBinning Enabled 0, bIsXCFANonRemosaicData: 0 SensorMode Index 13,isQPDMode:0
03-26 17:48:57.749  2256 11338 E CamX    : [ERROR][ISP    ] camxmctfenode.cpp:4195 PostUsecaseMetadata() SecurePreview_MCTFE0_cam5: IPP Resolution WxH = [4000 x 3000], RDI Resolution WxH = [4000 x 3000] SensorMode Index 13
03-26 17:48:57.749  2256 11342 E CamX    : [ERROR][CORE   ] camxnodecore.h:4996 IsVSREnabled() SecurePreview_OFE0_cam5 Failed to read VSR enable metaTag
03-26 17:48:57.750  2256  2256 E CamX    : [ERROR][CHI    ] camxchicontext.cpp:5621 SetPipelineDescriptorOptions() [FmtNego] SecurePreview: Node 65538_0 Output Port::[8] Can't convert buffer format 4
03-26 17:48:57.750  2278  4099 I SSC_DAEMON: light_event_log:170, light_msg(4/11): br 90 (lux 29,idx 0) - 0,0,13
03-26 17:48:57.750  2256 11343 I vendor.samsung.hardware.camera.provider-service_64: vendor/qcom/proprietary/adsprpc/src/fastrpc_pm.c:170: fastrpc_wake_lock_init done for vendor.samsung.hardware.:2256
03-26 17:48:57.750  2256 11343 I vendor.samsung.hardware.camera.provider-service_64: vendor/qcom/proprietary/adsprpc/src/fastrpc_apps_user.c:2385: update_kernel_wakelock_status: updated kernel wakelock control status to 1 for domain 0
03-26 17:48:57.750  2256 11343 I vendor.samsung.hardware.camera.provider-service_64: vendor/qcom/proprietary/adsprpc/src/fastrpc_apps_user.c:2410: wakelock_control: enabled wakelock control for domain 0
03-26 17:48:57.751  5336  5336 D ServiceStateProvider: subId=1
03-26 17:48:57.751  5336  5336 D SatelliteController: isInCarrierRoamingNbIotNtn: satellite is disabled
03-26 17:48:57.752  5100  5100 I KeyguardTransitionRepository: STARTED transition: TransitionStep(from=DOZING, to=LOCKSCREEN, value=0.0, transitionState=STARTED, ownerName=FromDozingTransitionInteractor)
03-26 17:48:57.753  5100  5100 D DisplayLifecycle: updateDisplay id = 0
03-26 17:48:57.753  5100  5100 I AODTriggers: onAODEventDispatched = 4 / eventData = aod.e0@ed96a70
03-26 17:48:57.753  5100  5100 I AOD_LIVE_CLOCK@LiveClockController: updateDisplayState: DISPLAY_STATE_ON
03-26 17:48:57.753  5100  5100 D ClockFaceEvents: onTimeTick. callers : com.android.keyguard.ClockEventController$keyguardUpdateMonitorCallback$1.refreshTime:19
03-26 17:48:57.753  5100  5100 D ClockFaceEvents: com.android.keyguard.ClockEventController$keyguardUpdateMonitorCallback$1.onTimeChanged:1
03-26 17:48:57.753  5100  5100 D ClockFaceEvents: com.android.keyguard.KeyguardUpdateMonitor$16.handleMessage:732
03-26 17:48:57.753  5100  5100 D ClockFaceEvents: onTimeTick. callers : com.android.keyguard.ClockEventController$keyguardUpdateMonitorCallback$1.refreshTime:38
03-26 17:48:57.753  5100  5100 D ClockFaceEvents: com.android.keyguard.ClockEventController$keyguardUpdateMonitorCallback$1.onTimeChanged:1
03-26 17:48:57.753  5100  5100 D ClockFaceEvents: com.android.keyguard.KeyguardUpdateMonitor$16.handleMessage:732
03-26 17:48:57.753  5100  5100 D FaceWidgetPagesController: onTimeChanged()
03-26 17:48:57.753  5100  5100 D FaceWidgetPagesController: refreshViews() reason = ON_TIME_TICK, force = false
03-26 17:48:57.754  5100  5100 D PluginActionManager: stopListening
03-26 17:48:57.754  5100  5100 D DozeService: onDreamingStopped:
03-26 17:48:57.754  5100  5100 I DozeMachine: transition: old=DOZE_AOD req=FINISH new=FINISH
03-26 17:48:57.754  5100  5100 D DozeServiceHost: stopDozing
03-26 17:48:57.754  5100  5100 D DozeServiceHost: updateDozing dozing = false / dozingRequested = false / state = KEYGUARD mode = 0
03-26 17:48:57.754  5100  5100 D AODOverlayContainer: setVisibility 8
03-26 17:48:57.754  5100  5100 I AODUiController: setIsDozing dozing:false
03-26 17:48:57.754  5100  5100 I AODAlarmTimer_AOD_CHARGING_INFO_TICK: cancelAlarm:
03-26 17:48:57.755  5100  5100 D AODChargingModel: unregisterChargingLightSensor()
03-26 17:48:57.756  2224  2224 I sensors-hal: set_config:64, no need to adjust sample_period_ns due to reporting_mode = 2
03-26 17:48:57.756  2224  2224 I sensors-hal: batch:368, android.sensor.light/51, period=200000000, max_latency=0 request completed
03-26 17:48:57.756  5100  5100 D SensorManager: unregisterListener
03-26 17:48:57.756  5100  5100 D FaceWidgetViewModel: setDozing false
03-26 17:48:57.756  5100  5100 D FaceWidgetMusicPageShownManager: mCurrentMediaData is NULL
03-26 17:48:57.756  5100  5100 D FaceWidgetMusicPageShownManager: updateMusicPageShownState() show = false, reattach = false, reason = doze
03-26 17:48:57.756  5100  5100 D FaceWidgetMusicPageShownManager: skip to show media panel
03-26 17:48:57.756  5100  5100 D FaceWidgetMusicPage: getNowBarMusicHeight ratio = 0.6775 height = 2340 ret = 1585.35
03-26 17:48:57.756  5100  5100 I NotificationIconsOnlyContainer: updateIsWhiteWallpaper() : mIsWhiteWallpaper=0
03-26 17:48:57.757  2256 11343 I 3A_PLTFM: MetaStoreManager: init: 65: AF: Already initialized, returning 0x753be3dfe0
03-26 17:48:57.757  2256 11343 I SS_3A   :  INFO:  AF: AFAlgoSetNodeInterface: 1046: AF vendorTagBase 0x80770000
03-26 17:48:57.757  2256 11343 I SS_3A   :  INFO:  AF: AFAlgoSetNodeInterface: 1054: AWB vendorTagBase 0x80780000
03-26 17:48:57.757  2256 11343 I SS_3A   :  INFO:  AF: AFAlgoSetNodeInterface: 1062: AEC vendorTagBase 0x80760000
03-26 17:48:57.757  2256 11343 I SS_3A   :  INFO:  AF: AFAlgoSetNodeInterface: 1070: PDAF vendorTagBase 0x807f0000
03-26 17:48:57.757  2256 11343 I SS_3A   :  INFO:  AF: PDLibDestroy: 1537: [PD_cpu]PDLibDestroy 0xb400007609c7ea90
03-26 17:48:57.757  2256 11343 I SS_3A   :  INFO:  AF: PDLibDestroy: 1576: pCameraInfo->cameraid in AFDestroy 5
03-26 17:48:57.757  2256 11343 I SS_3A   :  INFO:  AF: PDLibDestroy: 1582: PDLibDestroyParamTypeNodeDisable 0
03-26 17:48:57.757  2256 11343 I SS_3A   :  INFO:  AF: PDLibDestroy: 1610: overrideCameraClose in overrideCameraClose 0, pPDAFSingleton(0xb400007609c7ea90) referenceCount 0
03-26 17:48:57.757  2256 11343 I SS_3A   :  INFO:  AF: PDLibDestroy: 1614: StaticAF pPDAF in destroy is 0xb400007609c7ea90
03-26 17:48:57.757  2256 11343 I SS_3A   :  INFO:  AF: PDAf_deinit: 1476: [PD_cpu]TsAf_wrap: 0xb40000753a2a5e10, E
03-26 17:48:57.757  2256 11343 I SS_3A   :
03-26 17:48:57.756  5100  5100 I ViewPositionControllerManager: unregisterListener: NIO
03-26 17:48:57.757  2256 11343 I SS_3A   :  INFO:  AF: CreatePDLib: 2526: CreatePDLib
03-26 17:48:57.757  2256 11343 I SS_3A   :  INFO:  AF: CreatePDLib: 2539: CreatePDLib i 0 paramCount 4
03-26 17:48:57.757  2256 11343 I SS_3A   :  INFO:  AF: CreatePDLib: 2547: CreatePDLib static create: overrideCameraOpen is 1
03-26 17:48:57.757  5100  5100 I ViewPositionControllerManager: removePositionController: component=NIO, policy=PortNIO, count=2
03-26 17:48:57.757  2256 11343 I SS_3A   :  INFO:  AF: CreatePDLib: 2539: CreatePDLib i 1 paramCount 4
03-26 17:48:57.757  2256 11343 I SS_3A   :  INFO:  AF: CreatePDLib: 2539: CreatePDLib i 2 paramCount 4
03-26 17:48:57.757  2256 11343 I SS_3A   :  INFO:  AF: CreatePDLib: 2555: CreatePDLib af_camera_info 5
03-26 17:48:57.757  5100  5100 I ComplicationWidgetPluginController:  setDozing false 1.0
03-26 17:48:57.757  2256 11343 I SS_3A   :  INFO:  AF: CreatePDLib: 2539: CreatePDLib i 3 paramCount 4
03-26 17:48:57.757  2256 11343 I SS_3A   :  INFO:  AF: CreatePDLib: 2581: Lens Facing(currentCam) = 1
03-26 17:48:57.757  2256 11343 I SS_3A   :  INFO:  AF: CreatePDLib: 2599: driverSensorId = 12
03-26 17:48:57.757  2256 11343 I SS_3A   :  INFO:  AF: TsCommonFillSensorIdMap: 26: Already filled, cameraId(5) driverSensorId(12)
03-26 17:48:57.757  2256 11343 I SS_3A   :  INFO:  AF: PDAf_init: 1501: [PD_cpu]PDAf_init E PDData 0xb400007609c7ea90
03-26 17:48:57.757  5100  5100 E AbsSettings: refreshInner: refreshedSettingsDBItem key enabled_complication_widgets_id_list val = com.sec.android.app.shealth/com.samsung.android.app.shealth.tracker.dailyactivity.widget.DaWidgetReceiver;7;2;1;null~null,null~null
03-26 17:48:57.757  5100  5100 I ComplicationManager: isComplicationVisible : true (dozing=false isFolderOpened=false isLand=false  isAODThemeImageOnly=false)
03-26 17:48:57.757  5100  5100 I KeyguardDozeTransitionManager: setDozing: false
03-26 17:48:57.758  5100  5100 I AODThemeSettingsHelper: getAODSelectedThemeClock = 0
03-26 17:48:57.758  5100  5100 I ViewPositionControllerManager: unregisterListener: NowBar
03-26 17:48:57.758  5100  5100 I ViewPositionControllerManager: removePositionController: component=NowBar, policy=PortBottom, count=2
03-26 17:48:57.758  5100  5100 I NowBarColorModel#159585104: notifyColorChanged isWhiteWallpaper false darkAmount 1.0  darkMode false nowBarMode LOCKSCREEN dozing false
03-26 17:48:57.758  5100  5100 W Settings: Setting accessibility_reduce_transparency has moved from android.provider.Settings.System to android.provider.Settings.Global, returning read-only value.
03-26 17:48:57.758  5100  5100 D WallpaperManager: semGetWallpaperColors: which = 2
03-26 17:48:57.758  5100  5100 D SemWallpaperColorsArea: SemWallpaperColorsArea [1080, 2340] which: 6 rotation: 0 has Base: false
03-26 17:48:57.758  5100  5100 D SemWallpaperColorsArea: SemWallpaperColorsArea which = 6, mDensity : 2.8125, 1080x2340,384x832,30,48, 6
03-26 17:48:57.758  5100  5100 I SemWallpaperColorsArea: Final area : Rect(67, 16 - 1012, 84)
03-26 17:48:57.758  5100  5100 I SemWallpaperColorsArea: Final area : Rect(112, 466 - 967, 756)
03-26 17:48:57.758  5100  5100 I SemWallpaperColorsArea: Final area : Rect(112, 1274 - 967, 1330)
03-26 17:48:57.758  5100  5100 I SemWallpaperColorsArea: Final area : Rect(112, 1358 - 967, 1828)
03-26 17:48:57.758  5100  5100 I SemWallpaperColorsArea: Final area : Rect(112, 2092 - 967, 2255)
03-26 17:48:57.758  5100  5100 I SemWallpaperColorsArea: Final area : Rect(0, 0 - 1080, 2340)
03-26 17:48:57.758  5100  5100 D View    : semSetBlurInfo, blurInfo : android.view.SemBlurInfo@996a90f {BLUR_MODE_WINDOW, mBlurRadius = 300, mBackgroundBlurColor = -1509949440, mCornerRadiusTL = 241.875, mCornerRadiusTR = 241.875, mCornerRadiusBL = 241.875, mCornerRadiusBR = 241.875, mClipRectLeft = 0, mClipRectTop = 0, mClipRectRight = 2147483647, mClipRectBottom = 2147483647, mColorCurve = android.view.SemBlurInfo$ColorCurve@d42bd9c {minX = 0.0, minY = 13.3, maxX = 255.0, maxY = 235.1, curveBias = -5.0, saturation = 0.35}}, androidx.cardview.widget.CardView{1b7a231 V.E...... ......ID 0,0-635,163 #7f0a22d4 app:id/nowbar_cardview_background}
03-26 17:48:57.758  2256 11343 I SS_3A   :  INFO:  AF: CreatePDLib: 2660: CreatePDLib X2
03-26 17:48:57.758  5100  5100 I ViewPositionControllerManager: unregisterListener: Battery
03-26 17:48:57.758  5100  5100 I ViewPositionControllerManager: removePositionController: component=Battery, policy=PortBattery, count=1
03-26 17:48:57.758  5100  5100 I ViewPositionControllerManager: removePositionController: component=NIO, policy=PortNIO, count=1
03-26 17:48:57.758  2256 11343 I SS_3A   :  INFO:  AF: PDLibDestroy: 1537: [PD_cpu]PDLibDestroy 0xb400007609c7ea90
03-26 17:48:57.758  2256 11343 I SS_3A   :  INFO:  AF: PDLibDestroy: 1576: pCameraInfo->cameraid in AFDestroy 5
03-26 17:48:57.758  2256 11343 I SS_3A   :  INFO:  AF: PDLibDestroy: 1582: PDLibDestroyParamTypeNodeDisable 0
03-26 17:48:57.758  5100  5100 D MediaExpandStateObserver: onChanged MediaExpandStateModel(type=NONE, clockY=0.0, clockValidMaxScale=1.0, hasAnimation=true, isDozing=false, darkAmount=1.0, isMediaOutput=false)
03-26 17:48:57.758  2256 11343 I SS_3A   :  INFO:  AF: PDLibDestroy: 1610: overrideCameraClose in overrideCameraClose 0, pPDAFSingleton(0xb400007609c7ea90) referenceCount 0
03-26 17:48:57.758  2256 11343 I SS_3A   :  INFO:  AF: PDLibDestroy: 1614: StaticAF pPDAF in destroy is 0xb400007609c7ea90
03-26 17:48:57.758  5100  5100 D MediaExpandStateObserver: animateClipContainer NONE NONE
03-26 17:48:57.758  2256 11343 I SS_3A   :  INFO:  AF: PDAf_deinit: 1476: [PD_cpu]TsAf_wrap: 0xb40000753a2a5e10, E
03-26 17:48:57.758  2256 11343 I SS_3A   :
03-26 17:48:57.758  5100  5100 I ComplicationWidgetPluginController:  animateContents true
03-26 17:48:57.758  2256 11343 I SS_3A   :  INFO:  AF: CreatePDLib: 2526: CreatePDLib
03-26 17:48:57.758  2256 11343 I SS_3A   :  INFO:  AF: CreatePDLib: 2539: CreatePDLib i 0 paramCount 4
03-26 17:48:57.758  2256 11343 I SS_3A   :  INFO:  AF: CreatePDLib: 2547: CreatePDLib static create: overrideCameraOpen is 1
03-26 17:48:57.758  2256 11343 I SS_3A   :  INFO:  AF: CreatePDLib: 2539: CreatePDLib i 1 paramCount 4
03-26 17:48:57.758  2256 11343 I SS_3A   :  INFO:  AF: CreatePDLib: 2539: CreatePDLib i 2 paramCount 4
03-26 17:48:57.758  2256 11343 I SS_3A   :  INFO:  AF: CreatePDLib: 2555: CreatePDLib af_camera_info 5
03-26 17:48:57.758  2256 11343 I SS_3A   :  INFO:  AF: CreatePDLib: 2539: CreatePDLib i 3 paramCount 4
03-26 17:48:57.758  2256 11343 I SS_3A   :  INFO:  AF: CreatePDLib: 2581: Lens Facing(currentCam) = 1
03-26 17:48:57.758  2256 11343 I SS_3A   :  INFO:  AF: CreatePDLib: 2599: driverSensorId = 12
03-26 17:48:57.758  2256 11343 I SS_3A   :  INFO:  AF: TsCommonFillSensorIdMap: 26: Already filled, cameraId(5) driverSensorId(12)
03-26 17:48:57.758  2256 11343 I SS_3A   :  INFO:  AF: PDAf_init: 1501: [PD_cpu]PDAf_init E PDData 0xb400007609c7ea90
03-26 17:48:57.758  5100  5100 D KeyguardSecAffordanceView: reset LeftShortcut
03-26 17:48:57.758  5100  5100 D KeyguardSecAffordanceView: reset RightShortcut
03-26 17:48:57.758  5100  5100 D KeyguardTouchAnimator: reset unlockExecuted=false
03-26 17:48:57.759  5100  5100 D KeyguardEditModeAnimatorController: reset true
03-26 17:48:57.759  5100  5100 D KeyguardTouchAnimator: resetChildViewVI(): isUnlockExecuted=false scale=1.0
03-26 17:48:57.759  5100  5100 I PluginFaceWidgetManager: isEditMode = false
03-26 17:48:57.759  5100  5100 I NowBarItemManager: getVisibleList isScreenTurnedOn = true / aodShowState false shouldControlScreenOff false visibleList size = 1
03-26 17:48:57.759  5100  5100 I NowBarItemManager: visibleList idx=0, , AI_BRIEF_KEY, AI_BRIEF | 7
03-26 17:48:57.759  5100  5100 E LSO_LSOInterface: LSO Service is not yet ready!!!
03-26 17:48:57.759  2256 11343 I SS_3A   :  INFO:  AF: CreatePDLib: 2660: CreatePDLib X2
03-26 17:48:57.759  2256 11343 I 3A_PLTFM: SolutionInterfaceAF_funcs: getAfParamsOnCreate: 161: chiSessionHandle 0xb4000075d16b9058
03-26 17:48:57.759  2256 11343 I 3A_PLTFM: SolutionInterfaceAF_funcs: getAfParamsOnCreate: 174: StaticAF algo create: overrideCameraOpen is 32
03-26 17:48:57.759  5100  5100 D KeyguardUpdateMonitor: isUserUnlocked userId:0, unlocked:true
03-26 17:48:57.759  2256 11343 I 3A_PLTFM: SolutionInterfaceAF_funcs: getAfParamsOnCreate: 152: cameraId 5
03-26 17:48:57.759  2256 11343 I 3A_PLTFM: SolutionInterfaceAF_funcs: getAfParamsOnCreate: 181: StaticAF algo create: Skipfactor is 1
03-26 17:48:57.759  5100  5100 D KeyguardUpdateMonitor: isUserUnlocked userId:0, unlocked:true
03-26 17:48:57.759  2256 11343 I 3A_PLTFM: SolutionInterfaceAF_funcs: getMetadataOnCreateAF: 222: driverSensorId: 12
03-26 17:48:57.759  2256 11343 I 3A_PLTFM: SolutionInterfaceAF_funcs: getMetadataOnCreateAF: 230: isFactoryCamera: 0
03-26 17:48:57.759  2256 11343 I 3A_PLTFM: SolutionInterfaceAF_funcs: getMetadataOnCreateAF: 236: isSamsungCamera: 0
03-26 17:48:57.759  2256 11343 I 3A_PLTFM: SolutionInterfaceAF_funcs: getMetadataOnCreateAF: 243: isRangeSensorMode: 0
03-26 17:48:57.759  2256 11343 I 3A_PLTFM: SolutionInterfaceAF_funcs: getMetadataOnCreateAF: 249: isSuperSteadyMode: 0
03-26 17:48:57.759  2256 11343 I 3A_PLTFM: SolutionInterfaceAF_funcs: getMetadataOnCreateAF: 255: recordingHint: 0
03-26 17:48:57.759  2256 11343 I 3A_PLTFM: SolutionInterfaceAF_funcs: getMetadataOnCreateAF: 261: shotMode: 22
03-26 17:48:57.760  5100  5100 D KeyguardSecBottomAreaViewController: updateCameraVisibility isCameraDisabled:false visible:true
03-26 17:48:57.760  5100  5100 D KeyguardUpdateMonitor: isUserUnlocked userId:0, unlocked:true
03-26 17:48:57.760  5100  5100 I ViewPositionControllerManager: unregisterListener: ChargingInfo
03-26 17:48:57.760  5100  5100 I ViewPositionControllerManager: removePositionController: component=ChargingInfo, policy=PortBottom, count=1
03-26 17:48:57.760  5100  5100 D KeyguardFace: shouldListenForFace ( isFaceDefaultCondition = true , isKeyguardVisible = true , isDeviceInteractive = true , mPrimaryBouncerFullyShown = false , isSwitchingUser = false , mIsDreamingForBiometrics = false , isGoingToSleep = false , isKeyguardGoingAway = false , mKeyguardUnlocking = false , isEarlyWakeUp = false , mIsScreenSaverRunning = false , mSystemReady = true , getUserUnlockedWithBiometric = false , isKeyguardShowing = true , isKeyguardOccluded = false , mHasFocus = true)
03-26 17:48:57.760  5100  5100 D KeyguardStatusBarViewController: Visibility changed! - mDozing=false, mFirstBypassAttempt=false, mKeyguardUpdateMonitor.shouldListenForFace()=true, mDelayShowingKeyguardStatusBar=false, mDisableStateTracker.isDisabled()=false, Flags.glanceableHubV2()=false, mCommunalShowing=false, mExplicitAlpha=-1.0, mHiddenByKnox=false, isLockStarStatusBarEnabled()=true
03-26 17:48:57.760  5100  5100 I FaceWidgetViewModel: onNioViewStateUpdated : alpha 1.0, visibility 0
03-26 17:48:57.760  5100  5100 D KeyguardStatusBarViewExt: v:0, a:1,00, com.android.systemui.statusbar.phone.KeyguardStatusBarViewController.updateViewState:34 com.android.systemui.shade.NotificationPanelViewController.setDozing:71 com.android.systemui.statusbar.phone.CentralSurfacesImpl.updateDozingState:104 com.android.systemui.statusbar.phone.CentralSurfacesImpl$17.onDozingChanged:85 com.android.systemui.statusbar.phone.DozeServiceHost.updateDozing:348
03-26 17:48:57.760  5100  5100 I PluginFaceWidgetManager: isEditMode = false
03-26 17:48:57.760  5100  5100 I NowBarItemManager: getVisibleList isScreenTurnedOn = true / aodShowState false shouldControlScreenOff false visibleList size = 1
03-26 17:48:57.760  5100  5100 I NowBarItemManager: visibleList idx=0, , AI_BRIEF_KEY, AI_BRIEF | 7
03-26 17:48:57.760  5100  5100 I NowBarCardViewModel: setVisibility visible = 0 / nowBarRootVisibility = 0
03-26 17:48:57.760  5100  5100 I FaceWidgetViewModel: onNioViewStateUpdated : alpha 0.0, visibility 0
03-26 17:48:57.760  5100  5100 D KeyguardStatusBarViewExt: v:0, a:0,00, com.android.systemui.shade.NotificationPanelViewController.updateDozingVisibilities:64 com.android.systemui.shade.NotificationPanelViewController.setDozing:95 com.android.systemui.statusbar.phone.CentralSurfacesImpl.updateDozingState:104 com.android.systemui.statusbar.phone.CentralSurfacesImpl$17.onDozingChanged:85 com.android.systemui.statusbar.phone.DozeServiceHost.updateDozing:348
03-26 17:48:57.760  5100  5100 D KeyguardStatusBarViewController: Alpha changed! - mExplicitAlpha=-1.0, getKeyguardContentsAlpha()=1.0, alphaQsExpansion=1.0, mKeyguardStatusBarAnimateAlpha=0.0, mKeyguardHeadsUpShowingAmount=0.0
03-26 17:48:57.760  5100  5100 D KeyguardFace: shouldListenForFace ( isFaceDefaultCondition = true , isKeyguardVisible = true , isDeviceInteractive = true , mPrimaryBouncerFullyShown = false , isSwitchingUser = false , mIsDreamingForBiometrics = false , isGoingToSleep = false , isKeyguardGoingAway = false , mKeyguardUnlocking = false , isEarlyWakeUp = false , mIsScreenSaverRunning = false , mSystemReady = true , getUserUnlockedWithBiometric = false , isKeyguardShowing = true , isKeyguardOccluded = false , mHasFocus = true)
03-26 17:48:57.761  5100  5100 D KeyguardStatusBarViewController: Visibility changed! - mDozing=false, mFirstBypassAttempt=false, mKeyguardUpdateMonitor.shouldListenForFace()=true, mDelayShowingKeyguardStatusBar=false, mDisableStateTracker.isDisabled()=false, Flags.glanceableHubV2()=false, mCommunalShowing=false, mExplicitAlpha=-1.0, mHiddenByKnox=false, isLockStarStatusBarEnabled()=true
03-26 17:48:57.761  2256 11343 I SS_3A   :  INFO:  AF: TsCommonFillSensorIdMap: 26: Already filled, cameraId(5) driverSensorId(12)
03-26 17:48:57.761  5100  5100 I FaceWidgetViewModel: onNioViewStateUpdated : alpha 0.0, visibility 4
03-26 17:48:57.761  2256 11343 I 3A_PLTFM: SolutionInterfaceAF_funcs: getCalibrationData: 346: cameraId 1 : VerOffset: 0x0030, CalOffset: 0x330c, PafCalOff: 0x2300, vPafCalOff: 0x0000
03-26 17:48:57.761  2256 11343 I 3A_PLTFM: SolutionInterfaceAF_funcs: isCameraOpening: 746: isCameraOpening 1 ( overrideCameraOpen 32, cameraId 5)
03-26 17:48:57.761  2256 11343 I 3A_PLTFM: SolutionInterfaceAF: Sec3APlatformCreateAF: 199: secSensorId : 1, wrapper refCnt : 1, g_pWrapperData : 0xb400007539fab6b0, isCameraOpening : 1 *ppAFAlgorithm : 0x0
03-26 17:48:57.761  2256 11343 I SS_3A   :  INFO:  AF: CreateAFAlgorithm: 390: cameraId : 1, wrapper.refCnt : 1, wrapper addr : 0xb400007539fab6b0
03-26 17:48:57.761  2256 11343 I SS_3A   :  INFO:  AF: loadLibraryAndSymbols: 353: E
03-26 17:48:57.761  5100  5100 D KeyguardStatusBarViewExt: v:4, a:0,00, com.android.systemui.statusbar.phone.KeyguardStatusBarViewController.updateViewState:34 com.android.systemui.statusbar.phone.KeyguardStatusBarViewController$$ExternalSyntheticLambda8.onAnimationUpdate:19 androidx.core.animation.ValueAnimator.animateValue:44 androidx.core.animation.ValueAnimator.setCurrentFraction:52 androidx.core.animation.ValueAnimator.start:15
03-26 17:48:57.761  5100  5100 D ScrimController: updateLightReveal revealEffect=PowerButtonReveal(powerButtonY=997.0), opaque=true revealAmount=(0.0 -> 0.00999999) alpha=1.0 vis=0
03-26 17:48:57.761  2256 11343 I SS_3A   :  INFO:  AF: loadSymbolsOfAfLib: 224: E
03-26 17:48:57.761  2256 11343 I SS_3A   :  INFO:  AF: loadSymbol: 205:  E
03-26 17:48:57.761  2256 11343 I SS_3A   :  INFO:  AF: loadSymbol: 205:  E
03-26 17:48:57.761  2256 11343 I SS_3A   :  INFO:  AF: loadSymbol: 205:  E
03-26 17:48:57.761  2256 11343 I SS_3A   :  INFO:  AF: loadSymbol: 205:  E
