03-26 17:48:34.826 10859 10882 I TestRunner: started: testInternetSettings(ru.netology.testing.uiautomator.ChangeTextTest)
03-26 17:48:34.829 10859 10882 I UiDevice: Creating a new instance, old instance exists: false
03-26 17:48:34.829 10859 10882 I UiAutomation: Initialized for user 0 on display 0
03-26 17:48:34.831  2295  4720 I SurfaceFlinger: id=83822 createSurf, flag=84004, WindowToken{44939a type=2032 android.os.Binder@14e4045}#83822
03-26 17:48:34.832  5552 15243 I HoneySpace.GlobalSettingDataSourceImpl: Setting accessibility_enabled changed to 1
03-26 17:48:34.834 10859 10882 D UiDevice: Setting accessibility service flags: 65618
03-26 17:48:34.840  9624  9624 I WatchSettings_Watch7*: SettingsCompanion > Talkback is on : false isFirstOn : true
03-26 17:48:34.841  3205  3205 I AccessibilityManagerService: semIsAccessibilityServiceEnabled()
03-26 17:48:34.841  3205  3205 I AccessibilityManagerService: accessibilityService is null
03-26 17:48:34.841  3205  3205 I AccessibilityManagerService: semIsAccessibilityServiceEnabled()
03-26 17:48:34.841  3205  3205 I AccessibilityManagerService: accessibilityService is null
03-26 17:48:34.841  3205  3205 D AS.AudioService: Accessibility volume enabled = false
03-26 17:48:34.841  2235  2400 I HYPER-HAL: [RequestManager.cpp]acquire(): Acquired ID : 796142417  [2238 / 37664]    HINT :      list : [UCLAMP_MIN_BOOST / 0] [TIMEOUT / 350] [TID / 9939] [TID / 9940] [TID / 9900] [TID / 9941]
03-26 17:48:34.842  1633  1633 I SafetyCenterAccessibilityListener: accessibility event occurred, safety center feature not enabled.
03-26 17:48:34.843  5100  5100 I AODTileStateController: onReceive: BR = [android.os.action.POWER_SAVE_MODE_CHANGED]
03-26 17:48:34.843  5100  5100 I AODTileStateController: requestListeningState:
03-26 17:48:34.844  9066  9066 I SHEALTH#WI#WearableLazyBootReceiver: (print) : on Receive() android.os.action.POWER_SAVE_MODE_CHANGED
03-26 17:48:34.844  5748  6672 I EPDG -- SIM0 [EpdgIntentReceiver:Main]: received: android.os.action.POWER_SAVE_MODE_CHANGED
03-26 17:48:34.844  5100  5100 D TileServices: Couldn't find tile for ComponentInfo{com.samsung.android.app.aodservice/com.samsung.android.app.aodservice.settings.AODTileService}(0)
03-26 17:48:34.844  6541  6575 I SessionPolicyManager: handlePowerSaveModeChange: mIsPowerSaveModeOn: true
03-26 17:48:34.845 32329 32504 I ActivityScheduler: nextTriggerTime: 591803190, in 264358ms, detectorType: 39, FULL_TYPE alarmWindowMillis: 100000
03-26 17:48:34.845  7678  7678 I AiAiCaptions: onReceive(): Battery saver mode turned on.
03-26 17:48:34.847  2295  2295 I SurfaceFlinger: [WindowToken{44939a type=2032 android.os.Binder@14e4045}#83822] attach to parent LayerHierarchy{RequestedLayerState{Leaf:26:31#38 parentId=37} 2 children}
03-26 17:48:34.847 32329 32329 I PersonalSafety: (REDACTED) [Settings] power saver mode changed to %s
03-26 17:48:34.852  5748  6672 I EPDG -- [WfcActivityController]: send update unifiedwfc intent: PWR_SAVE_MODE status: 0 phoneId: 0 country: null cellular_network: -1
03-26 17:48:34.854  5748  6672 I EPDG -- SIM0 [EpdgIntentReceiver:Main]: complete: android.os.action.POWER_SAVE_MODE_CHANGED
03-26 17:48:34.855 29065 29065 I [UNWFC]-- EpdgEvent: onReceive com.sec.epdgservice.UPDATE_UNIFIEDWFC_EVENT
03-26 17:48:34.855 29065 29065 I [UNWFC]-- EpdgEvent: Received UNIFIEDWFC_EVENT : PWR_SAVE_MODE status: 0
03-26 17:48:34.855 29065 29065 I [UNWFC]-- Appl: getWorkManagerInstance: J0.r@c1de13b
03-26 17:48:34.858 29065 29087 W JobInfo : Requested important-while-foreground flag for job11565 is ignored and takes no effect
03-26 17:48:34.861 29065 16149 I [UNWFC]-- EpdgEventWorker: PWR_SAVE_MODE : 0 : null : 0
03-26 17:48:34.861 29065 16149 I [UNWFC]-- WfcRepository: getmWFCCarrier phoneId: 0
03-26 17:48:34.861 29065 16149 I [UNWFC]-- WfcRepository: getWfcCarrier phoneId: 0 createNewCarrier: true
03-26 17:48:34.861 29065 16149 W [UNWFC]-- EpdgEventWorker: unused intent with reason : PWR_SAVE_MODE
03-26 17:48:34.861 29065 29087 I WM-WorkerWrapper: Worker result SUCCESS for Work [ id=21155e66-fb7d-4065-88b4-b4f88c91fed5, tags={ com.sec.unifiedwfc.ux.workers.EpdgEventWorker } ]
03-26 17:48:34.861  3205  8263 D PackageManager: setEnabledSetting : userId = 0 packageName = com.sec.unifiedwfc cmp = androidx.work.impl.background.systemalarm.RescheduleReceiver newState = 1 callingPackage = com.sec.unifiedwfc
03-26 17:48:34.862  3205  8263 D ApplicationPolicy: getApplicationStateEnabled : pkg = com.sec.unifiedwfc userId : 0
03-26 17:48:34.862  3205  8263 D ApplicationPolicy: getApplicationComponentState : pkg = com.sec.unifiedwfc userId : 0
03-26 17:48:34.863  3205  8263 D PackageManager: setEnabledSetting : userId = 0 packageName = com.sec.unifiedwfc cmp = androidx.work.impl.background.systemalarm.RescheduleReceiver newState = 2 callingPackage = com.sec.unifiedwfc
03-26 17:48:34.867 32558   822 I SCS@AiSearch user 0: (AppsDataWorker) [androidx.work-1] entering in doWork():
03-26 17:48:34.867 32558   822 I SCS@AiSearch user 0: (AppsDataObserver) [androidx.work-1] entering in execute():
03-26 17:48:34.867 32558   822 I SCS@AiSearch user 0: (AppsDataObserver-CMD_UPDATE_LIST) changed package count: 2
03-26 17:48:34.873 32558   822 I SCS@AiSearch user 0: (AppsDataObserver) [androidx.work-1] leaving from execute():  result is true
03-26 17:48:34.873 32558   822 I SCS@AiSearch user 0: (AppsDataWorker) [androidx.work-1] leaving from doWork():
03-26 17:48:34.873 32558 32641 I WM-WorkerWrapper: Worker result SUCCESS for Work [ id=5d237d6b-395c-4f87-85bc-cfc10014c27e, tags={ com.samsung.android.scs.ai.search.data.apps.AppsDataWorker, CMD_UPDATE_LIST } ]
03-26 17:48:34.877  2218  6966 I vendor.qti.bluetooth@1.0-ibs_handler: DeviceSleep: TX Awake, Sending SLEEP_IND
03-26 17:48:34.877  2218  6966 D vendor.qti.bluetooth@1.0-ibs_handler: SerialClockVote: vote for UART CLK OFF
03-26 17:48:34.880  2295  2295 I SurfaceFlinger: RequestedLayer [WindowToken{44939a type=2032 android.os.Binder@14e4045}#83822] hidden!! flag  from(1) --> to(0)
03-26 17:48:34.908 32329 32329 D BoundBrokerSvc: onRebind: Intent { act=com.google.android.gms.libs.gmscorelogger.service.START dat=chimera-action:/... xflg=0x4 cmp=com.google.android.gms/.chimera.PersistentDirectBootAwareApiService }
03-26 17:48:34.917  5100  5100 I AOD_BRIGHTNESS@BrightnessManager: mCurrentPlatformBrightness : 51, isForceState[0, ForceStateReason[[]], mAppliedPlatformBrightness[51]
03-26 17:48:34.991  5100  5100 W SubScreenManager: dozeTimeTick() no plugin
03-26 17:48:34.991  5100  5100 D PluginFaceWidgetManager: dozeTimeTick: time=239413684
03-26 17:48:34.991  5100  5100 I FaceWidgetViewModel: dozeTimeTick:
03-26 17:48:34.992  5100  5100 D FaceWidgetPagesController: refreshViews() reason = DEFAULT, force = false
03-26 17:48:34.992  5100  5100 D FaceWidgetClockPage: refreshViews#start
03-26 17:48:34.992  5100  5100 I DigitalVerticalClockView_LOCK_SCREEN_1@214: refresh : true
03-26 17:48:34.993  5100  5100 I DigitalVerticalClockView_LOCK_SCREEN_1@214: onTimeChanged : [DateTimeInfo : date = чт, 26 марта, hourMin = 17:48, hourMinSec = , hour = 17, minute = 48, amPm  = , colon = :, second = , timezone = null, isLeftOfAmPm = false, ttsDate = четверг, 26 марта], timeInMillis = 1774529314992
03-26 17:48:34.993  5100  5100 I DigitalVerticalClockView_LOCK_SCREEN_1@214: updatePaletteItemTransition : paletteItem = SOLID color : FFC8CC8B, animation = false, dozeAmount = 1.0
03-26 17:48:34.993  5100  5100 D FaceWidgetClockPage: refreshViews#end
03-26 17:48:34.993  5100  5100 D FaceWidgetMusicViewModel: updateMusicPageColorForVisibility
03-26 17:48:34.993  5100  5100 D FaceWidgetMusicViewModel: updateMusicPageColorForVisibility, useLightModeColor = false
03-26 17:48:35.005  5100  5100 I SecKeyguardClockPositionAlgorithm: prepareClockContainerHeightChanging:
03-26 17:48:35.005  5100  5100 I PluginFaceWidgetManager: isEditMode = false
03-26 17:48:35.005  5100  5100 I NowBarItemManager: getVisibleList isScreenTurnedOn = false / aodShowState false shouldControlScreenOff false visibleList size = 0
03-26 17:48:35.005  5100  5100 I SecKeyguardClockPositionAlgorithm: prepareClockContainerHeightChanging:
03-26 17:48:35.006  5100  5100 I PluginFaceWidgetManager: isEditMode = false
03-26 17:48:35.006  5100  5100 I NowBarItemManager: getVisibleList isScreenTurnedOn = false / aodShowState false shouldControlScreenOff false visibleList size = 0
03-26 17:48:35.006  5100  5100 D ClockFaceEvents: onTimeTick. callers : com.android.keyguard.ClockEventController$keyguardUpdateMonitorCallback$1.refreshTime:19
03-26 17:48:35.006  5100  5100 D ClockFaceEvents: com.android.keyguard.ClockEventController$keyguardUpdateMonitorCallback$1.onTimeChanged:1
03-26 17:48:35.006  5100  5100 D ClockFaceEvents: com.android.keyguard.KeyguardUpdateMonitor$16.handleMessage:732
03-26 17:48:35.006  5100  5100 D ClockFaceEvents: onTimeTick. callers : com.android.keyguard.ClockEventController$keyguardUpdateMonitorCallback$1.refreshTime:38
03-26 17:48:35.006  5100  5100 D ClockFaceEvents: com.android.keyguard.ClockEventController$keyguardUpdateMonitorCallback$1.onTimeChanged:1
03-26 17:48:35.006  5100  5100 D ClockFaceEvents: com.android.keyguard.KeyguardUpdateMonitor$16.handleMessage:732
03-26 17:48:35.006  5100  5100 D FaceWidgetPagesController: onTimeChanged()
03-26 17:48:35.006  5100  5100 D FaceWidgetPagesController: refreshViews() reason = ON_TIME_TICK, force = false
03-26 17:48:35.014  3205  4958 D SemHostapdHalAidlImpl: ISehHostapd command: GET_STATION_INFO_SWLAN0 ALL
03-26 17:48:35.014 14421 14421 I hostapd : sehSendCommand
03-26 17:48:35.014 14421 14421 I hostapd : doDriverCommand
03-26 17:48:35.014 14421 14421 I hostapd : IHostapd iface swlan0
03-26 17:48:35.014 14421 14421 I hostapd : found interface swlan0
03-26 17:48:35.018 14421 14421 I wpa_sslib: Recv STA info 28:d0:43:7d:31:ba
03-26 17:48:35.018 14421 14421 I wpa_sslib: rx_retry_pkts 537
03-26 17:48:35.018 14421 14421 I wpa_sslib: rx_bcmc_pkts 82078
03-26 17:48:35.018 14421 14421 I wpa_sslib: tx_pkts_retried 0
03-26 17:48:35.018 14421 14421 I wpa_sslib: tx_pkts_retry_exhausted 0
03-26 17:48:35.018 14421 14421 I wpa_sslib: tx_pkts_fw_total 199309
03-26 17:48:35.018 14421 14421 I wpa_sslib: tx_pkts_fw_retries 1079
03-26 17:48:35.018 14421 14421 I wpa_sslib: tx_pkts_fw_retry_exhausted 0
03-26 17:48:35.018 14421 14421 I wpa_sslib: mcs_tx_pkts[0] 0
03-26 17:48:35.018 14421 14421 I wpa_sslib: mcs_tx_pkts[1] 0
03-26 17:48:35.018 14421 14421 I wpa_sslib: mcs_tx_pkts[2] 0
03-26 17:48:35.018 14421 14421 I wpa_sslib: mcs_tx_pkts[3] 0
03-26 17:48:35.018 14421 14421 I wpa_sslib: mcs_tx_pkts[4] 0
03-26 17:48:35.018 14421 14421 I wpa_sslib: mcs_tx_pkts[5] 3
03-26 17:48:35.018 14421 14421 I wpa_sslib: mcs_tx_pkts[6] 6
03-26 17:48:35.018 14421 14421 I wpa_sslib: mcs_tx_pkts[7] 198221
03-26 17:48:35.018 14421 14421 I wpa_sslib: mcs_tx_pkts[8] 0
03-26 17:48:35.018 14421 14421 I wpa_sslib: mcs_tx_pkts[9] 0
03-26 17:48:35.018 14421 14421 I wpa_sslib: mcs_tx_pkts[10] 0
03-26 17:48:35.018 14421 14421 I wpa_sslib: mcs_tx_pkts[11] 0
03-26 17:48:35.018 14421 14421 I wpa_sslib: mcs_tx_pkts[12] 0
03-26 17:48:35.018 14421 14421 I wpa_sslib: mcs_tx_pkts[13] 0
03-26 17:48:35.018 14421 14421 I wpa_sslib: mcs_tx_pkts[14] 0
03-26 17:48:35.018 14421 14421 I wpa_sslib: mcs_tx_pkts[15] 0
03-26 17:48:35.018 14421 14421 I wpa_sslib: mcs_rx_pkts[0] 2
03-26 17:48:35.018 14421 14421 I wpa_sslib: mcs_rx_pkts[1] 0
03-26 17:48:35.018 14421 14421 I wpa_sslib: mcs_rx_pkts[2] 2
03-26 17:48:35.018 14421 14421 I wpa_sslib: mcs_rx_pkts[3] 8
03-26 17:48:35.018 14421 14421 I wpa_sslib: mcs_rx_pkts[4] 50
03-26 17:48:35.018 14421 14421 I wpa_sslib: mcs_rx_pkts[5] 427
03-26 17:48:35.018 14421 14421 I wpa_sslib: mcs_rx_pkts[6] 6
03-26 17:48:35.018 14421 14421 I wpa_sslib: mcs_rx_pkts[7] 145536
03-26 17:48:35.018 14421 14421 I wpa_sslib: mcs_rx_pkts[8] 0
03-26 17:48:35.018 14421 14421 I wpa_sslib: mcs_rx_pkts[9] 0
03-26 17:48:35.018 14421 14421 I wpa_sslib: mcs_rx_pkts[10] 0
03-26 17:48:35.018 14421 14421 I wpa_sslib: mcs_rx_pkts[11] 0
03-26 17:48:35.018 14421 14421 I wpa_sslib: mcs_rx_pkts[12] 0
03-26 17:48:35.018 14421 14421 I wpa_sslib: mcs_rx_pkts[13] 0
03-26 17:48:35.018 14421 14421 I wpa_sslib: mcs_rx_pkts[14] 0
03-26 17:48:35.018 14421 14421 I wpa_sslib: mcs_rx_pkts[15] 0
03-26 17:48:35.018 14421 14421 I wpa_sslib: num_received_vendor_sta_info 1
03-26 17:48:35.018 14421 14421 I wpa_sslib: num_request_vendor_sta_info 1
03-26 17:48:35.020 14421 14421 I wpa_sslib: Recv STA info 28:d0:43:7d:31:ba
03-26 17:48:35.020 14421 14421 I wpa_sslib: HT supported
03-26 17:48:35.020 14421 14421 E wpa_sslib: supp_op_classes and supp_channels both are null
03-26 17:48:35.020 14421 14421 I wpa_sslib: tx_rate 722
03-26 17:48:35.020 14421 14421 I wpa_sslib: bandwidth 20
03-26 17:48:35.020 14421 14421 E wpa_sslib: Failed to get NSS/antenna mode
03-26 17:48:35.020 14421 14421 I wpa_sslib: NSS/antenna 0
03-26 17:48:35.020 14421 14421 I wpa_sslib: data_rate 722
03-26 17:48:35.020 14421 14421 I wpa_sslib: rssi -30 rx_lastpkt_rssi -30
03-26 17:48:35.020 14421 14421 I wpa_sslib: avg_rssi_per_chain[0] -37
03-26 17:48:35.020 14421 14421 I wpa_sslib: avg_rssi_per_chain[1] -32
03-26 17:48:35.020 14421 14421 E wpa_sslib: WMI_MAX_CHAINS reached
03-26 17:48:35.020 14421 14421 I wpa_sslib: avg_rssi -34
03-26 17:48:35.020 14421 14421 I wpa_sslib: tx_pkts_total 199309
03-26 17:48:35.020 14421 14421 I wpa_sslib: tx_pckts 199309
03-26 17:48:35.020 14421 14421 I wpa_sslib: tx_failures 0
03-26 17:48:35.020 14421 14421 I wpa_sslib: rx_pkts 146126
03-26 17:48:35.020 14421 14421 I wpa_sslib: num_received_nl80211_sta_info 1
03-26 17:48:35.020 14421 14421 I wpa_sslib: num_request_nl80211_sta_info 1
03-26 17:48:35.020 14421 14421 I wpa_sslib: cap 0000
03-26 17:48:35.020 14421 14421 I wpa_sslib: freq 2462
03-26 17:48:35.020 14421 14421 I wpa_sslib: dot11_mode 2
03-26 17:48:35.020 14421 14421 I wpa_sslib: supported_mode 1
03-26 17:48:35.021 14421 14421 I wpa_sslib: STA information completed
03-26 17:48:35.021 14421 14421 I wpa_sslib: All STAs information completed
03-26 17:48:35.021 14421 14421 I wpa_sslib: GETSTAINFO 28:d0:43:7d:31:ba Rx_Retry_Pkts=537 Rx_BcMc_Pkts=82078 CAP=0000 28:d0:43 2462 20 -30 722 1 0 0 0 0 -34 15=0,14=0,13=0,12=0,11=0,10=0,9=0,8=0,7=198221,6=6,5=3,4=0,3=0,2=0,1=0,0=0 199309 0 0 15=0,14=0,13=0,12=0,11=0,10=0,9=0,8=0,7=145536,6=6,5=427,4=50,3=8,2=2,1=0,0=2 146126 -1 537
03-26 17:48:35.021 14421 14421 I hostapd : command is GET_STATION_INFO_SWLAN0 ALL,return value is =292
03-26 17:48:35.021  3205  5923 D SemWifiApTrafficPoller: received START_TPUT_LOG
03-26 17:48:35.028  3205 10907 D SemInputDeviceManager: setProperty: (0) CMD,GRIP_DATA,1,60,10,32,936
03-26 17:48:35.028  2218  6227 D vendor.qti.bluetooth@1.0-wake_lock: Release wakelock is released
03-26 17:48:35.028  3205 10906 I SemInputMotionHelper: setMotionControl: ALL: 12, client=com.samsung.android.hardware.secinputdev.SemInputDeviceManager, ret=-1
03-26 17:48:35.028  3205 10906 D SemInputDeviceManager: setProperty: (100) CMD,SIP,0
03-26 17:48:35.028  3205 10906 I SemInputCommandService: setPropertyAllTouch: SIP,0 retDefault=1 retExtra=-2
03-26 17:48:35.028  3205  4920 D SemInputDevice:TSP: SetPropertyTask: CMD,set_sip_mode,0 [03-26 17:48:35.028]
03-26 17:48:35.028  2258  2292 I sysinput:aidl: onReportInformation:93, 1, cmd@set_sip_mode,0:0
03-26 17:48:35.029  3205  4920 D SysinputHAL_AIDL: setProperty(TSP(1)): CMD, set_sip_mode,0 ret=0
03-26 17:48:35.029  3205  4920 D SemInputDevice:TSP: SetPropertyTask: CMD,set_grip_data,1,60,10,32,936 [03-26 17:48:35.028]
03-26 17:48:35.029  2258  2292 I sysinput:Touch1: operator():241, OK
03-26 17:48:35.030  2224  8646 I sensors-hal: handle_sns_client_event:379, [0][2688] accel_sample [ 3.651,  1.337,  9.019] 591538960105211
03-26 17:48:35.030  5100  5100 I AOD_BRIGHTNESS@BrightnessManager: mCurrentPlatformBrightness : 51, isForceState[0, ForceStateReason[[]], mAppliedPlatformBrightness[51]
03-26 17:48:35.031  2258  2292 I sysinput:aidl: onReportInformation:91, 1, cmd@set_grip_data,1,60,10,32,9
03-26 17:48:35.031  3205  4920 D SysinputHAL_AIDL: setProperty(TSP(1)): CMD, set_grip_data,1,60,10,32,936 ret=0
03-26 17:48:35.031  2258  2292 I sysinput:Touch1: operator():241, OK
03-26 17:48:35.064  2196  2349 E minksocket: MinkIPC ERROR: ( 2196:2349 ) MinkIPC_preProcess:272 Client down, but cannot find corresponding minksession
03-26 17:48:35.064  2196  2353 E minksocket: MinkIPC ERROR: ( 2196:2353 ) MinkIPC_preProcess:272 Client down, but cannot find corresponding minksession
03-26 17:48:35.064  2196  2349 E minksocket: MinkIPC ERROR: ( 2196:2349 ) MinkIPC_preProcess:272 Client down, but cannot find corresponding minksession
03-26 17:48:35.064  2196  2353 E minksocket: MinkIPC ERROR: ( 2196:2353 ) MinkIPC_preProcess:272 Client down, but cannot find corresponding minksession
03-26 17:48:35.064  2196  2353 E minksocket: MinkIPC ERROR: ( 2196:2353 ) MinkIPC_preProcess:272 Client down, but cannot find corresponding minksession
03-26 17:48:35.064  2196  2349 E minksocket: MinkIPC ERROR: ( 2196:2349 ) MinkIPC_preProcess:272 Client down, but cannot find corresponding minksession
03-26 17:48:35.065  2196  2353 E minksocket: MinkIPC ERROR: ( 2196:2353 ) MinkIPC_preProcess:272 Client down, but cannot find corresponding minksession
03-26 17:48:35.065  2196  2349 E minksocket: MinkIPC ERROR: ( 2196:2349 ) MinkIPC_preProcess:272 Client down, but cannot find corresponding minksession
03-26 17:48:35.091  2249  2531 I SDM     : DisplayBase::CommitThread: Received idle timeout, panel: cmd, timeout: 70000 us
03-26 17:48:35.118  7771  8104 I id.diagmonagent: Explicit concurrent mark compact GC freed 505KB AllocSpace bytes, 10(520KB) LOS objects, 90% free, 2490KB/26MB, paused 85us,559us total 6.807ms
03-26 17:48:35.192  2235 10904 I HYPER-HAL: [RequestManager.cpp]releaseLocked(): Released ID : 796142417
03-26 17:48:35.305  5100  5100 I AOD_BRIGHTNESS@BrightnessManager: mCurrentPlatformBrightness : 51, isForceState[0, ForceStateReason[[]], mAppliedPlatformBrightness[51]
03-26 17:48:35.339 10859 10882 D UiDevice: Pressing home button.
03-26 17:48:35.346  2249  2249 I SDM     : AIScalerFeatureIntfImpl::LookupConfig: Scale ratio = 1.780000
03-26 17:48:35.346  2249  2249 I SDM     : AIScalerParserIntfImpl::LookupConfig: Scale Ratio Match Found Here
03-26 17:48:35.348  3205  8263 D InputDispatcher: Inject key (10790/2000): action=0, f=0x0, d=-1, time=239414032000000
03-26 17:48:35.348  3205  8263 D InputManager-JNI: !@interceptKeyBeforeQueueing(0), action=0, interactive=false
03-26 17:48:35.348  3205  8263 D PhoneWindowManager: interceptKeyTq keycode=3 interactive=false keyguardActive=true policyFlags=b000000
03-26 17:48:35.348  3205  8263 D SingleKeyGesture: interceptKeyDown, info : KeyCode=KEYCODE_UNKNOWN, size=0
03-26 17:48:35.348  3205  8263 D PhoneWindowManagerExt: interceptKeyTq code=3 down=true repeatCount=0 displayId=-1 interactive=false powerCombination=false
03-26 17:48:35.348  3205  8263 D PhoneWindowManager: interceptKeyTq interceptKeyResult=1
03-26 17:48:35.348  3205  8263 I SemDvfsHyPerManager: acquire hyper - DEVICE_WAKEUP/3205@31, type = -999
03-26 17:48:35.349  2235  2400 I HYPER-HAL: [RequestManager.cpp]acquire(): Acquired ID : 5237497  [3205 / 31]    HINT : DEVICE_WAKEUP    list :
03-26 17:48:35.349  3205  8263 D InputManager-JNI: setInteractiveForInternalDisplay(true)
03-26 17:48:35.349  3205  8263 D InputManager-JNI: setInteractive(true)
03-26 17:48:35.349  5100  5138 D KeyguardViewMediator: startedEarlyWakingUp
03-26 17:48:35.349  5100  5100 D KeyguardUpdateMonitor: handleStartedEarlyWakingUp start 6
03-26 17:48:35.349  5100  5100 D KeyguardFace: shouldListenForFace ( isFaceDefaultCondition = true , isKeyguardVisible = true , isDeviceInteractive = false , mPrimaryBouncerFullyShown = false , isSwitchingUser = false , mIsDreamingForBiometrics = false , isGoingToSleep = false , isKeyguardGoingAway = false , mKeyguardUnlocking = false , isEarlyWakeUp = true , mIsScreenSaverRunning = false , mSystemReady = true , getUserUnlockedWithBiometric = false , isKeyguardShowing = true , isKeyguardOccluded = false , mHasFocus = true)
03-26 17:48:35.350  5100  5100 D KeyguardFace: startListeningForFace()
03-26 17:48:35.350  5100  5100 D SecLockIconViewController: updateVisibility
03-26 17:48:35.350  5100  5100 D SecLockIconViewController: updateVisibility : isLockScreen = false mShowLockIcon = false mShowUnlockIcon = false
03-26 17:48:35.350  5100  5100 D KeyguardPunchHoleVIView: startVI() - return, WakefulnessLifecycle is not WAKEFULNESS_AWAKE
03-26 17:48:35.350  5100  5100 D KeyguardPunchHoleVIView_Bouncer: startVI() - return, WakefulnessLifecycle is not WAKEFULNESS_AWAKE
03-26 17:48:35.350  3205  3489 D AODManagerService: screenTurningOn directly
03-26 17:48:35.350  3205  8263 D InputManager-JNI: !@handleInterceptActions(0), action=0, wmActions=1
03-26 17:48:35.350  5100  5138 I KeyguardService: onStartedWakingUp pmWakeReason=6 powerButtonLaunchGestureTriggered=false
03-26 17:48:35.350  3205  4635 D PhoneWindowManager: interceptKeyTi keyCode=3 action=0 repeatCount=0 keyguardOn=true canceled=false
03-26 17:48:35.350  3205  4635 D PhoneWindowManagerExt: interceptKeyTi code=3 down=true repeatCount=0 displayId=-1 interactive=false
03-26 17:48:35.350  5100  5138 I PluginAODManager: updateRefreshRate: acquire=false called=com.android.systemui.keyguard.KeyguardViewMediator$$ExternalSyntheticLambda62.accept:410 com.android.systemui.keyguard.KeyguardViewMediator.onStartedWakingUp:26
03-26 17:48:35.350  3205  5562 I RefreshRateTokenController: Removing refreshRateToken={ RefreshRateToken[->RefreshRateMaxLimitToken:PluginAODManager, mRefreshRate:30 acquire at 239413185 (858 ms ago)}, caller=com.android.server.display.mode.RefreshRateToken.release:5 com.samsung.android.hardware.display.IRefreshRateToken$Stub.onTransact:86 android.os.Binder.execTransactInternal:1462 android.os.Binder.execTransact:1401 <bottom of call stack>
03-26 17:48:35.350  3205 10915 D SemInputDeviceManager: setProperty: (0) CMD,GRIP_DATA,2,0
03-26 17:48:35.350  3205 10914 I SemInputMotionHelper: setMotionControl: ALL: 11, client=com.samsung.android.hardware.secinputdev.SemInputDeviceManager, ret=-1
03-26 17:48:35.350  3205 10914 D SemInputDeviceManager: setProperty: (100) CMD,SIP,1
03-26 17:48:35.350  3205  4635 I InputDispatcher: Delivering key to (5100): action: 0x0 (0), f=0x0, m=0x0, d=0, '9f049bb'
03-26 17:48:35.351  5100  5138 D PluginAODManager: updateRefreshRate disabled
03-26 17:48:35.351  5100  5138 D KeyguardViewMediator: onStartedWakingUp, seq = 1230, mPowerGestureIntercepted = false
03-26 17:48:35.351  5100  5138 D KeyguardViewMediator: notifyStartedWakingUp
03-26 17:48:35.351  3205  3380 I RefreshRateModeManager: Schedule to change allowedModes=baseModeId=8 allowGroupSwitching=false primary=physical: (10.0 120.0) render:  (0.0 120.0) appRequest=physical: (10.0 120.0) render:  (0.0 120.0) idleScreenRefreshRateConfig=null, mDisplayToken=android.os.BinderProxy@4577f02
03-26 17:48:35.351  3205  3380 I RefreshRateModeManager:     -1:
03-26 17:48:35.351  3205  3380 I RefreshRateModeManager:       PRIORITY_REFRESH_RATE_MODE -> CombinedVote{ mVotes=[PhysicalVote{ RefreshRateVote{  mMinRefreshRate=10.0, mMaxRefreshRate=120.0 } }, DisableRefreshRateSwitchingVote{ mDisableRefreshRateSwitching=false }] }
03-26 17:48:35.351  3205  3380 I RefreshRateModeManager:     0:
03-26 17:48:35.351  3205  3380 I RefreshRateModeManager:       PRIORITY_USER_SETTING_PEAK_RENDER_FRAME_RATE -> RenderVote{ RefreshRateVote{  mMinRefreshRate=0.0, mMaxRefreshRate=120.0 } }
03-26 17:48:35.351  3205  3380 I RefreshRateModeManager:       PRIORITY_RESOLUTION -> SizeVote{ mWidth=1080, mHeight=2340, mMinWidth=1080, mMinHeight=2340 }
03-26 17:48:35.351  3205  3380 I RefreshRateModeManager:       PRIORITY_USER_SETTING_PEAK_REFRESH_RATE -> CombinedVote{ mVotes=[PhysicalVote{ RefreshRateVote{  mMinRefreshRate=0.0, mMaxRefreshRate=120.0 } }, DisableRefreshRateSwitchingVote{ mDisableRefreshRateSwitching=false }] }
03-26 17:48:35.351  3205  3380 I RefreshRateModeManager:       PRIORITY_USER_SETTING_DISPLAY_PREFERRED_SIZE -> SizeVote{ mWidth=1080, mHeight=2340, mMinWidth=1080, mMinHeight=2340 }
03-26 17:48:35.351  3205  3380 I RefreshRateModeManager:       PRIORITY_USER_SETTING_MIN_RENDER_FRAME_RATE -> RenderVote{ RefreshRateVote{  mMinRefreshRate=0.0, mMaxRefreshRate=Infinity } }
03-26 17:48:35.351  3205  3380 I RefreshRateModeManager:
03-26 17:48:35.351  3205  3380 I RefreshRateModeManager:  mModeSwitchingType: SWITCHING_TYPE_WITHIN_GROUPS mAlwaysRespectAppRequest: false
03-26 17:48:35.351  3205  3380 I RefreshRateModeManager:  Current Mode mReportedRefreshRateMode(toSurfaceFlinger)=REFRESH_RATE_MODE_SEAMLESS, mRefreshRateMode(fromSettings)=REFRESH_RATE_MODE_SEAMLESS
03-26 17:48:35.351  3205  3380 I RefreshRateModeManager:  BrightnessState mPassive=false, PassiveModeToken=false, mLfd=0, mBrightness=51, mAmbientLux=-1.0, mIsWirelessCharing=false
03-26 17:48:35.351  3205 10914 I SemInputCommandService: setPropertyAllTouch: SIP,1 retDefault=1 retExtra=-2
03-26 17:48:35.351  5100  5100 D KeyguardFingerprint: mFpInDisplayState is changed : 0 -> 0
03-26 17:48:35.351  3205  4920 D SemInputDevice:TSP: SetPropertyTask: CMD,set_grip_data,2,0 [03-26 17:48:35.350]
03-26 17:48:35.351  3205  3380 I SurfaceComposerClient: setDesiredDisplayModeSpecs DisplayModeSpecs{defaultMode: 7, allowGroupSwitching: false, primaryRanges: RefreshRateRanges{physical: RefreshRateRange{min: 10.000000, max: 120.000000}, render: RefreshRateRange{min: 0.000000, max: 120.000000}}, appRequestRanges: RefreshRateRanges{physical: RefreshRateRange{min: 10.000000, max: 120.000000}, render: RefreshRateRange{min: 0.000000, max: 120.000000}}, idleScreenRefreshRateConfig: (null)}
03-26 17:48:35.352  2295  2295 I RefreshRateSelector: Display 4630947191136750483 policy changed
03-26 17:48:35.352  2295  2295 I RefreshRateSelector: Previous: {defaultModeId=11, allowGroupSwitching=false, primaryRanges={physical=[10.00 Hz, 30.00 Hz], render=[0.00 Hz, 30.00 Hz]}, appRequestRanges={physical=[10.00 Hz, 120.00 Hz], render=[0.00 Hz, 120.00 Hz]} idleScreenConfig=nullptr}
03-26 17:48:35.352  2295  2295 I RefreshRateSelector: Current:  DisplayManagerPolicy{defaultModeId=7, allowGroupSwitching=false, primaryRanges={physical=[10.00 Hz, 120.00 Hz], render=[0.00 Hz, 120.00 Hz]}, appRequestRanges={physical=[10.00 Hz, 120.00 Hz], render=[0.00 Hz, 120.00 Hz]} idleScreenConfig=nullptr}
03-26 17:48:35.352  2295  2295 I RefreshRateSelector: 1 mode changes were performed under the previous policy
03-26 17:48:35.352  2295  2295 I SurfaceFlinger: [4630947191136750483] Setting desired display mode specs: {defaultModeId=7, allowGroupSwitching=false, primaryRanges={physical=[10.00 Hz, 120.00 Hz], render=[0.00 Hz, 120.00 Hz]}, appRequestRanges={physical=[10.00 Hz, 120.00 Hz], render=[0.00 Hz, 120.00 Hz]} idleScreenConfig=nullptr}
03-26 17:48:35.352  2295  2295 D DisplayModeController: setDesiredMode 4630947191136750483 {mode={fps=60.00 Hz, modePtr={id=9, vsyncRate=60.00 Hz, peakRefreshRate=60.00 Hz}}, emitEvent=true, force=false}
03-26 17:48:35.352  2224  2224 I sensors-hal: set_config:64, no need to adjust sample_period_ns due to reporting_mode = 2
03-26 17:48:35.352  2224  2224 I sensors-hal: batch:368, android.sensor.device_orientation/271, period=20000000, max_latency=0 request completed
03-26 17:48:35.352  5100  5100 I VRI[NotificationShade]@8cde695: ViewPostIme key 0
03-26 17:48:35.352  2224  2224 I sensors-hal: activate:305, android.sensor.device_orientation/271 en=1
03-26 17:48:35.352  2224  2224 I sensors-hal: activate:292, auto_rotation: 0, type 2
03-26 17:48:35.352  2224  2224 I sensors-hal: acquire_qsh_interface:140, acquire_qsh_interface with sensor_id 18 , conn_type 0
03-26 17:48:35.352  2224  2224 I sensors-hal: acquire_qsh_interface:146, returning _shared_instance[SHARED_ON_CHANGE_NO_WAKEUP].conn - non-wakeup
03-26 17:48:35.352  2224  2224 I sensors-hal: acquire_shared_instance:174, re-use existing connection for type 0
03-26 17:48:35.352  2224  2224 I sensors-hal: create_sensor_config_request:86, auto_rotation: type 2
03-26 17:48:35.352  2224  2224 I sensors-hal: send_sensor_config_request:652, dt=auto_rotation: convert sample_period=20000000 to batch_period=20000
03-26 17:48:35.352  2224  2224 I sensors-hal: send_sync_sensor_request:515, send sync request
03-26 17:48:35.352  5100  5100 D CentralSurfaces: interceptRestKey isRestKey=true event=KeyEvent { action=ACTION_DOWN, keyCode=KEYCODE_HOME, scanCode=0, metaState=0, flags=0x0, repeatCount=0, eventTime=239414032000000, downTime=239414032000000, deviceId=-1, source=0x101, displayId=-1 }, state=1, isDozing=true
03-26 17:48:35.352  2224  2224 I sensors-hal: send_sync_sensor_request:544, wait for notification of response
03-26 17:48:35.353  2224  5054 I sensors-hal: qsh_conn_resp_cb:972, resp_value = 0 for auto_rotation
03-26 17:48:35.353  2224  2224 I sensors-hal: send_sync_sensor_request:550, takes 0 ms to receive the response with 0
03-26 17:48:35.353  2224  2224 I sensors-hal: activate:335, android.sensor.device_orientation/271 en=1 completed
03-26 17:48:35.353  3205  3378 D SensorManager: registerListener :: 271, auto_rotation Screen Orientation Sensor Non-wakeup, 20000, 0, com.android.server.wm.WindowOrientationListener$OrientationSensorJudge@1f8f6f3
03-26 17:48:35.354  2224  2224 I sensors-hal: set_config:64, no need to adjust sample_period_ns due to reporting_mode = 2
03-26 17:48:35.354  2224  2224 I sensors-hal: batch:368, com.samsung.sensor.auto_brightness/1651, period=50000000, max_latency=0 request completed
03-26 17:48:35.354  2224  2224 I sensors-hal: activate:305, com.samsung.sensor.auto_brightness/1651 en=1
03-26 17:48:35.354  2224  2224 I sensors-hal: enable_flicker_als:238, [SSC_LIGHT] flicker_als enable
03-26 17:48:35.357  7782  7782 I EnvironmentAdaptiveDisplayService: action  :  android.intent.action.SCREEN_ON
03-26 17:48:35.357  7752  7752 D SYS_EVENT: [qc debug] send event 16 notification to client
03-26 17:48:35.357  7752  7752 D SYS_EVENT_AIDL: send event 16 notification to client
03-26 17:48:35.357  3205  4837 D MotionRecognitionService: Receiver: ACTION_SCREEN_ON
03-26 17:48:35.358  5391  5972 I VolteServiceModule: onScreenOnOffChanged: on =1
03-26 17:48:35.358  5391  5972 I StackIF<0>: updateScreenOnOff: on 1
03-26 17:48:35.358  3205  3205 E PocketModeEvent: ACTION_SCREEN_ON(by 6)
03-26 17:48:35.358  3205  4840 D PocketModeEvent: MSG_TYPE_SCREEN_ON
03-26 17:48:35.358  5391  5972 I SECIMSJ : [6042]> 84
03-26 17:48:35.358  5391  5954 I [IMS6.0]: IMS_onResponse()
03-26 17:48:35.358  5391  5954 I StackIF : processMessage 2
03-26 17:48:35.358  5391  5954 I StackIF : Processing Response
03-26 17:48:35.358  3205  4837 D MotionRecognitionService:   .isMotionEngineEnabled : true
03-26 17:48:35.358  3205  4837 D MotionRecognitionService: SCREEN_ON END
03-26 17:48:35.359  5391  5954 I SECIMSJ : [6042]< 101
03-26 17:48:35.359  5391  5954 I StackIF : processResponse: reqId 101
03-26 17:48:35.359  5391  5954 I StackIF : processResponse: handle -1 result 0 reason 0
03-26 17:48:35.359  5882  6005 I EventReceiver_FLP: BroadcastReceiver : ACTION_SCREEN_ON
03-26 17:48:35.359  5882  6005 I EventReceiver_FLP: BroadcastReceiver finished
03-26 17:48:35.359  5100  5609 I DateTimeView: updateAll - getTimeFormat
03-26 17:48:35.359  5100  5609 D QSClockBellTower: onReceive(android.intent.action.TIME_TICK) mTimeZoneString:Asia/Yekaterinburg
03-26 17:48:35.359  5882  5990 I SettingManager_FLP: LocationPowerSave is changed to false by screen state
03-26 17:48:35.360  5100  5100 D KeyguardViewMediator: handleMessage 14
03-26 17:48:35.360  5100  5100 D KeyguardViewMediator: handleNotifyWakingUp
03-26 17:48:35.360  5100  5100 D KeyguardViewMediator: KeyguardViewMediator queue processing message: NOTIFY_STARTED_WAKING_UP
03-26 17:48:35.360  5100  5250 D KeyguardViewMediator: updateActivityLockScreenState(true, false, setDozing)
03-26 17:48:35.360  2235  2400 I HYPER-HAL: [RequestManager.cpp]releaseLocked(): Released ID : 31035410
03-26 17:48:35.360  5100  5100 D KeyguardViewMediator: setShowingLocked: notifyDefaultDisplayCallbacks=false showing=true aodShowing=false
03-26 17:48:35.360  5100  5100 D KeyguardFingerprint: updateFingerprintListeningState#mFingerprintRunningState=0 shouldListenForFingerprint=false isUdfpsEnrolled=false bioType : 256
03-26 17:48:35.360  5100  5100 D KeyguardFace: shouldListenForFace ( isFaceDefaultCondition = true , isKeyguardVisible = true , isDeviceInteractive = true , mPrimaryBouncerFullyShown = false , isSwitchingUser = false , mIsDreamingForBiometrics = false , isGoingToSleep = false , isKeyguardGoingAway = false , mKeyguardUnlocking = false , isEarlyWakeUp = false , mIsScreenSaverRunning = false , mSystemReady = true , getUserUnlockedWithBiometric = false , isKeyguardShowing = true , isKeyguardOccluded = false , mHasFocus = true)
03-26 17:48:35.360  5100  5100 D KeyguardFace: Can't start startListeningForFace(), mFaceRunningState = 1
03-26 17:48:35.360  5100  5100 D BiometricUnlockCtrl: update biometric toast = true
03-26 17:48:35.360  2224  2224 I sensors-hal: acquire_qsh_interface:140, acquire_qsh_interface with sensor_id 21 , conn_type 3
03-26 17:48:35.360  5100  5100 E ThemeUtils: View class com.airbnb.lottie.LottieAnimationView is an AppCompat widget that can only be used with a Theme.AppCompat theme (or descendant).
03-26 17:48:35.361  5748  6672 I EPDG -- SIM0 [EpdgIntentReceiver:Main]: received: android.intent.action.SCREEN_ON
03-26 17:48:35.361  5748  6672 I EPDG -- SIM0 [EpdgIntentReceiver:Main]: complete: android.intent.action.SCREEN_ON
03-26 17:48:35.361  5748  6672 I EPDG -- SIM0 [EpdgHandler]: Event received: SCREEN_ON cid - 0
03-26 17:48:35.361  5748  6672 I EPDG -- SIM0 [SMARTWIFI]: isProfiling, hash=41908368, started=false
03-26 17:48:35.361  5100  5250 I KeyguardViewMediator: setLockScreenShown true false
03-26 17:48:35.361  5100  5250 D KeyguardViewMediator: updateSALogging 6
03-26 17:48:35.361  5100  5250 D SystemUIAnalytics: sendEventLog LSE1062, SID_KEYGUARD_NORMAL, EID_SHOW_LOCKSCREEN, 5
03-26 17:48:35.361  5100  5250 D SamsungAnalytics605073: sendLog
03-26 17:48:35.361  2196  2349 E minksocket: MinkIPC ERROR: ( 2196:2349 ) MinkIPC_preProcess:272 Client down, but cannot find corresponding minksession
03-26 17:48:35.361  2196  2353 E minksocket: MinkIPC ERROR: ( 2196:2353 ) MinkIPC_preProcess:272 Client down, but cannot find corresponding minksession
03-26 17:48:35.361  5100  5100 I WindowManager: WindowManagerGlobal#addView, ty=2228, view=com.android.keyguard.biometrics.KeyguardBiometricToastView{b0ed00 G.E...... ......I. 0,0-0,0}, caller=android.view.WindowManagerImpl.addView:158 com.android.systemui.statusbar.phone.BiometricUnlockController.updateBackgroundAuthToast:125 com.android.systemui.statusbar.phone.BiometricUnlockController.updateBackgroundAuthToastForBiometrics:63
03-26 17:48:35.362  3205  7936 D InputDispatcher: Inject key (10790/2000): action=1, f=0x0, d=-1, time=239414032000000
03-26 17:48:35.362  3205  7936 D InputManager-JNI: !@interceptKeyBeforeQueueing(0), action=1, interactive=true
03-26 17:48:35.362  5100  5100 D ViewRootImpl: desktopMode is false
03-26 17:48:35.362  3205  7936 D PhoneWindowManager: interceptKeyTq keycode=3 interactive=true keyguardActive=true policyFlags=2b000000
03-26 17:48:35.362  3205  7936 D PhoneWindowManagerExt: interceptKeyTq code=3 down=false repeatCount=0 displayId=-1 interactive=true powerCombination=false
03-26 17:48:35.362  3205  7936 D PhoneWindowManager: interceptKeyTq interceptKeyResult=1
03-26 17:48:35.362  3205  7936 D InputManager-JNI: !@handleInterceptActions(0), action=1, wmActions=1
03-26 17:48:35.362  5100  5100 I ViewRootImpl: dVRR is disabled
03-26 17:48:35.362  3205  4635 D PhoneWindowManager: interceptKeyTi keyCode=3 action=1 repeatCount=0 keyguardOn=true canceled=false
03-26 17:48:35.362  3205  4635 D PhoneWindowManagerExt: interceptKeyTi code=3 down=false repeatCount=0 displayId=-1 interactive=true
03-26 17:48:35.362  3205  4635 D PhoneWindowManagerExt: keyguardOn, can not start Searcle by Home
03-26 17:48:35.362  3205  4635 I InputDispatcher: Delivering key to (5100): action: 0x1 (0), f=0x0, m=0x0, d=0, '9f049bb'
03-26 17:48:35.362  5100  5236 D NativeCustomFrequencyManager: [NativeCFMS] BpCustomFrequencyManager::BpCustomFrequencyManager()
03-26 17:48:35.362  3205  3205 D SemWifiApIntentHandler: rcvd:android.intent.action.SCREEN_ON
03-26 17:48:35.362  3205  4958 D SemWifiApPowerSaveImpl: Lcd ON
03-26 17:48:35.362  2196  2353 E minksocket: MinkIPC ERROR: ( 2196:2353 ) MinkIPC_preProcess:272 Client down, but cannot find corresponding minksession
03-26 17:48:35.362  2196  2349 E minksocket: MinkIPC ERROR: ( 2196:2349 ) MinkIPC_preProcess:272 Client down, but cannot find corresponding minksession
03-26 17:48:35.362  3205  4958 D SemWifiApPowerSaveImpl: sendMessage cmd: POWER_STATE_MACHINE_STATE_COMMANDS
03-26 17:48:35.362  3205  4958 D SemWifiApSmartBleScanner: Screen is ON, restarting scanning
03-26 17:48:35.363  3205  4958 I SemWifiApAdvancedAutohotspotService:  Screen ON
03-26 17:48:35.363  8899  8899 I Notification4Watch7_NB: PhoneStatusBroadcastReceiver.onReceive-action: android.intent.action.SCREEN_ON
03-26 17:48:35.363  2295  2295 I LayerHistory: StatusBar$_5100#102 voted NoVote (0.00 Hz)
03-26 17:48:35.363  2295  2295 I LayerHistory: NotificationShade$_5100#83819 Max (can't resolve refresh rate)
03-26 17:48:35.363  2295  2295 I SurfaceFlinger: Keep Stable - choose 60.00 Hz
03-26 17:48:35.363  3205  5890 I SemWifiApAdvancedAutohotspotService: got: CMD_SCREEN_ON
03-26 17:48:35.363  3205  5890 D SemWifiApAdvancedAutohotspotService: prev history :1
03-26 17:48:35.363  3205  5890 D SemWifiApSmartGattClient: mHotspotVersion value : 2
03-26 17:48:35.363  3205  3381 I ImeTracker: system_server:730c7b1e: onRequestShow at ORIGIN_SERVER reason CONTROLS_CHANGED fromUser false
03-26 17:48:35.363  2295  2295 I HWComposer: [4630947191136750483] ActiveConfigToHWC, ID : 9
03-26 17:48:35.363  3205  5890 I SemWifiApAdvancedAutohotspotService: getAdvnacedConnectionSetting() : 2
03-26 17:48:35.363  2249  2249 I SDM     : SDMDisplay::SetActiveConfigWithConstraints: ActiveConfig: 9
03-26 17:48:35.363  2196  2349 E minksocket: MinkIPC ERROR: ( 2196:2349 ) MinkIPC_preProcess:272 Client down, but cannot find corresponding minksession
03-26 17:48:35.363  2196  2353 E minksocket: MinkIPC ERROR: ( 2196:2353 ) MinkIPC_preProcess:272 Client down, but cannot find corresponding minksession
03-26 17:48:35.363  8899  9585 I Notification4Watch7_NB: PhoneStatus.onScreenStateChanged-isOn: true
03-26 17:48:35.363  2249  2249 W SDM     : HWDeviceDRM::GetSupportedBitClkRate: Requested rate not supported: 1362080000
03-26 17:48:35.363  2249  2249 I SDM     : HWDeviceDRM::UpdateMixerAttributes: Mixer WxH 1440x3120-1 for Peripheral
03-26 17:48:35.363  2295  4720 I SurfaceFlinger: id=83823 createSurf, flag=84004, WindowToken{e03a05 type=2228 android.os.BinderProxy@dce217c}#83823
03-26 17:48:35.363  2249  2249 I SDM     : DisplayBuiltIn::SetActiveConfig: setting activeConfig(2) on Display 16777284-0. error(0)
03-26 17:48:35.363  2249  2249 I SDM     : SDMDisplay::FinalizeDisplayConfig: ActiveConfig changed from config 11(4) to 9(2) for display [0]-[0]
03-26 17:48:35.363  2249  2249 I SDM     : DisplayBuiltIn::PrePrepare: [mixer] Reconfiguring mixer with new_mixer size (1080 x 2340)
03-26 17:48:35.363  2249  2249 I SDM     : DisplayBase::ReconfigureMixer: [mixer] Reconfiguring mixer with width : 1080, height : 2340
03-26 17:48:35.363  2249  2249 I SDM     : AIScalerFeatureIntfImpl::LookupConfig: Scale ratio = 1.780000
03-26 17:48:35.363  2249  2249 I SDM     : AIScalerParserIntfImpl::LookupConfig: Scale Ratio Match Found Here
03-26 17:48:35.363 30644 30644 I ImeTracker: system_server:730c7b1e: onCancelled at PHASE_CLIENT_ON_CONTROLS_CHANGED
03-26 17:48:35.363  3205  7778 D InputTransport: Input channel constructed: '6046a5a', fd=1139
03-26 17:48:35.363  3205  7778 D InputTransport: Input channel constructed: '6046a5a', fd=1329
03-26 17:48:35.363  3205  7778 D InputTransport: Input channel constructed: '6046a5a', fd=1346
03-26 17:48:35.363  3205  7778 D InputTransport: Input channel destroyed: '6046a5a', fd=1329
03-26 17:48:35.364  2224  2224 I sensors-hal: qsh_qmi:34, qsh_qmi
03-26 17:48:35.364  2295  3257 I SurfaceFlinger: id=83824 createSurf, flag=84004, 6046a5a KeyguardBiometricToastView#83824
03-26 17:48:35.364  2224  2224 I sensors-hal: send_sensor_config_request:652, dt=auto_brightness: convert sample_period=50000000 to batch_period=50000
03-26 17:48:35.364  2224  2224 I sensors-hal: send_sync_sensor_request:515, send sync request
03-26 17:48:35.364  2249  2531 I SDM     : HWDeviceDRM::SetupAtomic: update ActiveConfig. pre_vrefresh : 30, current_vrefresh: 60, update_mode_: 1
03-26 17:48:35.364  8899  9585 E Notification4Watch7_NB: WatchFactory.getWatch-lastConnectedNodeId is null
03-26 17:48:35.364  2224  2224 I sensors-hal: send_sync_sensor_request:544, wait for notification of response
03-26 17:48:35.364  3205  3205 D SemWifiApPowerSaveImpl:  DefaultState CMD_LCD_ON  rt=239414056/591539351 0 0
03-26 17:48:35.364  3205  7778 D InputTransport: Input channel destroyed: '6046a5a', fd=1346
03-26 17:48:35.365  3205  5847 D BluetoothAdapter: isLeEnabled(): BLE_ON
03-26 17:48:35.365  3205  5847 D BluetoothLeScanner: Stop Scan with callback
03-26 17:48:35.365  5100  5100 D InputTransport: Input channel constructed: '6046a5a', fd=645
03-26 17:48:35.365  2224 10919 I sensors-hal: qsh_conn_resp_cb:972, resp_value = 0 for auto_brightness
03-26 17:48:35.365  9624  9624 I CAMERA_CONTROLLER: [2]ScreenOnOff.onReceive():48 - onReceive : android.intent.action.SCREEN_ON
03-26 17:48:35.365  2224  2224 I sensors-hal: send_sync_sensor_request:550, takes 1 ms to receive the response with 0
03-26 17:48:35.365  2224  2224 I sensors-hal: activate:286, [SSC_LIGHT] auto_brightness activate
03-26 17:48:35.365  2224  2224 I sensors-hal: activate:335, com.samsung.sensor.auto_brightness/1651 en=1 completed
03-26 17:48:35.365  5100  5100 I InsetsController: onStateChanged: host=KeyguardBiometricToastView, from=android.view.ViewRootImpl.onInsetsStateChanged:3026, state=InsetsState: {mDisplayFrame=Rect(0, 0 - 1080, 2340), mDisplayCutout=DisplayCutout{insets=Rect(0, 85 - 0, 0) waterfall=Insets{left=0, top=0, right=0, bottom=0} boundingRect={Bounds=[Rect(0, 0 - 0, 0), Rect(514, 0 - 566, 85), Rect(0, 0 - 0, 0), Rect(0, 0 - 0, 0)]} cutoutPathParserInfo={CutoutPathParserInfo{displayWidth=1080 displayHeight=2340 physicalDisplayWidth=1080 physicalDisplayHeight=2340 density={2.8125} cutoutSpec={M 0,0 H -9.333333333333333 V 30.13333333333333 H 9.333333333333333 V 0 H 0 Z @dp} rotation={0} scale={1.0} physicalPixelDisplaySizeRatio={1.0}}} sideOverrides={}}, mRoundedCorners=RoundedCorners{[RoundedCorner{position=TopLeft, radius=42, center=Point(42, 42)}, RoundedCorner{position=TopRight, radius=42, center=Point(1038, 42)}, RoundedCorner{position=BottomRight, radius=42, center=Point(1038, 2298)}, RoundedCorner{position=BottomLeft, radius=42, center=Point(42, 2298)}]}  mRoundedCornerFrame=Rect(0, 0 - 0, 0), mPrivacyIndicatorBounds=PrivacyIndicatorBounds {static bounds=Rect(956, 0 - 1080, 85) rotation=0}, mDisplayShape=DisplayShape{ spec=-311912193 displayWidth=1080 displayHeight=2340 physicalPixelDisplaySizeRatio=0.75 rotation=0 offsetX=0 offsetY=0 scale=1.0}, mSources= { InsetsSource: {e71d0004 mType=systemGestures mFrame=[0,0][0,0] mVisible=true mFlags= mSideHint=NONE mBoundingRects=null}, InsetsSource: {e71d0005 mType=mandatorySystemGestures mFrame=[0,2205][1080,2340] mVisible=true mFlags= mSideHint=BOTTOM mBoundingRects=null}, InsetsSource: {e71d0024 mType=systemGestures mFrame=[0,0][0,0] mVisible=true mFlags= mSideHint=NONE mBoundingRects=null}, InsetsSource: {27 mType=displayCutout mFrame=[0,0][1080,85] mVisible=true mFlags= mSideHint=TOP mBoundingRects=null}, InsetsSource: {32e40005 mType=mandatorySystemGestures mFrame=[0,0][1080,119] mVisible=true mFlags= mSideHint=TOP mBoundingRects=null} }
03-26 17:48:35.365  2238  2238 I SS_POWER_HINT_SESSION: SS_ADPF 5100-10046-d8d0 PowerHintSession createHintSession : , 5234, 5235, 5100, 5236 : 16666667
03-26 17:48:35.365  5100  5100 I VRI[KeyguardBiometricToastView]@18b1939: synced displayState. AttachInfo displayState=3
03-26 17:48:35.366  2196  2353 E minksocket: MinkIPC ERROR: ( 2196:2353 ) MinkIPC_preProcess:272 Client down, but cannot find corresponding minksession
03-26 17:48:35.366  3205  3489 D SensorManager: registerListener :: 1651, STK33F11 Auto Brightness Light  Non-wakeup, 50000, 0, com.android.server.display.AutomaticBrightnessController$3@9b953d
03-26 17:48:35.366  2196  2349 E minksocket: MinkIPC ERROR: ( 2196:2349 ) MinkIPC_preProcess:272 Client down, but cannot find corresponding minksession
03-26 17:48:35.366  2235  2400 I HYPER-HAL: [RequestManager.cpp]acquire(): Acquired ID : 796262132  [2238 / 37667]    HINT :      list : [TID_LOW_LATENCY / 1] [TID / 5234] [TID / 5235] [TID / 5100] [TID / 5236]
03-26 17:48:35.366  5100  5100 I VRI[KeyguardBiometricToastView]@18b1939: setView = com.android.keyguard.biometrics.KeyguardBiometricToastView@b0ed00 IsHRR=false mFlingFrameRateChange=0 TM=true
03-26 17:48:35.366  5100  5100 D PickupController: onStartedWakingUp()
03-26 17:48:35.366  5100  5100 D PluginLockMediatorImpl: onStartedWakingUp: reason = 1
03-26 17:48:35.366  5100  5100 I DymLock|DynamicLockManager: onStartedWakingUp : dls_state = 2
03-26 17:48:35.366  3205  4925 D SensorManager: registerListener :: 51, STK33F11 Light Ambient Light Sensor Non-wakeup, 200000, 0, com.android.server.biometrics.log.ALSProbe$1@152df20
03-26 17:48:35.366  5100 10624 D BiometricStatusRepositoryImpl: authenticationState updated: Started(biometricSourceType=FACE, requestReason=DeviceEntryAuthentication)
03-26 17:48:35.366  3205  4925 D WallpaperManager: semGetWallpaperColors: which = 2
03-26 17:48:35.367  2224  2224 I sensors-hal: set_config:60, sample_period_ns is adjusted to 20000000 based on min/max delay_ns
03-26 17:48:35.367  2224  2224 I sensors-hal: send_sensor_config_request:582, resampler is used, set resampler config
03-26 17:48:35.367  2235  2400 I HYPER-HAL: [RequestManager.cpp]acquire(): Acquired ID : 796262132  [2238 / 37667]    HINT :      list : [TID_LOW_LATENCY / 0] [TID / 5234] [TID / 5235] [TID / 5100] [TID / 5236]
03-26 17:48:35.367  7931  7931 I [MCFDs]_IntentUtil: emitToConsumer - (SCREEN_STATE) ACTION_ID_SCREEN_ON, consumer size=2
03-26 17:48:35.367  7931  7931 I [MCFDs]_ContextManager: onContextChanged - DEVICE STATE : LOCKED
03-26 17:48:35.367  7931  7931 W [MCFDs]_CommunicationManager: updateContext - ignore - Bluetooth is off
03-26 17:48:35.367  2224  2224 I sensors-hal: send_sync_sensor_request:515, send sync request
03-26 17:48:35.367  2224  2224 I sensors-hal: send_sync_sensor_request:544, wait for notification of response
03-26 17:48:35.367  2235  2400 I HYPER-HAL: [RequestManager.cpp]releaseLocked(): Released ID : 796262132
03-26 17:48:35.367  2235  2400 I HYPER-HAL: [RequestManager.cpp]acquire(): Acquired ID : 796302039  [2238 / 37668]    HINT :      list : [UCLAMP_MIN_BOOST / 0] [TIMEOUT / 50] [TID / 5234] [TID / 5235] [TID / 5100] [TID / 5236]
03-26 17:48:35.367  9066  9066 I Receiver_Screen: onReceive:  in=1774529315367
03-26 17:48:35.367  2233 11092 I SehSession: SehSession::setFaceTag
03-26 17:48:35.367  9066  9066 I Receiver_Screen: onReceive: ACTION_SCREEN_ON
03-26 17:48:35.367  2233 11092 I sec_fr_FaceAIDLService: FaceAIDLService::setFaceTag (tagId=1)
03-26 17:48:35.367  2233 11092 I sec_fr_NativeFaceService: setFaceTag : tagId(1)
03-26 17:48:35.367  2224  8646 I sensors-hal: qsh_conn_resp_cb:972, resp_value = 0 for accel
03-26 17:48:35.367  9066  9066 I Receiver_Screen: onReceive: out in millis= 0
03-26 17:48:35.368  2224  2224 I sensors-hal: send_sync_sensor_request:550, takes 0 ms to receive the response with 0
03-26 17:48:35.368  2224  2224 I sensors-hal: batch:368, android.sensor.accelerometer/11, period=20000000, max_latency=200000000 request completed
03-26 17:48:35.368  3205  3205 D SLocation: DeviceStatusNotifyManager - broadcastReceiver.onReceive start 591539355
03-26 17:48:35.368  3205  3205 D SLocation: DeviceStatusNotifyManager - broadcastReceiver.onReceive end 591539355
03-26 17:48:35.368  3205  5307 I SLocation: DeviceStatusNotifyManager - received action : android.intent.action.SCREEN_ON, package : null
03-26 17:48:35.368  9066 10923 I DatabaseManager: insert data finished for 2026-03-26 17:48:35 in  1
03-26 17:48:35.368  5100  5100 I VRI[NotificationShade]@8cde695: ViewPostIme key 1
03-26 17:48:35.368  5100  5100 D CentralSurfaces: interceptRestKey isRestKey=true event=KeyEvent { action=ACTION_UP, keyCode=KEYCODE_HOME, scanCode=0, metaState=0, flags=0x0, repeatCount=0, eventTime=239414032000000, downTime=239414032000000, deviceId=-1, source=0x101, displayId=-1 }, state=1, isDozing=true
03-26 17:48:35.368  5100  5100 D CentralSurfaces: interceptRestKey : ignore screen on ACTION_UP
03-26 17:48:35.368  2224  2224 I sensors-hal: flush:388, android.sensor.accelerometer/11
03-26 17:48:35.368  2224  2224 I sensors-hal: send_sync_sensor_request:515, send sync request
03-26 17:48:35.368  2224  2224 I sensors-hal: send_sync_sensor_request:544, wait for notification of response
03-26 17:48:35.369  3205  5028 D SemInputDeviceManagerService: setDisplayState[1] EARLY: DOZE(3) -> ON(2)
03-26 17:48:35.369  5100  5100 D BackActionInteractor: registerBackCallback
03-26 17:48:35.369  3205  6415 D LiftUpHandler:   mReceiver.onReceive : ACTION_SCREEN_ON
03-26 17:48:35.369  5100  5100 D BriefViewController: [BriefLog]_isScreenOn true
03-26 17:48:35.369  5901  5917 I bt_shim_scanner: system/main/shim/le_scanning_manager.cc:141 Unregister: in shim layer, scannerId=1
03-26 17:48:35.369  2224  8646 I sensors-hal: qsh_conn_resp_cb:972, resp_value = 0 for accel
