03-26 17:48:57.606 10859 10882 I TestRunner: started: testChangeText(ru.netology.testing.uiautomator.ChangeTextTest)
03-26 17:48:57.609 10859 10882 D UiDevice: Pressing home button.
03-26 17:48:57.632  2249  2839 W SDM     : DisplayBase::CommitOrPrepare: Prepare failed: 3
03-26 17:48:57.633  2295  2295 E CompositionEngine: [StatusBar$_5100#102] Invalid device requested composition type change: Client (1) --> Device (2)
03-26 17:48:57.633  2295  2295 E CompositionEngine: [NotificationShade$_5100#83868] Invalid device requested composition type change: Client (1) --> Device (2)
03-26 17:48:57.634  3205  8263 D InputDispatcher: Inject key (10790/2000): action=0, f=0x0, d=-1, time=239436301000000
03-26 17:48:57.635  3205  8263 D InputManager-JNI: !@interceptKeyBeforeQueueing(0), action=0, interactive=false
03-26 17:48:57.635  3205  8263 D PhoneWindowManager: interceptKeyTq keycode=3 interactive=false keyguardActive=true policyFlags=b000000
03-26 17:48:57.635  3205  8263 D SingleKeyGesture: interceptKeyDown, info : KeyCode=KEYCODE_UNKNOWN, size=0
03-26 17:48:57.635  3205  8263 D PhoneWindowManagerExt: interceptKeyTq code=3 down=true repeatCount=0 displayId=-1 interactive=false powerCombination=false
03-26 17:48:57.635  3205  8263 D PhoneWindowManager: interceptKeyTq interceptKeyResult=1
03-26 17:48:57.636  3205  8263 I SemDvfsHyPerManager: acquire hyper - DEVICE_WAKEUP/3205@31, type = -999
03-26 17:48:57.636  2235  2400 I HYPER-HAL: [RequestManager.cpp]acquire(): Acquired ID : 5237497  [3205 / 31]    HINT : DEVICE_WAKEUP    list :
03-26 17:48:57.638  3205  8263 D InputManager-JNI: setInteractiveForInternalDisplay(true)
03-26 17:48:57.638  3205  8263 D InputManager-JNI: setInteractive(true)
03-26 17:48:57.639  5100  8807 D KeyguardViewMediator: startedEarlyWakingUp
03-26 17:48:57.639  2235  2400 I HYPER-HAL: [RequestManager.cpp]releaseLocked(): Released ID : 30830881
03-26 17:48:57.639  5100  5100 D KeyguardUpdateMonitor: handleStartedEarlyWakingUp start 6
03-26 17:48:57.639  5100  5100 D KeyguardFace: shouldListenForFace ( isFaceDefaultCondition = true , isKeyguardVisible = true , isDeviceInteractive = false , mPrimaryBouncerFullyShown = false , isSwitchingUser = false , mIsDreamingForBiometrics = false , isGoingToSleep = false , isKeyguardGoingAway = false , mKeyguardUnlocking = false , isEarlyWakeUp = true , mIsScreenSaverRunning = false , mSystemReady = true , getUserUnlockedWithBiometric = false , isKeyguardShowing = true , isKeyguardOccluded = false , mHasFocus = true)
03-26 17:48:57.639  5100  5100 D KeyguardFace: startListeningForFace()
03-26 17:48:57.639  5100  5100 E KeyguardUpdateMonitorLog: Cancellation signal is not null, high chance of bug in face auth lifecycle management. Face state: 0, unlockPossible: true
03-26 17:48:57.640  3205  3489 D AODManagerService: screenTurningOn directly
03-26 17:48:57.640  3205  8263 D InputManager-JNI: !@handleInterceptActions(0), action=0, wmActions=1
03-26 17:48:57.640  3205  4635 D PhoneWindowManager: interceptKeyTi keyCode=3 action=0 repeatCount=0 keyguardOn=true canceled=false
03-26 17:48:57.641  3205  4635 D PhoneWindowManagerExt: interceptKeyTi code=3 down=true repeatCount=0 displayId=-1 interactive=false
03-26 17:48:57.641  5100  8807 I KeyguardService: onStartedWakingUp pmWakeReason=6 powerButtonLaunchGestureTriggered=false
03-26 17:48:57.641  3205  4635 I InputDispatcher: Delivering key to (5100): action: 0x0 (0), f=0x0, m=0x0, d=0, '9f049bb'
03-26 17:48:57.641  5100  8807 I PluginAODManager: updateRefreshRate: acquire=false called=com.android.systemui.keyguard.KeyguardViewMediator$$ExternalSyntheticLambda62.accept:410 com.android.systemui.keyguard.KeyguardViewMediator.onStartedWakingUp:26
03-26 17:48:57.641  2224  2224 I sensors-hal: set_config:64, no need to adjust sample_period_ns due to reporting_mode = 2
03-26 17:48:57.641  2224  2224 I sensors-hal: batch:368, android.sensor.device_orientation/271, period=20000000, max_latency=0 request completed
03-26 17:48:57.641  2224  2224 I sensors-hal: activate:305, android.sensor.device_orientation/271 en=1
03-26 17:48:57.641  2224  2224 I sensors-hal: activate:292, auto_rotation: 0, type 2
03-26 17:48:57.641  2224  2224 I sensors-hal: acquire_qsh_interface:140, acquire_qsh_interface with sensor_id 18 , conn_type 0
03-26 17:48:57.641  2224  2224 I sensors-hal: acquire_qsh_interface:146, returning _shared_instance[SHARED_ON_CHANGE_NO_WAKEUP].conn - non-wakeup
03-26 17:48:57.641  2224  2224 I sensors-hal: acquire_shared_instance:174, re-use existing connection for type 0
03-26 17:48:57.641  2224  2224 I sensors-hal: create_sensor_config_request:86, auto_rotation: type 2
03-26 17:48:57.641  5100  5100 D SecLockIconViewController: updateVisibility
03-26 17:48:57.641  5100  5100 D SecLockIconViewController: updateVisibility : isLockScreen = false mShowLockIcon = false mShowUnlockIcon = false
03-26 17:48:57.641  2224  2224 I sensors-hal: send_sensor_config_request:652, dt=auto_rotation: convert sample_period=20000000 to batch_period=20000
03-26 17:48:57.641  2224  2224 I sensors-hal: send_sync_sensor_request:515, send sync request
03-26 17:48:57.641  3205 11283 I SemInputMotionHelper: setMotionControl: ALL: 12, client=com.samsung.android.hardware.secinputdev.SemInputDeviceManager, ret=-1
03-26 17:48:57.641  3205 11283 D SemInputDeviceManager: setProperty: (100) CMD,SIP,0
03-26 17:48:57.642  2224  2224 I sensors-hal: send_sync_sensor_request:544, wait for notification of response
03-26 17:48:57.642  5100  5100 D KeyguardPunchHoleVIView: startVI() - return, WakefulnessLifecycle is not WAKEFULNESS_AWAKE
03-26 17:48:57.642  5100  5100 D KeyguardPunchHoleVIView_Bouncer: startVI() - return, WakefulnessLifecycle is not WAKEFULNESS_AWAKE
03-26 17:48:57.642  3205 11283 I SemInputCommandService: setPropertyAllTouch: SIP,0 retDefault=1 retExtra=-2
03-26 17:48:57.642  3205  8295 I RefreshRateTokenController: Removing refreshRateToken={ RefreshRateToken[->RefreshRateMaxLimitToken:PluginAODManager, mRefreshRate:30 acquire at 239420945 (15389 ms ago)}, caller=com.android.server.display.mode.RefreshRateToken.release:5 com.samsung.android.hardware.display.IRefreshRateToken$Stub.onTransact:86 android.os.Binder.execTransactInternal:1462 android.os.Binder.execTransact:1401 <bottom of call stack>
03-26 17:48:57.642  3205  4920 D SemInputDevice:TSP: SetPropertyTask: CMD,set_sip_mode,0 [03-26 17:48:57.641]
03-26 17:48:57.642  5100  8807 D PluginAODManager: updateRefreshRate disabled
03-26 17:48:57.642  5100  8807 D KeyguardViewMediator: onStartedWakingUp, seq = 1232, mPowerGestureIntercepted = false
03-26 17:48:57.642  5100  8807 D KeyguardViewMediator: notifyStartedWakingUp
03-26 17:48:57.642  5100  5100 D KeyguardFingerprint: mFpInDisplayState is changed : 0 -> 0
03-26 17:48:57.643  3205 11285 D SemInputDeviceManager: setProperty: (0) CMD,GRIP_DATA,2,0
03-26 17:48:57.643  3205  3380 I RefreshRateModeManager: Schedule to change allowedModes=baseModeId=8 allowGroupSwitching=false primary=physical: (10.0 120.0) render:  (0.0 120.0) appRequest=physical: (10.0 120.0) render:  (0.0 120.0) idleScreenRefreshRateConfig=null, mDisplayToken=android.os.BinderProxy@4577f02
03-26 17:48:57.643  3205  3380 I RefreshRateModeManager:     -1:
03-26 17:48:57.643  3205  3380 I RefreshRateModeManager:       PRIORITY_REFRESH_RATE_MODE -> CombinedVote{ mVotes=[PhysicalVote{ RefreshRateVote{  mMinRefreshRate=10.0, mMaxRefreshRate=120.0 } }, DisableRefreshRateSwitchingVote{ mDisableRefreshRateSwitching=false }] }
03-26 17:48:57.643  3205  3380 I RefreshRateModeManager:     0:
03-26 17:48:57.643  3205  3380 I RefreshRateModeManager:       PRIORITY_USER_SETTING_PEAK_RENDER_FRAME_RATE -> RenderVote{ RefreshRateVote{  mMinRefreshRate=0.0, mMaxRefreshRate=120.0 } }
03-26 17:48:57.643  3205  3380 I RefreshRateModeManager:       PRIORITY_RESOLUTION -> SizeVote{ mWidth=1080, mHeight=2340, mMinWidth=1080, mMinHeight=2340 }
03-26 17:48:57.643  3205  3380 I RefreshRateModeManager:       PRIORITY_USER_SETTING_PEAK_REFRESH_RATE -> CombinedVote{ mVotes=[PhysicalVote{ RefreshRateVote{  mMinRefreshRate=0.0, mMaxRefreshRate=120.0 } }, DisableRefreshRateSwitchingVote{ mDisableRefreshRateSwitching=false }] }
03-26 17:48:57.643  3205  3380 I RefreshRateModeManager:       PRIORITY_USER_SETTING_DISPLAY_PREFERRED_SIZE -> SizeVote{ mWidth=1080, mHeight=2340, mMinWidth=1080, mMinHeight=2340 }
03-26 17:48:57.643  3205  3380 I RefreshRateModeManager:       PRIORITY_USER_SETTING_MIN_RENDER_FRAME_RATE -> RenderVote{ RefreshRateVote{  mMinRefreshRate=0.0, mMaxRefreshRate=Infinity } }
03-26 17:48:57.643  3205  3380 I RefreshRateModeManager:
03-26 17:48:57.643  3205  3380 I RefreshRateModeManager:  mModeSwitchingType: SWITCHING_TYPE_WITHIN_GROUPS mAlwaysRespectAppRequest: false
03-26 17:48:57.643  3205  3380 I RefreshRateModeManager:  Current Mode mReportedRefreshRateMode(toSurfaceFlinger)=REFRESH_RATE_MODE_SEAMLESS, mRefreshRateMode(fromSettings)=REFRESH_RATE_MODE_SEAMLESS
03-26 17:48:57.643  3205  3380 I RefreshRateModeManager:  BrightnessState mPassive=false, PassiveModeToken=false, mLfd=0, mBrightness=39, mAmbientLux=-1.0, mIsWirelessCharing=false
03-26 17:48:57.643  3205 11284 D SemInputDeviceManager: setProperty: (100) CMD,NOTE_APP,0
03-26 17:48:57.643  3205 11284 I SemInputCommandService: setPropertyAllTouch: NOTE_APP,0 retDefault=1 retExtra=-2
03-26 17:48:57.644  2224  5054 I sensors-hal: qsh_conn_resp_cb:972, resp_value = 0 for auto_rotation
03-26 17:48:57.644  2258  2292 I sysinput:aidl: onReportInformation:93, 1, cmd@set_sip_mode,0:0
03-26 17:48:57.644  2224  2224 I sensors-hal: send_sync_sensor_request:550, takes 2 ms to receive the response with 0
03-26 17:48:57.644  2224  2224 I sensors-hal: activate:335, android.sensor.device_orientation/271 en=1 completed
03-26 17:48:57.644  3205  3378 D SensorManager: registerListener :: 271, auto_rotation Screen Orientation Sensor Non-wakeup, 20000, 0, com.android.server.wm.WindowOrientationListener$OrientationSensorJudge@1f8f6f3
03-26 17:48:57.644  2258  2292 I sysinput:Touch1: operator():241, OK
03-26 17:48:57.644  3205  4920 D SysinputHAL_AIDL: setProperty(TSP(1)): CMD, set_sip_mode,0 ret=0
03-26 17:48:57.644  3205  4920 D SemInputDevice:TSP: SetPropertyTask: CMD,set_grip_data,2,0 [03-26 17:48:57.643]
03-26 17:48:57.645  2224  2224 I sensors-hal: set_config:64, no need to adjust sample_period_ns due to reporting_mode = 2
03-26 17:48:57.645  5100  5100 I VRI[NotificationShade]@8cde695: ViewPostIme key 0
03-26 17:48:57.645  2224  2224 I sensors-hal: batch:368, com.samsung.sensor.auto_brightness/1651, period=50000000, max_latency=0 request completed
03-26 17:48:57.645  5100  5100 D CentralSurfaces: interceptRestKey isRestKey=true event=KeyEvent { action=ACTION_DOWN, keyCode=KEYCODE_HOME, scanCode=0, metaState=0, flags=0x0, repeatCount=0, eventTime=239436301000000, downTime=239436301000000, deviceId=-1, source=0x101, displayId=-1 }, state=1, isDozing=true
03-26 17:48:57.645  3205  3380 I SurfaceComposerClient: setDesiredDisplayModeSpecs DisplayModeSpecs{defaultMode: 7, allowGroupSwitching: false, primaryRanges: RefreshRateRanges{physical: RefreshRateRange{min: 10.000000, max: 120.000000}, render: RefreshRateRange{min: 0.000000, max: 120.000000}}, appRequestRanges: RefreshRateRanges{physical: RefreshRateRange{min: 10.000000, max: 120.000000}, render: RefreshRateRange{min: 0.000000, max: 120.000000}}, idleScreenRefreshRateConfig: (null)}
03-26 17:48:57.645  5100  5100 D KeyguardViewMediator: handleMessage 14
03-26 17:48:57.645  5100  5100 D KeyguardViewMediator: handleNotifyWakingUp
03-26 17:48:57.645  2295  2295 I RefreshRateSelector: Display 4630947191136750483 policy changed
03-26 17:48:57.645  2295  2295 I RefreshRateSelector: Previous: {defaultModeId=11, allowGroupSwitching=false, primaryRanges={physical=[10.00 Hz, 30.00 Hz], render=[0.00 Hz, 30.00 Hz]}, appRequestRanges={physical=[10.00 Hz, 120.00 Hz], render=[0.00 Hz, 120.00 Hz]} idleScreenConfig=nullptr}
03-26 17:48:57.645  2295  2295 I RefreshRateSelector: Current:  DisplayManagerPolicy{defaultModeId=7, allowGroupSwitching=false, primaryRanges={physical=[10.00 Hz, 120.00 Hz], render=[0.00 Hz, 120.00 Hz]}, appRequestRanges={physical=[10.00 Hz, 120.00 Hz], render=[0.00 Hz, 120.00 Hz]} idleScreenConfig=nullptr}
03-26 17:48:57.645  2295  2295 I RefreshRateSelector: 1 mode changes were performed under the previous policy
03-26 17:48:57.645  2295  2295 I SurfaceFlinger: [4630947191136750483] Setting desired display mode specs: {defaultModeId=7, allowGroupSwitching=false, primaryRanges={physical=[10.00 Hz, 120.00 Hz], render=[0.00 Hz, 120.00 Hz]}, appRequestRanges={physical=[10.00 Hz, 120.00 Hz], render=[0.00 Hz, 120.00 Hz]} idleScreenConfig=nullptr}
03-26 17:48:57.645  2295  2295 D DisplayModeController: setDesiredMode 4630947191136750483 {mode={fps=60.00 Hz, modePtr={id=9, vsyncRate=60.00 Hz, peakRefreshRate=60.00 Hz}}, emitEvent=true, force=false}
03-26 17:48:57.645  2224  2224 I sensors-hal: activate:305, com.samsung.sensor.auto_brightness/1651 en=1
03-26 17:48:57.646  5100  5100 D KeyguardViewMediator: KeyguardViewMediator queue processing message: NOTIFY_STARTED_WAKING_UP
03-26 17:48:57.646  2224  2224 I sensors-hal: enable_flicker_als:238, [SSC_LIGHT] flicker_als enable
03-26 17:48:57.646  5100  5100 D KeyguardViewMediator: setShowingLocked: notifyDefaultDisplayCallbacks=false showing=true aodShowing=false
03-26 17:48:57.646  5100  5250 D KeyguardViewMediator: updateActivityLockScreenState(true, false, setDozing)
03-26 17:48:57.646  5100  5100 D KeyguardFingerprint: updateFingerprintListeningState#mFingerprintRunningState=0 shouldListenForFingerprint=false isUdfpsEnrolled=false bioType : 256
03-26 17:48:57.646  5100  5100 D KeyguardFace: shouldListenForFace ( isFaceDefaultCondition = true , isKeyguardVisible = true , isDeviceInteractive = true , mPrimaryBouncerFullyShown = false , isSwitchingUser = false , mIsDreamingForBiometrics = false , isGoingToSleep = false , isKeyguardGoingAway = false , mKeyguardUnlocking = false , isEarlyWakeUp = false , mIsScreenSaverRunning = false , mSystemReady = true , getUserUnlockedWithBiometric = false , isKeyguardShowing = true , isKeyguardOccluded = false , mHasFocus = true)
03-26 17:48:57.646  5100  5100 D KeyguardFace: Can't start startListeningForFace(), mFaceRunningState = 1
03-26 17:48:57.646  5100  5100 D BiometricUnlockCtrl: update biometric toast = true
03-26 17:48:57.646  2258  2292 I sysinput:aidl: onReportInformation:93, 1, cmd@set_grip_data,2,0:0
03-26 17:48:57.646  3205  8309 D InputDispatcher: Inject key (10790/2000): action=1, f=0x0, d=-1, time=239436301000000
03-26 17:48:57.647  3205  8309 D InputManager-JNI: !@interceptKeyBeforeQueueing(0), action=1, interactive=true
03-26 17:48:57.647  3205  8309 D PhoneWindowManager: interceptKeyTq keycode=3 interactive=true keyguardActive=true policyFlags=2b000000
03-26 17:48:57.647  2258  2292 I sysinput:Touch1: operator():241, OK
03-26 17:48:57.647  3205  8309 D PhoneWindowManagerExt: interceptKeyTq code=3 down=false repeatCount=0 displayId=-1 interactive=true powerCombination=false
03-26 17:48:57.647  3205  8309 D PhoneWindowManager: interceptKeyTq interceptKeyResult=1
03-26 17:48:57.647  3205  8309 D InputManager-JNI: !@handleInterceptActions(0), action=1, wmActions=1
03-26 17:48:57.647  3205  4920 D SysinputHAL_AIDL: setProperty(TSP(1)): CMD, set_grip_data,2,0 ret=0
03-26 17:48:57.647  3205  4920 D SemInputDevice:TSP: SetPropertyTask: CMD,set_note_mode,0 [03-26 17:48:57.643]
03-26 17:48:57.647  3205  4635 D PhoneWindowManager: interceptKeyTi keyCode=3 action=1 repeatCount=0 keyguardOn=true canceled=false
03-26 17:48:57.647  3205  4635 D PhoneWindowManagerExt: interceptKeyTi code=3 down=false repeatCount=0 displayId=-1 interactive=true
03-26 17:48:57.647  2667  2992 I CameraService: onUidStateChanged: uid=10046, procState is changed. (0 -> 1)
03-26 17:48:57.647  3205  4635 D PhoneWindowManagerExt: keyguardOn, can not start Searcle by Home
03-26 17:48:57.647  3205  4635 I InputDispatcher: Delivering key to (5100): action: 0x1 (0), f=0x0, m=0x0, d=0, '9f049bb'
03-26 17:48:57.647  2667  2992 W IPCThreadState: Sending oneway calls to frozen process.
03-26 17:48:57.648  5100  5250 I KeyguardViewMediator: setLockScreenShown true false
03-26 17:48:57.648  5100  5250 D KeyguardViewMediator: updateSALogging 6
03-26 17:48:57.648  5100  5250 D SystemUIAnalytics: sendEventLog LSE1062, SID_KEYGUARD_NORMAL, EID_SHOW_LOCKSCREEN, 5
03-26 17:48:57.648  5100  5250 D SamsungAnalytics605073: sendLog
03-26 17:48:57.648  2258  2292 I sysinput:aidl: onReportInformation:93, 1, cmd@set_note_mode,0:0
03-26 17:48:57.649  2258  2292 I sysinput:Touch1: operator():241, OK
03-26 17:48:57.649  3205  4920 D SysinputHAL_AIDL: setProperty(TSP(1)): CMD, set_note_mode,0 ret=0
03-26 17:48:57.650  7752  7752 D SYS_EVENT: [qc debug] send event 16 notification to client
03-26 17:48:57.650  7752  7752 D SYS_EVENT_AIDL: send event 16 notification to client
03-26 17:48:57.651  7782  7782 I EnvironmentAdaptiveDisplayService: action  :  android.intent.action.SCREEN_ON
03-26 17:48:57.651  5100  5100 E ThemeUtils: View class com.airbnb.lottie.LottieAnimationView is an AppCompat widget that can only be used with a Theme.AppCompat theme (or descendant).
03-26 17:48:57.652  5100  5100 I WindowManager: WindowManagerGlobal#addView, ty=2228, view=com.android.keyguard.biometrics.KeyguardBiometricToastView{d49e665 G.E...... ......I. 0,0-0,0}, caller=android.view.WindowManagerImpl.addView:158 com.android.systemui.statusbar.phone.BiometricUnlockController.updateBackgroundAuthToast:125 com.android.systemui.statusbar.phone.BiometricUnlockController.updateBackgroundAuthToastForBiometrics:63
03-26 17:48:57.652  5100  5100 D ViewRootImpl: desktopMode is false
03-26 17:48:57.652  5100  5100 I ViewRootImpl: dVRR is disabled
03-26 17:48:57.652  5100  5236 D NativeCustomFrequencyManager: [NativeCFMS] BpCustomFrequencyManager::BpCustomFrequencyManager()
03-26 17:48:57.653  5391  5972 I VolteServiceModule: onScreenOnOffChanged: on =1
03-26 17:48:57.653  5391  5972 I StackIF<0>: updateScreenOnOff: on 1
03-26 17:48:57.653  2295  5531 I SurfaceFlinger: id=83871 createSurf, flag=84004, WindowToken{c3de682 type=2228 android.os.BinderProxy@36eedcd}#83871
03-26 17:48:57.653  5391  5972 I SECIMSJ : [6045]> 84
03-26 17:48:57.653  3205  6658 D InputTransport: Input channel constructed: 'd22f193', fd=1123
03-26 17:48:57.653  3205  6658 D InputTransport: Input channel constructed: 'd22f193', fd=1163
03-26 17:48:57.653  3205  6658 D InputTransport: Input channel constructed: 'd22f193', fd=1206
03-26 17:48:57.653  3205  6658 D InputTransport: Input channel destroyed: 'd22f193', fd=1163
03-26 17:48:57.654  2295  4720 I SurfaceFlinger: id=83872 createSurf, flag=84004, d22f193 KeyguardBiometricToastView#83872
03-26 17:48:57.654  5882  6005 I EventReceiver_FLP: BroadcastReceiver : ACTION_SCREEN_ON
03-26 17:48:57.654  5882  6005 I EventReceiver_FLP: BroadcastReceiver finished
03-26 17:48:57.654  5882  5990 I SettingManager_FLP: LocationPowerSave is changed to false by screen state
03-26 17:48:57.654  2238  2238 I SS_POWER_HINT_SESSION: SS_ADPF 5100-10046-e230 PowerHintSession createHintSession : , 5234, 5235, 5100, 5236 : 16666667
03-26 17:48:57.654  3205  6658 D InputTransport: Input channel destroyed: 'd22f193', fd=1206
03-26 17:48:57.654  5100  5100 D InputTransport: Input channel constructed: 'd22f193', fd=689
03-26 17:48:57.654  5100  5100 I InsetsController: onStateChanged: host=KeyguardBiometricToastView, from=android.view.ViewRootImpl.onInsetsStateChanged:3026, state=InsetsState: {mDisplayFrame=Rect(0, 0 - 1080, 2340), mDisplayCutout=DisplayCutout{insets=Rect(0, 85 - 0, 0) waterfall=Insets{left=0, top=0, right=0, bottom=0} boundingRect={Bounds=[Rect(0, 0 - 0, 0), Rect(514, 0 - 566, 85), Rect(0, 0 - 0, 0), Rect(0, 0 - 0, 0)]} cutoutPathParserInfo={CutoutPathParserInfo{displayWidth=1080 displayHeight=2340 physicalDisplayWidth=1080 physicalDisplayHeight=2340 density={2.8125} cutoutSpec={M 0,0 H -9.333333333333333 V 30.13333333333333 H 9.333333333333333 V 0 H 0 Z @dp} rotation={0} scale={1.0} physicalPixelDisplaySizeRatio={1.0}}} sideOverrides={}}, mRoundedCorners=RoundedCorners{[RoundedCorner{position=TopLeft, radius=42, center=Point(42, 42)}, RoundedCorner{position=TopRight, radius=42, center=Point(1038, 42)}, RoundedCorner{position=BottomRight, radius=42, center=Point(1038, 2298)}, RoundedCorner{position=BottomLeft, radius=42, center=Point(42, 2298)}]}  mRoundedCornerFrame=Rect(0, 0 - 0, 0), mPrivacyIndicatorBounds=PrivacyIndicatorBounds {static bounds=Rect(956, 0 - 1080, 85) rotation=0}, mDisplayShape=DisplayShape{ spec=-311912193 displayWidth=1080 displayHeight=2340 physicalPixelDisplaySizeRatio=0.75 rotation=0 offsetX=0 offsetY=0 scale=1.0}, mSources= { InsetsSource: {e71d0004 mType=systemGestures mFrame=[0,0][0,0] mVisible=true mFlags= mSideHint=NONE mBoundingRects=null}, InsetsSource: {e71d0005 mType=mandatorySystemGestures mFrame=[0,2205][1080,2340] mVisible=true mFlags= mSideHint=BOTTOM mBoundingRects=null}, InsetsSource: {e71d0024 mType=systemGestures mFrame=[0,0][0,0] mVisible=true mFlags= mSideHint=NONE mBoundingRects=null}, InsetsSource: {27 mType=displayCutout mFrame=[0,0][1080,85] mVisible=true mFlags= mSideHint=TOP mBoundingRects=null}, InsetsSource: {32e40005 mType=mandatorySystemGestures mFrame=[0,0][1080,119] mVisible=true mFlags= mSideHint=TOP mBoundingRects=null} }
03-26 17:48:57.654  5748  6672 I EPDG -- SIM0 [EpdgIntentReceiver:Main]: received: android.intent.action.SCREEN_ON
03-26 17:48:57.655  5748  6672 I EPDG -- SIM0 [EpdgIntentReceiver:Main]: complete: android.intent.action.SCREEN_ON
03-26 17:48:57.655  5748  6672 I EPDG -- SIM0 [EpdgHandler]: Event received: SCREEN_ON cid - 0
03-26 17:48:57.655  5748  6672 I EPDG -- SIM0 [SMARTWIFI]: isProfiling, hash=41908368, started=false
03-26 17:48:57.655  5391  5954 I [IMS6.0]: IMS_onResponse()
03-26 17:48:57.655  3205  4837 D MotionRecognitionService: Receiver: ACTION_SCREEN_ON
03-26 17:48:57.655  5391  5954 I StackIF : processMessage 2
03-26 17:48:57.655  5100  5100 I VRI[KeyguardBiometricToastView]@3c80f3a: synced displayState. AttachInfo displayState=4
03-26 17:48:57.655  5391  5954 I StackIF : Processing Response
03-26 17:48:57.655  5100  6135 D SamsungAnalytics605073: SendLog Result = 0
03-26 17:48:57.655  2235  2400 I HYPER-HAL: [RequestManager.cpp]acquire(): Acquired ID : 796661247  [2238 / 37677]    HINT :      list : [TID_LOW_LATENCY / 1] [TID / 5234] [TID / 5235] [TID / 5100] [TID / 5236]
03-26 17:48:57.655  5391  5954 I SECIMSJ : [6045]< 101
03-26 17:48:57.655  5391  5954 I StackIF : processResponse: reqId 101
03-26 17:48:57.655  5391  5954 I StackIF : processResponse: handle -1 result 0 reason 0
03-26 17:48:57.655  5100  5609 I DateTimeView: updateAll - getTimeFormat
03-26 17:48:57.656  5100  5100 I VRI[KeyguardBiometricToastView]@3c80f3a: setView = com.android.keyguard.biometrics.KeyguardBiometricToastView@d49e665 IsHRR=false mFlingFrameRateChange=0 TM=true
03-26 17:48:57.656  5100  5100 D PickupController: onStartedWakingUp()
03-26 17:48:57.656  5100  5100 D PluginLockMediatorImpl: onStartedWakingUp: reason = 6
03-26 17:48:57.656  5100  5609 D QSClockBellTower: onReceive(android.intent.action.TIME_TICK) mTimeZoneString:Asia/Yekaterinburg
03-26 17:48:57.656  5100  5100 I DymLock|DynamicLockManager: onStartedWakingUp : dls_state = 2
03-26 17:48:57.656  2235  2400 I HYPER-HAL: [RequestManager.cpp]releaseLocked(): Released ID : 31035410
03-26 17:48:57.656  2235  2400 I HYPER-HAL: [RequestManager.cpp]acquire(): Acquired ID : 796661247  [2238 / 37677]    HINT :      list : [TID_LOW_LATENCY / 0] [TID / 5234] [TID / 5235] [TID / 5100] [TID / 5236]
03-26 17:48:57.656  2235  2400 I HYPER-HAL: [RequestManager.cpp]releaseLocked(): Released ID : 796661247
03-26 17:48:57.656  2235  2400 I HYPER-HAL: [RequestManager.cpp]acquire(): Acquired ID : 796701164  [2238 / 37678]    HINT :      list : [UCLAMP_MIN_BOOST / 0] [TIMEOUT / 50] [TID / 5234] [TID / 5235] [TID / 5100] [TID / 5236]
03-26 17:48:57.656  8899  8899 I Notification4Watch7_NB: PhoneStatusBroadcastReceiver.onReceive-action: android.intent.action.SCREEN_ON
03-26 17:48:57.656  3205  4837 D MotionRecognitionService:   .isMotionEngineEnabled : true
03-26 17:48:57.656  3205  4837 D MotionRecognitionService: SCREEN_ON END
03-26 17:48:57.657  3205  3205 E PocketModeEvent: ACTION_SCREEN_ON(by 6)
03-26 17:48:57.657  3205  4840 D PocketModeEvent: MSG_TYPE_SCREEN_ON
03-26 17:48:57.657  5100  5100 I VRI[NotificationShade]@8cde695: ViewPostIme key 1
03-26 17:48:57.657  5100  5100 D CentralSurfaces: interceptRestKey isRestKey=true event=KeyEvent { action=ACTION_UP, keyCode=KEYCODE_HOME, scanCode=0, metaState=0, flags=0x0, repeatCount=0, eventTime=239436301000000, downTime=239436301000000, deviceId=-1, source=0x101, displayId=-1 }, state=1, isDozing=true
03-26 17:48:57.657  8899  9585 I Notification4Watch7_NB: PhoneStatus.onScreenStateChanged-isOn: true
03-26 17:48:57.657  5100  5100 D CentralSurfaces: interceptRestKey : ignore screen on ACTION_UP
03-26 17:48:57.657  8899  9585 E Notification4Watch7_NB: WatchFactory.getWatch-lastConnectedNodeId is null
03-26 17:48:57.657  2224  2224 I sensors-hal: acquire_qsh_interface:140, acquire_qsh_interface with sensor_id 21 , conn_type 3
03-26 17:48:57.657  5100  5100 D BackActionInteractor: registerBackCallback
03-26 17:48:57.657  5100  5100 D BriefViewController: [BriefLog]_isScreenOn true
03-26 17:48:57.657  7931  7931 I [MCFDs]_IntentUtil: emitToConsumer - (SCREEN_STATE) ACTION_ID_SCREEN_ON, consumer size=2
03-26 17:48:57.657  7931  7931 I [MCFDs]_ContextManager: onContextChanged - DEVICE STATE : LOCKED
03-26 17:48:57.658  7931  7931 W [MCFDs]_CommunicationManager: updateContext - ignore - Bluetooth is off
03-26 17:48:57.658  9624  9624 I CAMERA_CONTROLLER: [2]ScreenOnOff.onReceive():48 - onReceive : android.intent.action.SCREEN_ON
03-26 17:48:57.658  2196  2353 E minksocket: MinkIPC ERROR: ( 2196:2353 ) MinkIPC_preProcess:272 Client down, but cannot find corresponding minksession
03-26 17:48:57.658  9066  9066 I Receiver_Screen: onReceive:  in=1774529337658
03-26 17:48:57.658  9066  9066 I Receiver_Screen: onReceive: ACTION_SCREEN_ON
03-26 17:48:57.658  9066  9066 I Receiver_Screen: onReceive: out in millis= 0
03-26 17:48:57.659  2196  2353 E minksocket: MinkIPC ERROR: ( 2196:2353 ) MinkIPC_preProcess:272 Client down, but cannot find corresponding minksession
03-26 17:48:57.659  2196  2353 E minksocket: MinkIPC ERROR: ( 2196:2353 ) MinkIPC_preProcess:272 Client down, but cannot find corresponding minksession
03-26 17:48:57.659  2224  2224 I sensors-hal: qsh_qmi:34, qsh_qmi
03-26 17:48:57.659  9066 11291 I DatabaseManager: insert data finished for 2026-03-26 17:48:57 in  0
03-26 17:48:57.659  2224  2224 I sensors-hal: send_sensor_config_request:652, dt=auto_brightness: convert sample_period=50000000 to batch_period=50000
03-26 17:48:57.659  2224  2224 I sensors-hal: send_sync_sensor_request:515, send sync request
03-26 17:48:57.659  2224  2224 I sensors-hal: send_sync_sensor_request:544, wait for notification of response
03-26 17:48:57.659  2196  2349 E minksocket: MinkIPC ERROR: ( 2196:2349 ) MinkIPC_preProcess:272 Client down, but cannot find corresponding minksession
03-26 17:48:57.659  2196  2349 E minksocket: MinkIPC ERROR: ( 2196:2349 ) MinkIPC_preProcess:272 Client down, but cannot find corresponding minksession
03-26 17:48:57.659  2196  2349 E minksocket: MinkIPC ERROR: ( 2196:2349 ) MinkIPC_preProcess:272 Client down, but cannot find corresponding minksession
03-26 17:48:57.659  2196  2349 E minksocket: MinkIPC ERROR: ( 2196:2349 ) MinkIPC_preProcess:272 Client down, but cannot find corresponding minksession
03-26 17:48:57.659  2196  2353 E minksocket: MinkIPC ERROR: ( 2196:2353 ) MinkIPC_preProcess:272 Client down, but cannot find corresponding minksession
03-26 17:48:57.659  3205  3205 D SemWifiApIntentHandler: rcvd:android.intent.action.SCREEN_ON
03-26 17:48:57.659  3205  4958 D SemWifiApPowerSaveImpl: Lcd ON
03-26 17:48:57.660  3205  4958 D SemWifiApPowerSaveImpl: sendMessage cmd: POWER_STATE_MACHINE_STATE_COMMANDS
03-26 17:48:57.660  3205  4958 D SemWifiApSmartBleScanner: Screen is ON, restarting scanning
03-26 17:48:57.660  3205  3205 D SemWifiApPowerSaveImpl:  DefaultState CMD_LCD_ON  rt=239436352/591561647 0 0
03-26 17:48:57.660  3205  4958 I SemWifiApAdvancedAutohotspotService:  Screen ON
03-26 17:48:57.660 15907 15982 I BCMGR[11.2.04.4]: BleScanHelper] directStopLeScan - stopScan
03-26 17:48:57.660 15907 15982 I BCMGR[11.2.04.4]: BleScanHelper] handleStartScan - startScan filter(SCREEN_ON) size=15
03-26 17:48:57.660  3205  5847 D BluetoothAdapter: isLeEnabled(): BLE_ON
03-26 17:48:57.660  3205  5847 D BluetoothLeScanner: Stop Scan with callback
03-26 17:48:57.660  3205  5890 I SemWifiApAdvancedAutohotspotService: got: CMD_SCREEN_ON
03-26 17:48:57.660  3205  5890 D SemWifiApAdvancedAutohotspotService: prev history :1
03-26 17:48:57.660  3205  5890 D SemWifiApSmartGattClient: mHotspotVersion value : 2
03-26 17:48:57.660  3205  5890 I SemWifiApAdvancedAutohotspotService: getAdvnacedConnectionSetting() : 2
03-26 17:48:57.660  3205  8263 D SemHostapdHalAidlImpl: ISehHostapd command: GET_CHANNEL
03-26 17:48:57.660 14421 14421 I hostapd : sehSendCommand
03-26 17:48:57.660 14421 14421 I hostapd : doDriverCommand
03-26 17:48:57.660 14421 14421 I hostapd : IHostapd iface swlan0
03-26 17:48:57.660 14421 14421 I hostapd : found interface swlan0
03-26 17:48:57.660 15907 15982 E BCMGR[11.2.04.4]: BleScanHelper] getMyScanPreferences - MHS case.
03-26 17:48:57.660  2224 11292 I sensors-hal: qsh_conn_resp_cb:972, resp_value = 0 for auto_brightness
03-26 17:48:57.660  2224  2224 I sensors-hal: send_sync_sensor_request:550, takes 1 ms to receive the response with 0
03-26 17:48:57.660  2224  2224 I sensors-hal: activate:286, [SSC_LIGHT] auto_brightness activate
03-26 17:48:57.660  2224  2224 I sensors-hal: activate:335, com.samsung.sensor.auto_brightness/1651 en=1 completed
03-26 17:48:57.660  5100  5100 D NowBarController: [BriefLog]_do not updateRemoteNowBar: showing false
03-26 17:48:57.660  5100  5100 D SecLifecycle: wakefulness=1
03-26 17:48:57.660  5100  5100 I AODAmbientWallpaperHelper: onStartedWakingUp
03-26 17:48:57.660  5100  5100 D AODAmbientWallpaperHelper: isWonderLandAmbientWallpaper: isFolded=true, isMainWonderLandWallpaper=false, isSubWonderLandWallpaper=false
03-26 17:48:57.660 18349 18349 I D_FME:[OfflineFindingEventReceiver]: Receive : android.intent.action.SCREEN_ON
03-26 17:48:57.661  3205  3489 D SensorManager: registerListener :: 1651, STK33F11 Auto Brightness Light  Non-wakeup, 50000, 0, com.android.server.display.AutomaticBrightnessController$3@9b953d
03-26 17:48:57.661  3205  4925 D SensorManager: registerListener :: 51, STK33F11 Light Ambient Light Sensor Non-wakeup, 200000, 0, com.android.server.biometrics.log.ALSProbe$1@84004a0
03-26 17:48:57.661 18349 18373 I D_FME:[OfflineFindingService]: handle Command : android.intent.action.SCREEN_ON
03-26 17:48:57.661  5100  5100 D FaceWidgetViewModel: onStartedWakingUp()
03-26 17:48:57.661  5100  5100 D FaceWidgetWakefulnessLifecycle: onStartedWakingUp
03-26 17:48:57.661  5100  5100 I NowBarItemManager: notifyForceUpdate
03-26 17:48:57.661  5100  5100 I NowBarCardViewModel: updateView isCollapsed = true screenOn=true
03-26 17:48:57.661  5100  5100 E NowBarCardStackView: getTopCard topCard is null view size = 0
03-26 17:48:57.661  5100  5100 I PluginFaceWidgetManager: isEditMode = false
03-26 17:48:57.661  5100  5100 I NowBarItemManager: getVisibleList isScreenTurnedOn = true / aodShowState false shouldControlScreenOff false visibleList size = 1
03-26 17:48:57.661  5100  5100 I NowBarItemManager: visibleList idx=0, , AI_BRIEF_KEY, AI_BRIEF | 7
03-26 17:48:57.661  5100  5100 I NowBarCardViewModel: setVisibility visible = 0 / nowBarRootVisibility = 0
03-26 17:48:57.661  5100  5100 I NowBarItemManager: getVisibleList isScreenTurnedOn = true / aodShowState false shouldControlScreenOff false visibleList size = 1
03-26 17:48:57.661  5100  5100 I NowBarItemManager: visibleList idx=0, , AI_BRIEF_KEY, AI_BRIEF | 7
03-26 17:48:57.661  5100  5100 I NowBarCardStackView: refreshAllViews itemList 1 aod.o5.s:71 aod.Sw0.B:16 com.samsung.android.app.facewidget.utils.NowBarCardStackView.m:14 com.samsung.android.app.facewidget.presentation.NowBarCardViewModel.x:174 com.samsung.android.app.facewidget.presentation.NowBarCardViewModel.j:38 com.samsung.android.app.facewidget.domain.NowBarItemManager.k:31 aod.nj0.d:24 com.samsung.android.app.facewidget.FaceWidgetViewModel.onStartedWakingUp:43 com.samsung.android.app.facewidget.plugin.PluginKeyguardStatusViewImpl.onStartedWakingUp:4 java.lang.reflect.Method.invoke:-2 com.android.systemui.plugins.annotations.VersionCheckingProxy.invoke:100 java.lang.reflect.Proxy.invoke:1006 $Proxy7.onStartedWakingUp:-1 com.android.systemui.facewidget.plugin.FaceWidgetWakefulnessLifecycleWrapper$1.onStartedWakingUp:7 com.android.systemui.keyguard.WakefulnessLifecycle$$ExternalSyntheticLambda0.accept:24
03-26 17:48:57.661  5291  5291 I SprWallpaper|LayeredController_PL: onDisplayStateChanged : ON
03-26 17:48:57.661  5100  5100 E NowBarCardStackView: getTopCard topCard is null view size = 0
03-26 17:48:57.661  5291  5291 I SprWallpaper|LayeredController_PH: onDisplayStateChanged : ON
03-26 17:48:57.661  5100  5100 I NowBarCardStackView: refreshAllViews topcard is null
03-26 17:48:57.661  5100  5100 I NowBarCardStackView: refreshAllViews prev = 0 / new = 1   ==> (idx=0 , AI_BRIEF_KEY, AI_BRIEF | 7)
03-26 17:48:57.661  5100  5100 E NowBarCardStackView: getTopCard topCard is null view size = 0
03-26 17:48:57.661  5552 21890 I HoneySpace.SystemUiRepository: systemUiFlags: overview_disabled|home_disabled|navbar_hidden|notif_expanded|keygrd_visible|device_dozing|wakefulness_transition|awake|notif_visible
03-26 17:48:57.661  5552  5616 I HoneySpace.TaskbarEventTracker: invokeEvent() called with: event = SystemUiStateChanged(stateFlags=1881145798)
03-26 17:48:57.661  5100  5138 D BiometricStatusRepositoryImpl: authenticationState updated: Started(biometricSourceType=FACE, requestReason=DeviceEntryAuthentication)
03-26 17:48:57.662  5901  5917 I bt_shim_scanner: system/main/shim/le_scanning_manager.cc:135 RegisterScanner: in shim layer, UUID=d07c5264-11e8-4dfb-959c-8ac2c0864fe7
03-26 17:48:57.662  3205  5028 D SemInputDeviceManagerService: setDisplayState[1] EARLY: DOZE_SUSPEND(4) -> ON(2)
03-26 17:48:57.662  5100  5100 I NowBarCardStackView: makeNowBarCardView item = NowBarItem{notiID=, nowBarKey='AI_BRIEF_KEY, nowBarPackage='com.android.systemui.aibrief, nowBarViewStyle=7, userId=-10000, pendingIntent=null, pendingIntentOnSubScreen=PendingIntent{e608ede: android.os.BinderProxy@c495835}, chipIcon=null, expandedChipView=null, chipBackground=1, actions=null, actionBgColors=null, primaryActionNum=0, cardIcon=null, cardIconBg=1, primaryInfo=', primaryInfoColor=1, secondaryInfo=', secondaryInfoColor=0, moreInfo=', customExpandedCardView=null, cardBackground=1, faceWidgetMediaData=null, expandedChipText=, chronometerView=null, chronometerViewOnSubScreen=null, chronometerTag=null, shouldRemoveCard=false, contentViewForNormalCard=com.android.systemui.aibrief.ui.BriefNowBarView{104c333 V.E...... ......ID 0,0-635,163 #7f0a00c9 app:id/ai_brief_now_bar_container}, contentViewForExpandCardOnSubScreen=android.widget.FrameLayout{ef2d6f0 V.E...... ......ID 0,0-0,0 #7f0a0d8a app:id/suggestion_container}, contentViewForNormalCard=com.android.systemui.aibrief.ui.BriefNowBarView{104c333 V.E...... ......ID 0,0-635,163 #7f0a00c9 app:id/ai_brief_now_bar_container}, contentViewForExpandCardOnSubScreen=android.widget.FrameLayout{ef2d6f0 V.E...... ......ID 0,0-0,0 #7f0a0d8a app:id/suggestion_container}} convertView null parent com.samsung.android.app.facewidget.utils.NowBarCardStackView{5877158 VFE...... ........ 0,0-0,0 #7f0a1ea8 app:id/card_stack_container}
03-26 17:48:57.662  2224  2224 I sensors-hal: set_config:60, sample_period_ns is adjusted to 20000000 based on min/max delay_ns
03-26 17:48:57.662  5901  6194 W bluetooth: system/gd/hci/le_scanning_manager.cc:650 register_scanner: register_scanner
03-26 17:48:57.662  3205  7805 D SyntheticPasswordManager.SDP: Inside fromBytes() - result.pinLength : -1
03-26 17:48:57.662  2224  2224 I sensors-hal: send_sensor_config_request:582, resampler is used, set resampler config
03-26 17:48:57.662  3205  7805 D SyntheticPasswordManager.SDP: 2. result.secureMode : 0
03-26 17:48:57.662  2224  2224 I sensors-hal: send_sync_sensor_request:515, send sync request
03-26 17:48:57.662  2224  2224 I sensors-hal: send_sync_sensor_request:544, wait for notification of response
03-26 17:48:57.662  5100  5100 W Settings: Setting accessibility_reduce_transparency has moved from android.provider.Settings.System to android.provider.Settings.Global, returning read-only value.
03-26 17:48:57.662  5100  5100 W Settings: Setting accessibility_reduce_transparency has moved from android.provider.Settings.System to android.provider.Settings.Global, returning read-only value.
03-26 17:48:57.662  3205  4920 D SemInputDevice:TSP: ActivateTask: 2,0 [03-26 17:48:57.662]
03-26 17:48:57.662  3205  4822 I SemInputCommandService: setPropertyAllTouch: FOD,1,1,0,0 retDefault=1 retExtra=-2
03-26 17:48:57.663  2295  2295 D SurfaceFlinger: Setting power mode 2 on physical display 4630947191136750483
03-26 17:48:57.663  2295  2295 D SurfaceFlinger: setPhysicalDisplayPowerMode: Optimizing thread scheduling: optimizeForPerformance
03-26 17:48:57.663  5291  6145 I SprWallpaper|LayeredController_PL: setLayerAnimation : isDozeAfterScreenOff = true , isLockScreenDisabled = false
03-26 17:48:57.663  5291  6145 I SprWallpaper|LayeredController_PL: setWakingUpAnimation : false, 1 , 0 , true
03-26 17:48:57.663  5291  6145 I SprWallpaper|LayeredImageLayer_PL_background: setLayerAnimation : toScale=1.0
03-26 17:48:57.663  5291  6145 I SprWallpaper|LayeredImageLayer_PL_object: setLayerAnimation : toScale=1.0
03-26 17:48:57.663  5291  5291 I SprWallpaper|LayeredController_PL: setLayerAnimation : start
03-26 17:48:57.664  2249  2839 I SDM     : SDMDisplay::SetPowerMode: display = 0, mode = 2
03-26 17:48:57.664  2249  2839 I SDM     : DisplayBase::SetDisplayState: Set state = 1, display 16777284-0, teardown = 0
03-26 17:48:57.664  2249  2839 I SDM     : HWPeripheralDRM::SetPanelFeature: Set Panel feature property 14
03-26 17:48:57.664  9624 10092 W JobInfo : Requested important-while-foreground flag for job32244 is ignored and takes no effect
03-26 17:48:57.664  2249  2839 I SDM     : HWDeviceDRM::NullCommit: Null commit succeeded crtc=203
03-26 17:48:57.664  3205  4925 D WallpaperManager: semGetWallpaperColors: which = 2
03-26 17:48:57.664  2249  2839 I SDM     : AIScalerFeatureIntfImpl::LookupConfig: Scale ratio = 1.780000
03-26 17:48:57.664  2249  2839 I SDM     : AIScalerParserIntfImpl::LookupConfig: Scale Ratio Match Found Here
03-26 17:48:57.664  2249  2839 I SDM     : DisplayBase::WaitForCompletion: Wait for cached retire fence to be in steady state
03-26 17:48:57.664  3205  3205 D SLocation: DeviceStatusNotifyManager - broadcastReceiver.onReceive start 591561652
03-26 17:48:57.664  2258  2292 I sysinput:aidl: onReportInformation:93, 1, enabled@2,0:0
03-26 17:48:57.664  3205  3205 D SLocation: DeviceStatusNotifyManager - broadcastReceiver.onReceive end 591561652
03-26 17:48:57.664  5901 31800 I bt_shim_scanner: system/main/shim/le_scanning_manager.cc:141 Unregister: in shim layer, scannerId=1
03-26 17:48:57.664  5901  6194 W bluetooth: system/gd/hci/le_scanning_manager.cc:697 unregister_scanner: unregister_scanner
03-26 17:48:57.664  3205  5847 D SemWifiApSmartBleScanner: Stopped scanning
03-26 17:48:57.665  2233 15343 I SehSession: SehSession::setFaceTag
03-26 17:48:57.665  2233 15343 I sec_fr_FaceAIDLService: FaceAIDLService::setFaceTag (tagId=1)
03-26 17:48:57.665  2233 15343 I sec_fr_NativeFaceService: setFaceTag : tagId(1)
03-26 17:48:57.665  2224  8646 I sensors-hal: qsh_conn_resp_cb:972, resp_value = 0 for accel
03-26 17:48:57.665  2258  2292 I sysinput:Touch1: operator():133, 2,0 OK
03-26 17:48:57.665  3205  4925 I SemDvfsHyPerManager: acquire hyper - GFACE_SERVICE/3205@988, type = -999
03-26 17:48:57.665  2224  2224 I sensors-hal: send_sync_sensor_request:550, takes 2 ms to receive the response with 0
03-26 17:48:57.665  2224  2224 I sensors-hal: batch:368, android.sensor.accelerometer/11, period=20000000, max_latency=200000000 request completed
03-26 17:48:57.665  2235  2400 I HYPER-HAL: [RequestManager.cpp]acquire(): Acquired ID : 8793709  [3205 / 988]    HINT : BIOMETRICS_FACE_AUTH    list :
03-26 17:48:57.665  2224  2224 I sensors-hal: flush:388, android.sensor.accelerometer/11
03-26 17:48:57.666  2224  2224 I sensors-hal: send_sync_sensor_request:515, send sync request
03-26 17:48:57.666  2224  2224 I sensors-hal: send_sync_sensor_request:544, wait for notification of response
03-26 17:48:57.666  2251  2425 E PERFHAL-REQUEST: PERFHAL-REQUEST: Process() 384: Translate to physical failed
03-26 17:48:57.666  5901  5917 E BluetoothUtils: Need ACCESS_FINE_LOCATION permission for AttributionSource { uid = 1002, packageName = com.android.bluetooth, attributionTag = null, token = android.os.Binder@dde2ac4, deviceId = 0, next = AttributionSource { uid = 5006, packageName = com.samsung.android.beaconmanager, attributionTag = null, token = android.os.BinderProxy@2af0335, deviceId = 0, next = null } }
03-26 17:48:57.666  2224  8646 I sensors-hal: qsh_conn_resp_cb:972, resp_value = 0 for accel
03-26 17:48:57.666  2224  2224 I sensors-hal: send_sync_sensor_request:550, takes 0 ms to receive the response with 0
03-26 17:48:57.666  2224  2224 I sensors-hal: flush:394, android.sensor.accelerometer/11 completed
03-26 17:48:57.666  3205  4840 D SensorManager: registerListener :: 11, lsm6dsv_0 Accelerometer Non-wakeup, 200000, 0, com.samsung.android.gesture.PocketMotionManager$1@13135f3
03-26 17:48:57.666  3205  4840 D PocketMotionManager: register acc sensor
03-26 17:48:57.666 18349 18373 I D_FME:[CFDvcDBHandler      ]: init CFDevice from database : 923
03-26 17:48:57.667  3205  4840 D SemContextService: lock : registerCallback
03-26 17:48:57.667  3205  4840 D SemContextService: 	.registerCallback : 9, client= android
03-26 17:48:57.667  3205  4840 D SemContextService: unlock : registerCallback
03-26 17:48:57.667  3205  4840 D SemContextManager:   .registerListener : listener = com.samsung.android.gesture.PocketMotionManager@95caa28, service=Activity Tracker
03-26 17:48:57.667  3205  4840 E PocketMotionManager: register activity tracker
03-26 17:48:57.667  3205  4920 D SysinputHAL_AIDL: activate(TSP(1)),2,0 ret=0
03-26 17:48:57.667  3205  4920 D SemInputDevice:TSP: SetPropertyTask: CMD,fod_enable,1,1,0,0 [03-26 17:48:57.662]
03-26 17:48:57.667  3205  4840 D SemContextService: lock : requestToUpdate
03-26 17:48:57.667  3205  4840 W CAE     : getContextInfo(ContextAwareService.java:419) - [getContext 01] Mutex is locked for ACTIVITY_TRACKER_CURRENT_INFO
03-26 17:48:57.667  3205  4840 W CAE     : getListener(ListenerListManager.java:127) - [getListener1]  com.samsung.android.contextaware.ContextAwareManager$CaListenerDelegate@f4f04f8
03-26 17:48:57.667  3205  4840 W CAE     : getListener(ListenerListManager.java:128) - [getListener2]  com.samsung.android.contextaware.manager.ContextAwareService$Listener@76c445b
03-26 17:48:57.667  3205  4840 V CAE     : enable(ActivityTrackerCurrentInfoRunner.java:178)
03-26 17:48:57.667  3205  4840 V CAE     : clear(ActivityTrackerCurrentInfoRunner.java:202)
03-26 17:48:57.668  3205  5307 I SLocation: DeviceStatusNotifyManager - received action : android.intent.action.SCREEN_ON, package : null
03-26 17:48:57.668  5901  7041 I bt_shim_scanner: system/main/shim/le_scanning_manager.cc:151 Scan: in shim layer stopped
03-26 17:48:57.668  9624 10281 I CAMERA_CONTROLLER: [73]ScreenOnOffWorker.doWork():68 - Coroutine ScreenOnOffWorker Received action=android.intent.action.SCREEN_ON
03-26 17:48:57.668  5901  6194 W bluetooth: system/gd/hci/le_scanning_manager.cc:716 scan: address_manager_registered_
03-26 17:48:57.668  5901  6194 W bluetooth: system/gd/hci/le_scanning_manager.cc:768 stop_scan: stop_scan
03-26 17:48:57.668  5901  6194 I bluetooth: system/gd/hci/le_address_manager.cc:278 unregister_client: Client unregistered
03-26 17:48:57.668  5901  6194 I bluetooth: system/gd/hci/le_address_manager.cc:293 unregister_client: Cancelled address rotation alarm
03-26 17:48:57.668  2218  2306 D vendor.qti.bluetooth@1.0-ibs_handler: SerialClockVote: vote for UART CLK ON
03-26 17:48:57.668  9624 10281 I CAMERA_CONTROLLER: [73]ProviderServiceImpl.receiveScreenOnEvent():4
03-26 17:48:57.668  9624 10281 I CAMERA_CONTROLLER: [73]ProviderServiceImpl.receiveScreenOnEvent():14 - needLaunchCamera = false
03-26 17:48:57.668  5901  7041 I bt_shim_scanner: system/main/shim/le_scanning_manager.cc:197 ScanFilterParamSetup: in shim layer, clientIf=1
03-26 17:48:57.669  9624 10281 I CAMERA_CONTROLLER: [73]a.n():2 - Screen locked
03-26 17:48:57.669  9624 10281 I CAMERA_CONTROLLER: [73]a.n():2
03-26 17:48:57.669  3205  3380 D SensorManager: registerListener :: 51, STK33F11 Light Ambient Light Sensor Non-wakeup, 250000, 0, com.android.server.display.mode.DisplayModeDirector$BrightnessObserver$LightSensorEventListener@fb36d84
03-26 17:48:57.669  5100  5100 W Settings: Setting accessibility_reduce_transparency has moved from android.provider.Settings.System to android.provider.Settings.Global, returning read-only value.
03-26 17:48:57.669  5100  5100 W Settings: Setting accessibility_reduce_transparency has moved from android.provider.Settings.System to android.provider.Settings.Global, returning read-only value.
03-26 17:48:57.669  3205  3380 I InputManager-JNI: Viewport [0] to add: local:4630947191136750483, isActive: true
03-26 17:48:57.669  5100  5100 W Settings: Setting accessibility_reduce_transparency has moved from android.provider.Settings.System to android.provider.Settings.Global, returning read-only value.
03-26 17:48:57.669  3205  3380 D InputManager-JNI: Viewport [0] type:1, displayId=0, uniqueId=local:4630947191136750483, orientation=0, logicalFrame=[0, 0][1080, 2340], physicalFrame=[0, 0][1080, 2340], deviceSize=[1080, 2340]
03-26 17:48:57.669  3205  6415 D LiftUpHandler:   mReceiver.onReceive : ACTION_SCREEN_ON
03-26 17:48:57.669  5100  5100 I NowBarExternalViewCardView@149: refreshValuesByNowbarItem expandContentRootView android.widget.FrameLayout{c3a3618 G.E...... ......ID 0,0-1080,2340 #7f0a217a app:id/fullscreen_now_bar_parent_container_for_ai}
03-26 17:48:57.669  5100  5100 I NowBarExternalViewCardView@149: refreshConfigureValues landscape = false normalCardWidth = 635.04 normalCardHeight = 163.8
03-26 17:48:57.669  3205  4836 D SensorService: setSContextDataLocked ints length 2 , byte length 4
03-26 17:48:57.669  3205  4836 D SensorService: setSContextDataLocked 11ab8
03-26 17:48:57.669  5100  5100 I NowBarExternalViewCardView@149: applyCardContent NowBarItem{notiID=, nowBarKey='AI_BRIEF_KEY, nowBarPackage='com.android.systemui.aibrief, nowBarViewStyle=7, userId=-10000, pendingIntent=null, pendingIntentOnSubScreen=PendingIntent{e608ede: android.os.BinderProxy@c495835}, chipIcon=null, expandedChipView=null, chipBackground=1, actions=null, actionBgColors=null, primaryActionNum=0, cardIcon=null, cardIconBg=1, primaryInfo=', primaryInfoColor=1, secondaryInfo=', secondaryInfoColor=0, moreInfo=', customExpandedCardView=null, cardBackground=1, faceWidgetMediaData=null, expandedChipText=, chronometerView=null, chronometerViewOnSubScreen=null, chronometerTag=null, shouldRemoveCard=false, contentViewForNormalCard=com.android.systemui.aibrief.ui.BriefNowBarView{104c333 V.E...... ......ID 0,0-635,163 #7f0a00c9 app:id/ai_brief_now_bar_container}, contentViewForExpandCardOnSubScreen=android.widget.FrameLayout{ef2d6f0 V.E...... ......ID 0,0-0,0 #7f0a0d8a app:id/suggestion_container}, contentViewForNormalCard=com.android.systemui.aibrief.ui.BriefNowBarView{104c333 V.E...... ......ID 0,0-635,163 #7f0a00c9 app:id/ai_brief_now_bar_container}, contentViewForExpandCardOnSubScreen=android.widget.FrameLayout{ef2d6f0 V.E...... ......ID 0,0-0,0 #7f0a0d8a app:id/suggestion_container}}
03-26 17:48:57.669  5100  5100 I NowBarExternalViewCardView@149: applyCardContent contentViewForNormalCard com.android.systemui.aibrief.ui.BriefNowBarView{104c333 V.E...... ......ID 0,0-635,163 #7f0a00c9 app:id/ai_brief_now_bar_container} / contentViewForExpandCard android.widget.FrameLayout{ef2d6f0 V.E...... ......ID 0,0-0,0 #7f0a0d8a app:id/suggestion_container} / ongoingExpandView null
03-26 17:48:57.669  2224  2224 I sensors-hal: inject_sensor_data:412, handle 1502 send inject
03-26 17:48:57.669  5100  5100 W Settings: Setting accessibility_reduce_transparency has moved from android.provider.Settings.System to android.provider.Settings.Global, returning read-only value.
03-26 17:48:57.669  2224  2224 I sensors-hal: sendContextData:303, sensor hal 4, (0xb8, 0x1a, 0x1, 0x0)
03-26 17:48:57.669  2224  2224 I sensors-hal: sendContextData:206, activities 4 b8, 1
03-26 17:48:57.669  5100  5100 W Settings: Setting accessibility_reduce_transparency has moved from android.provider.Settings.System to android.provider.Settings.Global, returning read-only value.
03-26 17:48:57.669  2224  2224 I sensors-hal: sendUserData:227, Activities cmd 0xb8 0x1a
03-26 17:48:57.669  2224  2224 I sensors-hal: create_send_context_data:45, sending create_send_context_data
03-26 17:48:57.669  3205  6415 D LiftUpHandler: [LTW] Stopping by Screen On.
03-26 17:48:57.669  2224  2224 I sensors-hal: send_context_data:701, activities, 4914309220830019584, 1320970896291267344, msgid:700
