03-26 17:48:35.420  2256 11076 I Unihal  : ScenarioManager.cpp: IsAllowed3rdParty: 2198: VDIS is supported by HAL
03-26 17:48:35.420  2256 11076 I Unihal  : ScenarioManager.cpp: IsSupported3rdPartyApp: 1555: SAMSUNG_ANDROID_CONTROL_UNIHAL_ENABLE_MODE doesn't exist.
03-26 17:48:35.420  2256 11076 I Unihal  : ScenarioManager.cpp: IsSupported3rdPartyIQSegmentation: 1324: 3rdParty IQ Segmentation supported: FALSE
03-26 17:48:35.420  2256 11076 I Unihal  : ScenarioManager.cpp: IsSupported3rdPartyMoire: 1298: 3rdParty Moire supported: FALSE
03-26 17:48:35.420  2256 11076 I Unihal  : ScenarioManager.cpp: IsSupported3rdPartyVDIS: 985: VDIS is not supported, since VDIS modes are not available.
03-26 17:48:35.420  2256 11076 I Unihal  : ScenarioManager.cpp: IsSupported3rdPartyAutoFramingLite: 2053: PARAMETER_SAMSUNG_EXTRA_UNIHAL_ENABLE_MODE doesn't exist
03-26 17:48:35.420  2256 11076 I Unihal  : ScenarioManager.cpp: IsAllowed3rdParty: 2543: 3rd-party bypass is applied to this application.
03-26 17:48:35.420  2256 11076 I Unihal  : ScenarioManager.cpp: FindScenarioInfo: 2579: Scenario Lib Path : /vendor/lib64/unihal_scenario.so
03-26 17:48:35.420  2256 11076 I Unihal  : ScenarioManager.cpp: FindScenarioInfo: 2686: High resolution mode(0)
03-26 17:48:35.420  2256 11076 I Unihal  : ScenarioManager.cpp: FindScenarioInfo: 2743: Current shootingMode=0x0001000c(UNI_SHOOTING_MODE_3RD_PARTY_BYPASS), cameraId=4(FRONT_UW)
03-26 17:48:35.420  2256 11076 I Unihal  : ScenarioManager.cpp: FindScenarioInfo: 2751: No Scenario is found for shootingMode(UNI_SHOOTING_MODE_3RD_PARTY_BYPASS)
03-26 17:48:35.420  5100  5100 I NowBarExternalViewCardView@861: applySettingCardLayout 0 / , AI_BRIEF_KEY, AI_BRIEF | 7 / settingCardView com.samsung.android.app.facewidget.presentation.NowbarCardSettingView{811d224 V.E...... ......I. 0,0-0,0 #7f0a22d1 app:id/nowbar_card_settings_rootview}
03-26 17:48:35.420  3987  4009 D SemNativeCarrierFeature_vendor: getInstance
03-26 17:48:35.420  5100  5100 I NowBarExternalViewCardView@861: setCardSettingViewState state 0  isExpanded false needToAnimation false nowbarCardSettingView android.widget.FrameLayout{e5cef42 G.E...... ......I. 0,0-0,0 #7f0a241e app:id/setting_content_rootview} noAnimation false
03-26 17:48:35.420  5100  5100 I NowBarCardViewModel: onSettingViewVisibilityChanged visible = false / isCollapsed = true
03-26 17:48:35.420  5100  5100 D NotificationPanelView: setNowBarExpandMode() enabled = false, duration = 300, listener = null, mKeyguardSecBottomArea = com.android.systemui.statusbar.phone.KeyguardSecBottomAreaView{f81fb75 V.E...... ........ 0,0-1080,2340 #7f0a05fd app:id/keyguard_bottom_shortcut_area}
03-26 17:48:35.420  5100  5100 D KeyguardSecAffordanceView: setNowBarExpandMode interactive: false, mIsNowBarVisible: true, LeftShortcut
03-26 17:48:35.420  5100  5100 D KeyguardSecAffordanceView: setNowBarExpandMode interactive: false, mIsNowBarVisible: true, RightShortcut
03-26 17:48:35.420  5100  5100 D KeyguardIndication: setVisible() false in dozing
03-26 17:48:35.420  5100  5100 D KeyguardSecIndicationPolicy:  remove Item pos = DEFAULT, type =     LEGACY_TRANSIENT
03-26 17:48:35.420  5100  5100 D KeyguardSecIndicationController: addTrustAgentHelp false
03-26 17:48:35.420  5100  5100 D KeyguardSecIndicationPolicy:  remove Item pos = DEFAULT, type =     TRUST_AGENT_HELP
03-26 17:48:35.420  5100  5100 D KeyguardSecIndicationController: addUsbRestriction false/isSecure=true
03-26 17:48:35.420  3205  4866 W IPCThreadState: Sending oneway calls to frozen process.
03-26 17:48:35.420  5100  5100 D KeyguardSecIndicationPolicy:  remove Item pos = DEFAULT, type =      USB_RESTRICTION
03-26 17:48:35.420  5100  5100 D KeyguardSecIndicationController: addBatteryAndOwnerInfoIndication() battery status = BatteryStatus{status=2,level=35,plugged=2,chargingStatus=0,maxChargingWattage=-1,remaining=8017000ultraFastCharger=0}
03-26 17:48:35.421  5100  5100 D KeyguardSecIndicationPolicy:  add T Event pos = DEFAULT, type =              BATTERY, id =  6949, text =  35%
03-26 17:48:35.421  5100  5100 D KeyguardSecIndicationPolicy: 2 ч. 13 мин. до полной зарядки, duration = 3000
03-26 17:48:35.421  5100  5100 D KeyguardSecIndicationPolicy:   update top pos = DEFAULT, item = [id=6946|ty=BATTERY|pr=40|txt= 35%
03-26 17:48:35.421  5100  5100 D KeyguardSecIndicationPolicy: 2 ч. 13 мин. до полной зарядки|ti=duration=3000|an=false] -> [id=6949|ty=BATTERY|pr=40|txt= 35%
03-26 17:48:35.421  5100  5100 D KeyguardSecIndicationPolicy: 2 ч. 13 мин. до полной зарядки|ti=duration=3000|an=false]
03-26 17:48:35.421  5100  5100 D KeyguardSecIndicationController: onIndicationChanged() return - keyguard is not visible, pos = DEFAULT, item = [id=6949|ty=BATTERY|pr=40|txt= 35%
03-26 17:48:35.421  5100  5100 D KeyguardSecIndicationController: 2 ч. 13 мин. до полной зарядки|ti=duration=3000|an=false]
03-26 17:48:35.421  5100  5100 D KeyguardSecIndicationPolicy: update Event pos = DEFAULT, type =      BATTERY_RESTING, id =  6950, text =  35%
03-26 17:48:35.421  5100  5100 D KeyguardSecIndicationPolicy: 2 ч. 13 мин. до полной зарядки
03-26 17:48:35.421  5100  5100 D SecQuickSettingsAffordanceInteractor: setNowBarExpandMode enable = false
03-26 17:48:35.421  5100  5100 E NowBarCardViewModel: updateExpandedClickPanelVisibility screen on = true expanded false isTopCardSettingViewOpened = false
03-26 17:48:35.421  5100  5100 I NowBarCardStackView: updateCardVisibilityBySettingView isExpandedCardState = false  / settingViewOpened false
03-26 17:48:35.421  5100  5100 I NowBarCardStackView: startAiCardEffect needToHide = true
03-26 17:48:35.421  5100  5100 I NowBarGuidingEffect: hide effectLeftShortCut null effectNowBarCenterView null effectRightShortCut null centerCardView null
03-26 17:48:35.421  5100  5100 I NowBarExternalViewCardView@861: setCardSettingViewState skipped same cardState: 0
03-26 17:48:35.421  5100  5100 I NowBarCardStackView: updateCardVisibilityByExpandState false / viewMode = LOCKSCREEN
03-26 17:48:35.421  5100  5100 E NowBarCardViewModel: updateExpandedClickPanelVisibility screen on = true expanded false isTopCardSettingViewOpened = false
03-26 17:48:35.421  5100  5100 I NowBarItemManager: getVisibleList isScreenTurnedOn = true / aodShowState false shouldControlScreenOff false visibleList size = 1
03-26 17:48:35.421  5100  5100 I NowBarItemManager: visibleList idx=0, , AI_BRIEF_KEY, AI_BRIEF | 7
03-26 17:48:35.421  5100  5100 D DisplayLifecycle: updateDisplay id = 0
03-26 17:48:35.421  5100  5100 I Keyguard.AODTouchModeManager: onDisplayChanged newDisplayState=2, currentDisplayState=3, displayId=0
03-26 17:48:35.421  5336  6074 D SatelliteController: isInCarrierRoamingNbIotNtn: satellite is disabled
03-26 17:48:35.421  2256 11076 I Unihal  : ScenarioManager.cpp: CheckEnableCondition: 3055: Unihal is disabled. : isSamsungCamera=false, isFactoryTest=false, isGalaxyRaw = false, isAllowedUniHalPlus=false, isAllowed3rdParty=true, foundScenario=false, isValidStreamConfiguration=false, isSamsungVdisEnabled=false, isSamsungSelfieToneTo3rdParty=true, shootingMode=UNI_SHOOTING_MODE_3RD_PARTY_BYPASS
03-26 17:48:35.421  2233 11092 I sec_fr_PerformanceLog: [Performance Log] communicateTA (30463) us in sendTemplate
03-26 17:48:35.421  2256 11076 I Unihal  : FwkCaptureManager.cpp: Release: 165: Already released
03-26 17:48:35.421  2233 11092 I sec_fr_QSeeInterfaceSMCInvoke: sendSMCInvokeCommand Success
03-26 17:48:35.421  2233 11092 I sec_fr_QSeeInterfaceSMCInvoke: communicateTA Success
03-26 17:48:35.421  2233 11092 I sec_fr_QSeeEngine: checkCmdResult - return value from qsapp is 0
03-26 17:48:35.421  2233 11092 I sec_fr_FaceEngine: initAuth
03-26 17:48:35.421  2233 11092 I sec_fr_QSeeEngine: initAuthenticate_l
03-26 17:48:35.421  2233 11092 I sec_fr_QSeeInterfaceSMCInvoke: getSharedBuffer 496 , 8 , 516, SB size = 2
03-26 17:48:35.421  2233 11092 W sec_fr_QSeeEngine: invalid challenge length = 0
03-26 17:48:35.421  2233 11092 I sec_fr_QSeeInterfaceSMCInvoke: QSeeInterfaceSMCInvoke::call sendCommand for initAuthenticate_l
03-26 17:48:35.421  2233 11092 I sec_fr_QSeeInterfaceSMCInvoke: sendSMCInvokeCommand req_len = 496 , rsp_len = 8
03-26 17:48:35.421  2256 11076 I Unihal  : CameraHalUnit.cpp: ConfigureStreams: 342: Unihal is bypass mode in current scenario.
03-26 17:48:35.421  2256 11076 I Unihal  : CameraMetadata.cpp: Print: 238: [HAL][SESSION] 001/004 [0x812800A2] samsung.android.control.colorSpaceMode[1](INT32) : 0
03-26 17:48:35.421  2256 11076 I Unihal  : CameraMetadata.cpp: Print: 238: [HAL][SESSION] 002/004 [0x00010011] android.control.videoStabilizationMode[1](BYTE) : 0
03-26 17:48:35.421  2256 11076 I Unihal  : CameraMetadata.cpp: Print: 238: [HAL][SESSION] 003/004 [0x8128007F] samsung.android.control.recordingExtraMode[1](INT32) : 0
03-26 17:48:35.421  2256 11076 I Unihal  : CameraMetadata.cpp: Print: 238: [HAL][SESSION] 004/004 [0x8128000D] samsung.android.control.shootingMode[1](INT32) : 22
03-26 17:48:35.421  2256 11076 I Unihal  : CameraDevice.cpp: ConfigureStreams: 96: [UNIKPI][4] VndHAL->configure_streams: E
03-26 17:48:35.421  5100  5100 I AODTriggers: onAODEventDispatched = 4 / eventData = aod.e0@ef70344
03-26 17:48:35.421  5100  5100 I AOD_LIVE_CLOCK@LiveClockController: updateDisplayState: DISPLAY_STATE_ON
03-26 17:48:35.421  2233  7712 I sec_fr_NativeFaceService: onCameraCallback type =0 msg=0
03-26 17:48:35.422  5100  5100 I VRI[LockscreenShortcutBlur]@1ae602d: onDisplayChanged oldDisplayState=3 newDisplayState=2
03-26 17:48:35.422  5100  5100 I VRI[NavigationBar0]@74d8c: onDisplayChanged oldDisplayState=3 newDisplayState=2
03-26 17:48:35.422  5100  5100 I VRI[NotificationShade]@8cde695: onDisplayChanged oldDisplayState=3 newDisplayState=2
03-26 17:48:35.422  5100  5100 I VRI[StatusBar]@525534d: onDisplayChanged oldDisplayState=3 newDisplayState=2
03-26 17:48:35.422  5100  5100 I VRI[Bouncer]@be25ca: onDisplayChanged oldDisplayState=3 newDisplayState=2
03-26 17:48:35.422  5100  5100 I VRI[KeyguardBiometricToastView]@18b1939: onDisplayChanged oldDisplayState=3 newDisplayState=2
03-26 17:48:35.422  2256 11076 E CamX    : [ERROR][HAL    ] camxhaldevice.cpp:1533 CHIModuleInitialize() GetCameraId: 3 callback: 0xb40000759b17b738 cam3Device: 0xb40000759b17b690
03-26 17:48:35.422  2256 11076 I CHI     : [SS_INFO]: [SS_LOG_LEVEL]: 1, [DEVELOPER_LOG_LEVEL]: 0
03-26 17:48:35.422  2256 11076 I CHI     : [SS_LOW ]: [CHI         ]: chxextensionmodule.cpp: CheckIsAebEnableFor3rd: 29000: [AEB_DBG_3P] is3rdAEBClient=0, hasCaptureStream=1, chiCameraId=21, hasBinningStream=1, MultiRatioMode=0, hasLowResSnapshotStream=0
03-26 17:48:35.423  2256 11076 E ChiX    : [ERROR][CORE   ] chxextensionmodule.cpp:2713 SetHALOps() SetHALOps being set for CameraID:3 pHalOps: 0xb40000759b17b738
03-26 17:48:35.423  2256 11076 E ChiX    : [ERROR][CORE   ] chxextensionmodule.cpp:8514 InitializeOverrideSession() logicalCam: 3 pCamera3Device: 0xb40000759b17b690
03-26 17:48:35.423  5100  5100 D ClockFaceEvents: onTimeTick. callers : com.android.keyguard.ClockEventController$keyguardUpdateMonitorCallback$1.refreshTime:19
03-26 17:48:35.423  5100  5100 D ClockFaceEvents: com.android.keyguard.ClockEventController$keyguardUpdateMonitorCallback$1.onTimeChanged:1
03-26 17:48:35.423  5100  5100 D ClockFaceEvents: com.android.keyguard.KeyguardUpdateMonitor$16.handleMessage:732
03-26 17:48:35.423  5100  5100 D ClockFaceEvents: onTimeTick. callers : com.android.keyguard.ClockEventController$keyguardUpdateMonitorCallback$1.refreshTime:38
03-26 17:48:35.423  5100  5100 D ClockFaceEvents: com.android.keyguard.ClockEventController$keyguardUpdateMonitorCallback$1.onTimeChanged:1
03-26 17:48:35.423  5100  5100 D ClockFaceEvents: com.android.keyguard.KeyguardUpdateMonitor$16.handleMessage:732
03-26 17:48:35.423  5100  5100 D FaceWidgetPagesController: onTimeChanged()
03-26 17:48:35.423  2667  2992 I CameraService: onUidStateChanged: uid=5009, procState is changed. (19 -> 10)
03-26 17:48:35.423  5100  5100 D FaceWidgetPagesController: refreshViews() reason = ON_TIME_TICK, force = false
03-26 17:48:35.423  2667  2992 W IPCThreadState: Sending oneway calls to frozen process.
03-26 17:48:35.423  5100  5100 D DisplayLifecycle: updateDisplay id = 0
03-26 17:48:35.423  5100  5100 I AODTriggers: onAODEventDispatched = 4 / eventData = aod.e0@a4366f3
03-26 17:48:35.423  5100  5100 I AOD_LIVE_CLOCK@LiveClockController: updateDisplayState: DISPLAY_STATE_ON
03-26 17:48:35.423  5901  7041 E ScanManager: [GSIM LOG]: gsimLogHandler, msg: MESSAGE_SCAN_START, appName: com.samsung.android.beaconmanager, scannerId: 1, reportDelayMillis=0
03-26 17:48:35.423  5901  7041 I bt_shim_scanner: system/main/shim/le_scanning_manager.cc:260 ScanFilterEnable: in shim layer
03-26 17:48:35.424  5100  5100 I AppIconSolution: return adaptive icon for com.samsung.android.dialer, isNight = true
03-26 17:48:35.424  5100  5100 I AppIconSolution: return adaptive icon for com.samsung.android.dialer, isNight = true
03-26 17:48:35.424 10360 10374 I [SCPMV2][RegistrationVerifier]: verify
03-26 17:48:35.424 10360 10374 I [SCPMV2][RegistrationVerifier]: callers : [com.sec.app.RilErrorNotifier, com.samsung.accessibility, com.samsung.android.lool, com.samsung.android.dqagent, com.sec.facatfunction, com.sec.android.app.servicemodeapp, com.samsung.android.app.dressroom, com.samsung.android.motionphoto.app, com.sec.android.CcInfo, com.samsung.android.forest, com.sec.modem.settings, com.sec.android.app.wlantest, com.sec.android.app.RilPhoneNumberService, com.samsung.drm, com.samsung.android.knox.attestation, com.samsung.android.knox.mpos, com.sec.android.app.hwmoduletest, com.samsung.android.hdmapp, com.samsung.gpuwatchapp, com.samsung.android.camerasdkservice, com.samsung.android.biometrics.app.setting, com.samsung.android.themecenter, com.wssyncmldm, com.samsung.android.fmm, com.samsung.android.knox.zt.framework, com.samsung.android.wifi.ai, com.sec.factory.camera, com.sec.automation, com.qualcomm.qti.services.systemhelper, com.samsung.android.bixby.wakeup, com.skms.android.agent, com.sec.nrsaentitlement, com.android.dynsystem, com.sec.imslogger, com.samsung.oda.service, com.sec.android.app.quicktool, com.sec.android.app.parser, com.samsung.android.simagent, com.android.location.fused, com.samsung.ts43authservice, com.sec.android.app.desktoplauncher, com.android.providers.settings, com.sec.sve, com.samsung.android.qmdservice, com.android.keychain, com.samsung.android.svcagent, com.samsung.android.app.esimkeystring, com.samsung.android.smartface, com.sec.android.app.personalization, com.samsung.SMT, com.android.localtransport, com.samsung.android.stickercenter, com.sec.android.soagent, com.samsung.android.app.omcagent, com.sec.epdg, com.samsung.android.smartswitchassistant, com.samsung.android.aircommandmanager, com.samsung.android.provider.filterprovider, com.sec.android.diagmonagent, com.samsung.android.mdecservice, com.samsung.android.photoremasterservice, com.samsung.android.da.daagent, com.samsung.android.ese, com.samsung.android.knox.pushmanager, android, com.sec.android.app.factorykeystring, com.samsung.android.cameraxservice, com.samsung.android.providers.factory, com.sec.android.emergencylauncher, com.android.inputdevices, com.sec.android.smartfpsadjuster, com.samsung.android.bbc.bbcagent, com.android.settings, com.samsung.android.sead, com.samsung.android.globalpostprocmgr, com.samsung.android.dck.timesync, com.sec.imsservice, com.sec.bcservice, com.samsung.android.wifi.intelligence, com.sec.android.iaft, com.sem.factoryapp, com.sec.android.app.SecSetupWizard, com.samsung.android.vexfwk.service, com.samsung.android.vtcamerasettings, com.sec.usbsettings, com.samsung.android.emergency, com.sec.mhs.smarttethering, com.samsung.android.brightnessbackupservice, com.samsung.aasaservice, com.samsung.euicc, com.sec.android.sdhms, com.samsung.sait.sohservice, com.qti.snapdragon.qdcm_ff, com.sec.android.app.uwbtest, com.android.server.telecom]
03-26 17:48:35.425 10360 10374 I [SCPMV2][ScpmPermissionChecker]: permissionState for read scpm : true
03-26 17:48:35.425 10360 10374 I [SCPMV2][RegistrationDataManager]: cursor count : 1
03-26 17:48:35.425 10360 10374 I [SCPMV2][RegistrationDataManager]: register: 0x0yorj6ns
03-26 17:48:35.425 10360 10374 I [SCPMV2][ConfigurationWhenRegister]: apply
03-26 17:48:35.426  5901  7041 I bt_shim_scanner: system/main/shim/le_scanning_manager.cc:233 ScanFilterAdd: in shim layer
03-26 17:48:35.426  2233 11092 I sec_fr_PerformanceLog: [Performance Log] communicateTA (4574) us in initAuthenticate_l
03-26 17:48:35.426  2233 11092 I sec_fr_QSeeInterfaceSMCInvoke: sendSMCInvokeCommand Success
03-26 17:48:35.426  2233 11092 I sec_fr_QSeeInterfaceSMCInvoke: communicateTA Success
03-26 17:48:35.426  2233 11092 I sec_fr_QSeeEngine: checkCmdResult - return value from qsapp is 0
03-26 17:48:35.426  2233 11092 I sec_fr_FaceEngine: sendHatHmacKey
03-26 17:48:35.426  2233 11092 I sec_fr_QSeeEngine: cacheHatHMACKey
03-26 17:48:35.426  2233 11092 I sec_fr_QSeeEngine: sendHatHMACKey
03-26 17:48:35.426  2233 11092 I SessionCallback: AuthenticationFrame{data: BaseFrame{acquiredInfo: START, vendorCode: 0, pan: 0.000000, tilt: 0.000000, distance: 0.000000, isCancellable: false}}
03-26 17:48:35.426  2233 11092 I sec_fr_NativeFaceService: authenticate - success mCommandId(627)
03-26 17:48:35.426  5100 10624 I KeyguardService: onDreamingStopped
03-26 17:48:35.426  2224  2224 I sensors-hal: flush:388, android.sensor.accelerometer/11
03-26 17:48:35.426  2224  2224 I sensors-hal: send_sync_sensor_request:515, send sync request
03-26 17:48:35.426  5901  7041 I bt_shim_scanner: system/main/shim/le_scanning_manager.cc:197 ScanFilterParamSetup: in shim layer, clientIf=1
03-26 17:48:35.427  5100  5100 I AppIconSolution: return adaptive icon for com.samsung.android.dialer, isNight = true
03-26 17:48:35.427  5336  5336 D TelephonyManager: requestModemActivityInfo: Sending result to app: ModemActivityInfo{ mTimestamp=591539404 mSleepTimeMs=308858479 mIdleTimeMs=15382246 mActivityStatsTechSpecificInfo=[{mRat=UNKNOWN,mFrequencyRange=UNKNOWN,mTxTimeMs[]=[21765559, 4679334, 1916229, 1005743, 1062394],mRxTimeMs=249531356}]}
03-26 17:48:35.427  3205  3205 V WifiAwareStateManager: BroadcastReceiver: action=android.intent.action.SCREEN_ON
03-26 17:48:35.427  5901  7041 I bt_shim_scanner: system/main/shim/le_scanning_manager.cc:233 ScanFilterAdd: in shim layer
03-26 17:48:35.427  2224  2224 I sensors-hal: send_sync_sensor_request:544, wait for notification of response
03-26 17:48:35.427 10360 10374 I [SCPMV2][ScpmPermissionChecker]: hasPermission : true
03-26 17:48:35.427 10360 10374 I [SCPMV2][ConfigurationDataManager]: initialize: appId = 0x0yorj6ns
03-26 17:48:35.427  2224  8646 I sensors-hal: qsh_conn_resp_cb:972, resp_value = 0 for accel
03-26 17:48:35.427  5901  7041 I bt_shim_scanner: system/main/shim/le_scanning_manager.cc:197 ScanFilterParamSetup: in shim layer, clientIf=1
03-26 17:48:35.427  2224  2224 I sensors-hal: send_sync_sensor_request:550, takes 0 ms to receive the response with 0
03-26 17:48:35.428  3205  4847 V WifiAwareStateManager: WaitState{ when=0 what=1 arg1=120 target=com.android.wifi.x.com.android.internal.util.StateMachine$SmHandler }
03-26 17:48:35.428  2224  2224 I sensors-hal: flush:394, android.sensor.accelerometer/11 completed
03-26 17:48:35.428  3205  4847 V WifiAwareStateManager: processCommand: msg={ when=0 what=1 arg1=120 target=com.android.wifi.x.com.android.internal.util.StateMachine$SmHandler }
03-26 17:48:35.428  3205  4847 V WifiAwareStateManager: reconfigureLocal(): transactionId=1797
03-26 17:48:35.428  3205  3205 D SemContextEngineService: ACTION_SCREEN_ON
03-26 17:48:35.428  8886  8886 I VSET/ScpmHelper: onRegistered: MSG_REGISTER_SUCCESS
03-26 17:48:35.428  8886  8886 I VSET/VSETFeature: isDefaultOffCounty: GT
03-26 17:48:35.428  8886  8886 I VSET/VSETPreference: getVSETEnabled: update first lunch time false
03-26 17:48:35.428  8886  8886 I VSET/VSETFeature: isDefaultOffCounty: GT
03-26 17:48:35.428  8886  8886 I VSET/VSETPreference: getVSETEnabled: update first lunch time false
03-26 17:48:35.428  3205  4925 D SensorManager: registerListener :: 11, lsm6dsv_0 Accelerometer Non-wakeup, 200000, 0, android.view.OrientationEventListener$SensorEventListenerImpl@9dc5b5c
03-26 17:48:35.428  2224  8646 I sensors-hal: handle_sns_std_flush_event:840, dt=accel, META_DATA_FLUSH_COMPLETE, _pending_flush_requests=1, _wakeup_type=0
03-26 17:48:35.428  5901  7041 I bt_shim_scanner: system/main/shim/le_scanning_manager.cc:233 ScanFilterAdd: in shim layer
03-26 17:48:35.428  3987  4009 D SemNativeCarrierFeature_vendor: getInstance
03-26 17:48:35.428  8886  8886 I VSET/FloatingMenuStatusPreferenceLiveData: setPreferenceValue: 4
03-26 17:48:35.428  8886  8886 I VSET/ObserveCameraStateService: initViewModels: X
03-26 17:48:35.428  8886  8886 I VSET/AudioStateManagerImpl: start:
03-26 17:48:35.428  8886  8886 I VSET/AudioStateManagerImpl: isInitialized: not initialized.
03-26 17:48:35.428  8886  8886 I VSET/ObserveCameraStateService: registerBroadcastReceiver:
03-26 17:48:35.428  5748  5885 I EPDG -- SIM0 IwlanNetworkService: requestNetworkRegistrationInfo for domain 2
03-26 17:48:35.429  5100 10624 D BiometricStatusRepositoryImpl: authenticationState updated: Acquired(biometricSourceType=FACE, requestReason=DeviceEntryAuthentication, acquiredInfo=20)
03-26 17:48:35.429  2256 11076 I CHI     : [SS_LOW ]: [CHI         ]: chxsecperf.cpp: AcquirePerfLock: 1308: 69] BOOST_PREVIEW_0 (2000) Rel
03-26 17:48:35.429  3205  4623 D SEP_UNION_SemDeviceInfoManagerService: onReceive : android.intent.action.SCREEN_ON, userId = 0
03-26 17:48:35.429  3205  4623 D SEP_UNION_SemDeviceInfoManagerService: Send intent android.intent.action.SCREEN_ON, userId: 0 by broadcast
03-26 17:48:35.429  5748  6233 I EPDG -- SIM0 IwlanNetworkService: Calling onRequestNetworkRegistrationInfoComplete.resultCode = 0, netState = NetworkRegistrationInfo{ domain=PS transportType=WLAN registrationState=UNKNOWN networkRegistrationState=UNKNOWN roamingType=NOT_ROAMING accessNetworkTechnology=IWLAN rejectCause=0 emergencyEnabled=false availableServices=[] cellIdentity=null voiceSpecificInfo=null dataSpecificInfo=null nrState=**** rRplmn= isUsingCarrierAggregation=false isNonTerrestrialNetwork=TERRESTRIAL}
03-26 17:48:35.429  5901  7041 I bt_shim_scanner: system/main/shim/le_scanning_manager.cc:197 ScanFilterParamSetup: in shim layer, clientIf=1
03-26 17:48:35.429  5336  6058 D Am      : Broadcast completed: result=0
03-26 17:48:35.430  5901  7041 I bt_shim_scanner: system/main/shim/le_scanning_manager.cc:233 ScanFilterAdd: in shim layer
03-26 17:48:35.430  3987  4009 D SemNativeCarrierFeature_vendor: getInstance
03-26 17:48:35.430  5901  7041 I bt_shim_scanner: system/main/shim/le_scanning_manager.cc:197 ScanFilterParamSetup: in shim layer, clientIf=1
03-26 17:48:35.430  8886  8886 I VSET/ObserveCameraStateService: onCreate : unihal 4.0
03-26 17:48:35.430  8886  8886 I VSET/ObserveCameraStateService: onStartCommand: 1
03-26 17:48:35.430  3205  4623 D SEP_UNION_SemDeviceInfoManagerService: onReceive : android.intent.action.DREAMING_STOPPED, userId = 0
03-26 17:48:35.430  5100 10624 D BiometricStatusRepositoryImpl: authenticationState updated: Help(biometricSourceType=FACE, helpString=, helpCode=20, requestReason=DeviceEntryAuthentication)
03-26 17:48:35.431  5901  7041 I bt_shim_scanner: system/main/shim/le_scanning_manager.cc:233 ScanFilterAdd: in shim layer
03-26 17:48:35.431  5901  7041 I bt_shim_scanner: system/main/shim/le_scanning_manager.cc:197 ScanFilterParamSetup: in shim layer, clientIf=1
03-26 17:48:35.431  3987  4009 D SemNativeCarrierFeature_vendor: getInstance
03-26 17:48:35.431 19218 19218 I [CE]_ContextEngineReceiver: onReceive - ContextEngineReceiver onReceive action : com.samsung.android.ce.SCREEN_ON
03-26 17:48:35.431  8886  8886 I VSET/RemoteCameraStatusPreferenceLiveData: updatePreferenceValue: !!!
03-26 17:48:35.431  8886  8886 I VSET/ObserveCameraStateService: getRemoteCameraStatusPreferenceLiveData: null
03-26 17:48:35.431  8886  8886 W VSET/ObserveCameraStateService: getRemoteCameraStatusPreferenceLiveData: maybe not ready.
03-26 17:48:35.431  8886  8886 I VSET/RemoteCameraStatusPreferenceLiveData: setPreferenceValue: null
03-26 17:48:35.431  5100  5138 D SemBioFaceManager: help =
03-26 17:48:35.431  5552 10488 I HoneySpace.EdgePanel.ScreenStateBrReceiver: android.intent.action.SCREEN_ON
03-26 17:48:35.432  5100  5100 D KeyguardUpdateMonitor: isUserUnlocked userId:0, unlocked:true
03-26 17:48:35.432  5552  5552 I HoneySpace.EdgePanel.ScreenStateObserver: sendScreenStateChanged android.intent.action.SCREEN_ON null
03-26 17:48:35.432  5552  5552 I HoneySpace.EdgePanel.ScreenStateObserver: screenTurnedOn : true true 1774529314095
03-26 17:48:35.432  5100  6102 I SemBioFaceManager: handleMessage = 101, 20, 0
03-26 17:48:35.432  5552  5552 I HoneySpace.EdgePanel.EdgeVisibilityRepository: updateKeyguardState: 0x0 true 0 true
03-26 17:48:35.432  5552  5552 I HoneySpace.EdgePanel.EdgeVisibilityRepository: updateState: 0x200000
03-26 17:48:35.432  5100  5100 D KeyguardSecAffordanceView: sendBlockingTouchAreaToWallpaper rect: Rect(0, 0 - 0, 0), nowBarVisible: true, LeftShortcut
03-26 17:48:35.432  5100  5100 D KeyguardUpdateMonitor: isUserUnlocked userId:0, unlocked:true
03-26 17:48:35.432  5100  5100 D KeyguardUpdateMonitor: isUserUnlocked userId:0, unlocked:true
03-26 17:48:35.432  5100  5100 D KeyguardSecAffordanceView: sendBlockingTouchAreaToWallpaper rect: Rect(0, 0 - 0, 0), nowBarVisible: true, RightShortcut
03-26 17:48:35.432  5100  5100 D KeyguardSecBottomAreaView: mIndicationArea margin start : 73, end : 73, bottom : 286
03-26 17:48:35.432  5100  5100 D KeyguardFace: onAuthenticationAcquired(), acquireInfo=20
03-26 17:48:35.432  5100  5100 D KeyguardFace: handleFaceAuth faceMsg index = 1 / type = 1
03-26 17:48:35.432  5100  5100 D KeyguardFace: onAuthenticationHelp(), helpCode=20, helpString=
03-26 17:48:35.432  5552  5552 I HoneySpace.EdgePanel.EdgeVisibilityRepository: updateStateAction: 0x100000 false false
03-26 17:48:35.432  5552  5552 I HoneySpace.EdgePanel.EdgeVisibilityRepository: updateState: 0x200000
03-26 17:48:35.432  5552  5552 I HoneySpace.EdgePanel.EdgeVisibilityRepository: updateKeyguardState: 0x2 true 0 false
03-26 17:48:35.432  5100  5100 W KeyguardFace: handleFaceAuth dispatchCount = 2 / elapsed time: 0ms
03-26 17:48:35.432  5552  5552 I HoneySpace.EdgePanel.EdgeVisibilityRepository: updateState: 0x200002
03-26 17:48:35.432  5100  5100 W KeyguardFace: handleFaceAuth dispatchCount = 0 / elapsed time: 0ms
03-26 17:48:35.432  5100  5100 I KeyguardTransitionRepository: STARTED transition: TransitionStep(from=DOZING, to=LOCKSCREEN, value=0.0, transitionState=STARTED, ownerName=FromDozingTransitionInteractor)
03-26 17:48:35.432  5552  5552 I HoneySpace.EdgePanel.EdgeVisibilityRepository: updateTrayVisible: State = 0x200002, visible = false, current containerState = 4, specificMode = 0
03-26 17:48:35.432  5552  5552 I HoneySpace.EdgePanel.DumpHelper: Tray State
03-26 17:48:35.432  5552  5552 I HoneySpace.EdgePanel.EdgeVisibilityRepository: Same container state 4
03-26 17:48:35.432  3205  4623 D SEP_UNION_SemDeviceInfoManagerService: Send intent android.intent.action.DREAMING_STOPPED, userId: 0 by broadcast
03-26 17:48:35.432  5901  7041 I bt_shim_scanner: system/main/shim/le_scanning_manager.cc:233 ScanFilterAdd: in shim layer
03-26 17:48:35.433  8886  8886 I VSET/RemoteCameraStatusPreferenceLiveData: onActive start observer
03-26 17:48:35.433  8886  8886 I VSET/ObserveCameraStateService: getEffectActivateStatusLivedata: false
03-26 17:48:35.433  8886  8886 I VSET/VSETFeature: isDefaultOffCounty: GT
03-26 17:48:35.433  8886  8886 I VSET/VSETPreference: getVSETEnabled: update first lunch time false
03-26 17:48:35.433  5901  7041 I bt_shim_scanner: system/main/shim/le_scanning_manager.cc:197 ScanFilterParamSetup: in shim layer, clientIf=1
03-26 17:48:35.433  8886  8886 E VSET/CameraStateManagerImpl: isCameraFacingFront : failed to get camera characteristics Attempt to invoke virtual method 'java.lang.Object android.hardware.camera2.CameraCharacteristics.get(android.hardware.camera2.CameraCharacteristics$Key)' on a null object reference
03-26 17:48:35.433  8886  8886 I VSET/CameraStateManagerImpl: isCameraFacingFront: facing : true, large cover : false
03-26 17:48:35.433  8886  8886 I VSET/VSETFeature: isDefaultOffCounty: GT
03-26 17:48:35.433  8886  8886 I VSET/VSETPreference: getVSETEnabled: update first lunch time false
03-26 17:48:35.433  8886  8886 I VSET/CameraProxyWorker: applyOptimizedFpsRange: true
03-26 17:48:35.433  8886  8886 I VSET/CameraProxyWorker: applyCommands: E
03-26 17:48:35.433  5901  7041 I bt_shim_scanner: system/main/shim/le_scanning_manager.cc:233 ScanFilterAdd: in shim layer
03-26 17:48:35.433  5901  7041 I bt_shim_scanner: system/main/shim/le_scanning_manager.cc:197 ScanFilterParamSetup: in shim layer, clientIf=1
03-26 17:48:35.433  5901  7041 I bt_shim_scanner: system/main/shim/le_scanning_manager.cc:233 ScanFilterAdd: in shim layer
03-26 17:48:35.433  2667 17874 E CameraService: applyExtraRequestsToRequestInjector
03-26 17:48:35.433  2667 17874 W CameraService: applyExtraRequestsToRequestInjector: No vendor tag descriptor at this point. Strict type checking will be available in Injector.
03-26 17:48:35.433  2667 17874 D CameraService: applyExtraRequestsToRequestInjector: tag(android.control.aeTargetFpsRange) found
03-26 17:48:35.433  2667 17874 D CameraService: applyExtraRequestsToRequestInjector: i32 type data found count(2) = [ 15 30 ]
03-26 17:48:35.433  2667 17874 I CameraService: applyExtraRequestsToRequestInjector: # of changed request = 1
03-26 17:48:35.433  2667 17874 I CameraService: applyExtraRequestsToRequestInjector: Skip Request Injector ExtraRequests to existing client(client.pid<2233>)
03-26 17:48:35.433  2667 17874 D CameraService: applyExtraRequestsToRequestInjector: Apply Request Injector ExtraRequests done. Save it.
03-26 17:48:35.433  5901  7041 I bt_shim_scanner: system/main/shim/le_scanning_manager.cc:197 ScanFilterParamSetup: in shim layer, clientIf=1
03-26 17:48:35.433  5901  7041 I bt_shim_scanner: system/main/shim/le_scanning_manager.cc:233 ScanFilterAdd: in shim layer
03-26 17:48:35.433  5336  5336 D SatelliteController: Satellite for carrier is not supported.
03-26 17:48:35.434  5336  5336 D SatelliteController: Satellite for carrier is not supported.
03-26 17:48:35.434  5336  5336 D SatelliteController: registerForSatelliteModemStateChanged: add Listeners for ModemState
03-26 17:48:35.434  5336  5336 E SatelliteController: registerForSatelliteModemStateChanged: mSatelliteSessionController is not initialized yet
03-26 17:48:35.434  5901  7041 I bt_shim_scanner: system/main/shim/le_scanning_manager.cc:197 ScanFilterParamSetup: in shim layer, clientIf=1
03-26 17:48:35.434  5901  7041 I bt_shim_scanner: system/main/shim/le_scanning_manager.cc:233 ScanFilterAdd: in shim layer
03-26 17:48:35.435  5100  5100 I AppIconSolution: return adaptive icon for com.samsung.android.dialer, isNight = true
03-26 17:48:35.435  5552 10488 I HoneySpace.EdgePanel.ScreenStateBrReceiver: android.intent.action.DREAMING_STOPPED
03-26 17:48:35.435  5100  5100 I AppIconSolution: return adaptive icon for com.samsung.android.dialer, isNight = true
03-26 17:48:35.435  5552  5552 I HoneySpace.EdgePanel.ScreenStateObserver: sendScreenStateChanged android.intent.action.DREAMING_STOPPED android.intent.action.SCREEN_ON
03-26 17:48:35.435  5901  7041 I bt_shim_scanner: system/main/shim/le_scanning_manager.cc:197 ScanFilterParamSetup: in shim layer, clientIf=1
03-26 17:48:35.435  5901  7041 I bt_shim_scanner: system/main/shim/le_scanning_manager.cc:233 ScanFilterAdd: in shim layer
03-26 17:48:35.435  5901  7041 I bt_shim_scanner: system/main/shim/le_scanning_manager.cc:197 ScanFilterParamSetup: in shim layer, clientIf=1
03-26 17:48:35.435  5100  5100 I AppIconSolution: return adaptive icon for com.samsung.android.dialer, isNight = true
03-26 17:48:35.435  5901  7041 I bt_shim_scanner: system/main/shim/le_scanning_manager.cc:233 ScanFilterAdd: in shim layer
03-26 17:48:35.436  5901  7041 I bt_shim_scanner: system/main/shim/le_scanning_manager.cc:197 ScanFilterParamSetup: in shim layer, clientIf=1
03-26 17:48:35.436  5901  7041 I bt_shim_scanner: system/main/shim/le_scanning_manager.cc:233 ScanFilterAdd: in shim layer
03-26 17:48:35.436  5901  7041 I bt_shim_scanner: system/main/shim/le_scanning_manager.cc:197 ScanFilterParamSetup: in shim layer, clientIf=1
03-26 17:48:35.436  5901  7041 I bt_shim_scanner: system/main/shim/le_scanning_manager.cc:233 ScanFilterAdd: in shim layer
03-26 17:48:35.436  5901  7041 I bt_shim_scanner: system/main/shim/le_scanning_manager.cc:197 ScanFilterParamSetup: in shim layer, clientIf=1
03-26 17:48:35.436  5336  5336 D SatelliteController: registerForSatelliteModemStateChanged: add Listeners for ModemState
03-26 17:48:35.436  5901  7041 I bt_shim_scanner: system/main/shim/le_scanning_manager.cc:233 ScanFilterAdd: in shim layer
03-26 17:48:35.436  5336  5336 E SatelliteController: registerForSatelliteModemStateChanged: mSatelliteSessionController is not initialized yet
03-26 17:48:35.436  5901  6194 E bluetooth: system/gd/hci/le_scanning_manager.cc:998 scan_filter_add: Add passive filterScan. filter_index=25, uuid=0000fd59-0000-1000-8000-00805f9b34fb
03-26 17:48:35.436  5901  7041 I bt_shim_scanner: system/main/shim/le_scanning_manager.cc:197 ScanFilterParamSetup: in shim layer, clientIf=1
03-26 17:48:35.436  5901  7041 I bt_shim_scanner: system/main/shim/le_scanning_manager.cc:151 Scan: in shim layer started
03-26 17:48:35.436  5901  6194 I bluetooth: system/gd/hci/le_scanning_manager.cc:765 stop_scan: Scanning already stopped, return!
03-26 17:48:35.436  5901  6194 W bluetooth: system/gd/hci/le_scanning_manager.cc:732 start_scan: start_scan
03-26 17:48:35.436  5901  6194 W bluetooth: system/gd/hci/le_scanning_manager.cc:735 start_scan: Register address manager
03-26 17:48:35.436  5901  6194 I bluetooth: system/gd/hci/le_address_manager.cc:581 GetNextPrivateAddressIntervalRange: client=LeAddressManager, nonwake=8m1s, wake=13m0s
03-26 17:48:35.436  5901  6194 I bluetooth: system/gd/hci/le_address_manager.cc:259 register_client: Scheduled address rotation for first client registered
03-26 17:48:35.436  5901  6194 I bluetooth: system/gd/hci/le_address_manager.cc:263 register_client: Client registered
03-26 17:48:35.436  5901  7041 I bt_shim_scanner: system/main/shim/le_scanning_manager.cc:151 Scan: in shim layer stopped
03-26 17:48:35.436  5901  7041 W ScanManager: There is no scan radio to stop
03-26 17:48:35.436  5901  7041 I bt_shim_scanner: system/main/shim/le_scanning_manager.cc:335 SetScanParameters: in shim layer, scannerId1m=1, scannerIdCoded=0
03-26 17:48:35.436  5901  6194 W bluetooth: system/gd/hci/le_scanning_manager.cc:716 scan: address_manager_registered_
03-26 17:48:35.436  5901  6194 W bluetooth: system/gd/hci/le_scanning_manager.cc:768 stop_scan: stop_scan
03-26 17:48:35.436  5901  7041 W bt_shim_scanner: system/main/shim/le_scanning_manager.cc:365 SetScanParameters: Set scan params scan_int_1m : 3120, scan_win_1m : 55, Duty : 1.76% | scan_int_coded : 0, scan_win_coded : 0, Duty : nan%
03-26 17:48:35.436  5901  6194 I bluetooth: system/gd/hci/le_address_manager.cc:278 unregister_client: Client unregistered
03-26 17:48:35.436  5901  7041 I bt_shim_scanner: system/main/shim/le_scanning_manager.cc:151 Scan: in shim layer started
03-26 17:48:35.436  5901  6194 I bluetooth: system/gd/hci/le_address_manager.cc:293 unregister_client: Cancelled address rotation alarm
03-26 17:48:35.436  5901  6194 I bluetooth: system/gd/hci/le_scanning_manager.cc:765 stop_scan: Scanning already stopped, return!
03-26 17:48:35.436  5901  6194 W bluetooth: system/gd/hci/le_scanning_manager.cc:732 start_scan: start_scan
03-26 17:48:35.436  5901  6194 W bluetooth: system/gd/hci/le_scanning_manager.cc:735 start_scan: Register address manager
03-26 17:48:35.436  5901  6194 I bluetooth: system/gd/hci/le_address_manager.cc:581 GetNextPrivateAddressIntervalRange: client=LeAddressManager, nonwake=8m54s, wake=13m53s
03-26 17:48:35.436  5901  6194 I bluetooth: system/gd/hci/le_address_manager.cc:259 register_client: Scheduled address rotation for first client registered
03-26 17:48:35.436  5901  6194 I bluetooth: system/gd/hci/le_address_manager.cc:263 register_client: Client registered
03-26 17:48:35.437  2295  2295 I SurfaceFlinger: finalizeDisplayModeChange 4630947191136750483
03-26 17:48:35.438  5336  5336 D ServiceStateProvider: subId=1
03-26 17:48:35.438  3205  3205 D AODManagerService: requestReCalToTSP IsSingleTouchMode = falserequestedReCalToTSP = false / previousDisplayState = ON
03-26 17:48:35.439  3205  6415 D LiftUpHandler: [LTW] Stopped already.
03-26 17:48:35.439  2280  9965 D AudioFlinger: setParameters: filtered dev setParameters keyvalue screen_state=on
03-26 17:48:35.439  2232 24969 I PAL: API: pal_set_param: 1377: Enter: param id 8
03-26 17:48:35.439  2232 24969 I PAL: ResourceManager: setParameter: 11407: Screen State:1
03-26 17:48:35.439  2249  2249 I SDM     : HWPeripheralDRM::SetPanelBrightness: Setting brightness to level 918 through sysfs node. primary(1), type_id(1)
03-26 17:48:35.439  2232  2243 D AHAL_Module: updateScreenState: usb: 1
03-26 17:48:35.439  2232 24969 D AHAL_Module: updateScreenState: r_submix: 1
03-26 17:48:35.439  2232 24969 D AHAL_Module: updateScreenState: bluetooth: 1
03-26 17:48:35.439  2278  2278 I SSC_DAEMON: handleSensorTestReqMsg:88, Sensor type :4, Msg type:11
03-26 17:48:35.439  5100  5100 I SecKeyguardClockPositionAlgorithm: prepareClockContainerHeightChanging:
03-26 17:48:35.439  5100  5100 I PluginFaceWidgetManager: isEditMode = false
03-26 17:48:35.439  5100  5100 I NowBarItemManager: getVisibleList isScreenTurnedOn = true / aodShowState false shouldControlScreenOff false visibleList size = 1
03-26 17:48:35.439  5100  5100 I NowBarItemManager: visibleList idx=0, , AI_BRIEF_KEY, AI_BRIEF | 7
03-26 17:48:35.439  3205  4893 D AS.DesktopModeHelper: onDisplayChanged: #Id=0
03-26 17:48:35.439  5100  5100 I SecKeyguardClockPositionAlgorithm: prepareClockContainerHeightChanging:
03-26 17:48:35.439  5100  5100 I PluginFaceWidgetManager: isEditMode = false
03-26 17:48:35.439  5100  5100 I NowBarItemManager: getVisibleList isScreenTurnedOn = true / aodShowState false shouldControlScreenOff false visibleList size = 1
03-26 17:48:35.439  5100  5100 I NowBarItemManager: visibleList idx=0, , AI_BRIEF_KEY, AI_BRIEF | 7
03-26 17:48:35.440  3205  3381 I ImeTracker: system_server:43f2dd5f: onRequestShow at ORIGIN_SERVER reason CONTROLS_CHANGED fromUser false
03-26 17:48:35.440  2278  4099 I SSC_DAEMON: light_event_log:170, light_msg(4/11): br 91 (lux 29,idx 0) - 0,0,13
03-26 17:48:35.440  9142  9142 I HBD     : DeX h DeX mode state change in non-main thread
03-26 17:48:35.440  9142  9142 I HBD     : DeX h DeX mode state change: 3
03-26 17:48:35.440  9142  9142 I SPenContext: virtual void SPen::Context::SetDisplayRefreshRate(float) framerate=120
03-26 17:48:35.440  9142  9142 I LatencyConfiguration: void SPen::LatencyConfiguration::UpdateRefreshRate(float) RefreshRate=120.000008
03-26 17:48:35.440  9142  9142 I LatencyConfiguration: void SPen::LatencyConfiguration::UpdateRefreshRate(float) RefreshRateCallback 0xb400007872ebe550
03-26 17:48:35.440  9142  9142 I PredictorBase: virtual void SPen::PredictorBase::SetRefreshRate(float) Refresh rate: 120.000
03-26 17:48:35.440  9142  9142 I spe_log : virtual void SPen::FbrDrawPad::SetRefreshRate(float) = 120.000
03-26 17:48:35.440  9142  9142 I spe_log : virtual void SPen::FbrDrawPad::SetRefreshRate(float) mFrameDurationNano=8333333, mDisplayRefreshDurationNano: 8333333
03-26 17:48:35.440  9142  9142 I spe_log : virtual void SPen::LowLatencyStrokeView::SetRefreshRate(float) refresh rate=120.000
03-26 17:48:35.441  5336  5336 D SatelliteController: isInCarrierRoamingNbIotNtn: satellite is disabled
03-26 17:48:35.441 30644 30644 I ImeTracker: system_server:43f2dd5f: onCancelled at PHASE_CLIENT_ON_CONTROLS_CHANGED
03-26 17:48:35.441  5552 15243 I HoneySpace.RefreshRateSource: singleFrameMs 8
03-26 17:48:35.441  5552 28469 I HoneySpace.Memory-Monitor: current state = 2, didTrim = false
03-26 17:48:35.441  5100  5203 D StackScroller: onDisplayChanged for predraw skip to 2
03-26 17:48:35.442  5100  5234 D SurfaceComposerClient: [SEC_SF_EFFECTS] setBlurRegions NotificationShade$_5100#83819 ## {radius=110, cornerRadii=[50.989, 50.989, 50.989, 50.989], alpha=1.000, rect=[366, 733, 712, 884], clipRect=[0, 0, 2147483647, 2147483647], colorCurve=[0.000000, 9.800000, 255.000000, 70.000000], curveBias=-15.000000, saturation=0.100000, vibrance=[0.000000, (0.000000, 1.000000)], pathData size=0, BlurTint=[(0.000000 0.000000 0.000000) 0.000000, DISABLED]
03-26 17:48:35.442  5100  5234 D SurfaceComposerClient: [SEC_SF_EFFECTS] setBlurRegions NotificationShade$_5100#83819 ## {radius=300, cornerRadii=[235.828, 235.828, 235.828, 235.828], alpha=1.000, rect=[229, 2099, 850, 2258], clipRect=[0, 0, 2147483647, 2147483647], colorCurve=[0.000000, 13.300000, 255.000000, 235.100006], curveBias=-5.000000, saturation=0.350000, vibrance=[0.000000, (0.000000, 1.000000)], pathData size=0, BlurTint=[(0.000000 0.000000 0.000000) 0.000000, DISABLED]
03-26 17:48:35.443 10859 10882 D UiDevice: Waiting 5000ms for SearchCondition[hasObject=BySelector [PKG='\Qcom.sec.android.app.launcher\E']].
03-26 17:48:35.443 10859 10882 D UiDevice: Searching for node with selector: BySelector [PKG='\Qcom.sec.android.app.launcher\E'].
03-26 17:48:35.444  5100  5100 D SecLifecycle: wakefulness=2
03-26 17:48:35.444  5336  5336 D SatelliteController: registerForSatelliteModemStateChanged: add Listeners for ModemState
03-26 17:48:35.444  5336  5336 E SatelliteController: registerForSatelliteModemStateChanged: mSatelliteSessionController is not initialized yet
03-26 17:48:35.444  5100  5100 D FaceWidgetViewModel: onFinishedWakingUp()
03-26 17:48:35.444  5100  5100 D FaceWidgetViewModel: updateInfoParameters(waking up) isAODState = false, clockSidePadding = (0, 0), musicSidePadding = (30, 30)
03-26 17:48:35.444  5100  5100 D FaceWidgetWakefulnessLifecycle: onFinishedWakingUp
03-26 17:48:35.444  5552  5616 I HoneySpace.TaskbarEventTracker: invokeEvent() called with: event = SystemUiStateChanged(stateFlags=1344274886)
03-26 17:48:35.444  5552 24554 I HoneySpace.SystemUiRepository: systemUiFlags: overview_disabled|home_disabled|navbar_hidden|notif_expanded|keygrd_visible|device_dozing|awake|notif_visible
03-26 17:48:35.445  5100  5100 I NowBarCardViewModel: NowBarPackageNameForSALogging topCard = com.android.systemui.aibrief
03-26 17:48:35.445  5100  5100 D FaceWidgetViewModel: shouldContainerVisible() reason = (onFinishedWakingUp) true
03-26 17:48:35.445  5100  5100 D LockscreenNotificationIconsOnlyController: mWakefulnessObserver onFinishedWakingUp
03-26 17:48:35.445  5100  5100 D DozeServiceHost: stopDozing
03-26 17:48:35.445  5100  5100 D DozeServiceHost: updateDozing dozing = false / dozingRequested = false / state = KEYGUARD mode = 0
03-26 17:48:35.445  5100  5100 D AODOverlayContainer: setVisibility 8
03-26 17:48:35.445  5100  5100 I AODUiController: setIsDozing dozing:false
03-26 17:48:35.445  5100  5100 I AODAlarmTimer_AOD_CHARGING_INFO_TICK: cancelAlarm:
03-26 17:48:35.445  5100  5100 D AODChargingModel: unregisterChargingLightSensor()
03-26 17:48:35.445  2224  2224 I sensors-hal: set_config:64, no need to adjust sample_period_ns due to reporting_mode = 2
03-26 17:48:35.445  2224  2224 I sensors-hal: batch:368, android.sensor.light/51, period=200000000, max_latency=0 request completed
03-26 17:48:35.445  5100  5100 D SensorManager: unregisterListener
03-26 17:48:35.445  5100  5100 D FaceWidgetViewModel: setDozing false
03-26 17:48:35.445  5100  5100 D FaceWidgetMusicPageShownManager: mCurrentMediaData is NULL
03-26 17:48:35.445  5100  5100 D FaceWidgetMusicPageShownManager: updateMusicPageShownState() show = false, reattach = false, reason = doze
03-26 17:48:35.445  5100  5100 D FaceWidgetMusicPageShownManager: skip to show media panel
03-26 17:48:35.446  2295  4720 I VSyncReactor: Current= 60, Period= 120, hwcPeriod= 120
03-26 17:48:35.446  2256 11076 E CHIFD   : [ERROR][FD     ] camxchinodefd.cpp:1867 FillInputBufferRequirments() Node[SecurePreview_com.qti.node.fd8_cam5] ImageRequirements index 0 width 640 height 480 Y stride 640 scanline 480 UV stride 640 scanline 240
03-26 17:48:35.446  2256 11076 E CHIFD   : [ERROR][FD     ] camxchinodefd.cpp:1867 FillInputBufferRequirments() Node[SecurePreview_com.qti.node.fd8_cam5] ImageRequirements index 1 width 640 height 360 Y stride 640 scanline 480 UV stride 640 scanline 240
03-26 17:48:35.446  2256 11076 E CHIFD   : [ERROR][FD     ] camxchinodefd.cpp:1867 FillInputBufferRequirments() Node[SecurePreview_com.qti.node.fd8_cam5] ImageRequirements index 2 width 1280 height 960 Y stride 1280 scanline 960 UV stride 1280 scanline 480
03-26 17:48:35.446  2256 11076 E CHIFD   : [ERROR][FD     ] camxchinodefd.cpp:1966 FillInputBufferRequirments() Dimensions :Base[640x480], Preview [0x0], Request [640x480] bufferModeChoosed 0
03-26 17:48:35.446  2256 11076 E CHIFD   : [ERROR][FD     ] camxchinodefd.cpp:1988 FillInputBufferRequirments() PortId 0, Min[640x480], Max[640x480], Optimal[640x480]
03-26 17:48:35.446  2256 11076 E CamX    : [ERROR][CHI    ] camxchicontext.cpp:5621 SetPipelineDescriptorOptions() [FmtNego] SecurePreview: Node 65538_0 Output Port::[8] Can't convert buffer format 4
03-26 17:48:35.446  5100  5100 D FaceWidgetMusicPage: getNowBarMusicHeight ratio = 0.6775 height = 2340 ret = 1585.35
03-26 17:48:35.446  5100  5100 I NotificationIconsOnlyContainer: updateIsWhiteWallpaper() : mIsWhiteWallpaper=0
03-26 17:48:35.446  5100  5100 I ViewPositionControllerManager: unregisterListener: NIO
03-26 17:48:35.446  5100  5100 I ViewPositionControllerManager: removePositionController: component=NIO, policy=PortNIO, count=2
03-26 17:48:35.446  5100  5100 I ComplicationWidgetPluginController:  setDozing false 1.0
03-26 17:48:35.447  5100  5100 E AbsSettings: refreshInner: refreshedSettingsDBItem key enabled_complication_widgets_id_list val = com.sec.android.app.shealth/com.samsung.android.app.shealth.tracker.dailyactivity.widget.DaWidgetReceiver;7;2;1;null~null,null~null
03-26 17:48:35.447  5100  5100 I ComplicationManager: isComplicationVisible : true (dozing=false isFolderOpened=false isLand=false  isAODThemeImageOnly=false)
03-26 17:48:35.447  5100  5100 I KeyguardDozeTransitionManager: setDozing: false
03-26 17:48:35.447  5100  5100 I AODThemeSettingsHelper: getAODSelectedThemeClock = 0
03-26 17:48:35.447  5100  5100 I ViewPositionControllerManager: unregisterListener: NowBar
03-26 17:48:35.447  5100  5100 I ViewPositionControllerManager: removePositionController: component=NowBar, policy=PortBottom, count=2
03-26 17:48:35.447  5100  5100 I NowBarColorModel#159585104: notifyColorChanged isWhiteWallpaper false darkAmount 1.0  darkMode false nowBarMode LOCKSCREEN dozing false
03-26 17:48:35.447  5100  5100 W Settings: Setting accessibility_reduce_transparency has moved from android.provider.Settings.System to android.provider.Settings.Global, returning read-only value.
03-26 17:48:35.447  5100  5100 D WallpaperManager: semGetWallpaperColors: which = 2
03-26 17:48:35.447  5100  5100 D SemWallpaperColorsArea: SemWallpaperColorsArea [1080, 2340] which: 6 rotation: 0 has Base: false
03-26 17:48:35.447  5100  5100 D SemWallpaperColorsArea: SemWallpaperColorsArea which = 6, mDensity : 2.8125, 1080x2340,384x832,30,48, 6
03-26 17:48:35.447  5100  5100 I SemWallpaperColorsArea: Final area : Rect(67, 16 - 1012, 84)
03-26 17:48:35.447  5100  5100 I SemWallpaperColorsArea: Final area : Rect(112, 466 - 967, 756)
03-26 17:48:35.447  5100  5100 I SemWallpaperColorsArea: Final area : Rect(112, 1274 - 967, 1330)
03-26 17:48:35.447  5100  5100 I SemWallpaperColorsArea: Final area : Rect(112, 1358 - 967, 1828)
03-26 17:48:35.447  5100  5100 I SemWallpaperColorsArea: Final area : Rect(112, 2092 - 967, 2255)
03-26 17:48:35.447  5100  5100 I SemWallpaperColorsArea: Final area : Rect(0, 0 - 1080, 2340)
03-26 17:48:35.447  5100  5100 D View    : semSetBlurInfo, blurInfo : android.view.SemBlurInfo@c7fab7d {BLUR_MODE_WINDOW, mBlurRadius = 300, mBackgroundBlurColor = -1509949440, mCornerRadiusTL = 241.875, mCornerRadiusTR = 241.875, mCornerRadiusBL = 241.875, mCornerRadiusBR = 241.875, mClipRectLeft = 0, mClipRectTop = 0, mClipRectRight = 2147483647, mClipRectBottom = 2147483647, mColorCurve = android.view.SemBlurInfo$ColorCurve@84a4a72 {minX = 0.0, minY = 13.3, maxX = 255.0, maxY = 235.1, curveBias = -5.0, saturation = 0.35}}, androidx.cardview.widget.CardView{1a7c989 V.E...... ......ID 0,0-635,163 #7f0a22d4 app:id/nowbar_cardview_background}
03-26 17:48:35.447  5100  5100 I ViewPositionControllerManager: unregisterListener: Battery
03-26 17:48:35.447  5100  5100 I ViewPositionControllerManager: removePositionController: component=Battery, policy=PortBattery, count=1
03-26 17:48:35.447  5100  5100 I ViewPositionControllerManager: removePositionController: component=NIO, policy=PortNIO, count=1
03-26 17:48:35.447  5100  5100 D MediaExpandStateObserver: onChanged MediaExpandStateModel(type=NONE, clockY=0.0, clockValidMaxScale=1.0, hasAnimation=true, isDozing=false, darkAmount=1.0, isMediaOutput=false)
03-26 17:48:35.447  5100  5100 D MediaExpandStateObserver: animateClipContainer NONE NONE
03-26 17:48:35.447  5100  5100 I ComplicationWidgetPluginController:  animateContents true
03-26 17:48:35.447  5100  5100 D KeyguardSecAffordanceView: reset LeftShortcut
03-26 17:48:35.447  5100  5100 D KeyguardSecAffordanceView: reset RightShortcut
03-26 17:48:35.447  5100  5100 D KeyguardTouchAnimator: reset unlockExecuted=false
